Copyright 1986-2015 Xilinx, Inc. All Rights Reserved.
---------------------------------------------------------------------------------------------------------------------
| Tool Version : Vivado v.2015.1 (lin64) Build 1215546 Mon Apr 27 19:07:21 MDT 2015
| Date         : Sun Jun  7 20:07:39 2015
| Host         : XPS running 64-bit Ubuntu 14.04.2 LTS
| Command      : report_utilization -file TAIGA_wrapper_utilization_synth.rpt -pb TAIGA_wrapper_utilization_synth.pb
| Design       : TAIGA_wrapper
| Device       : xc7z010
| Design State : Synthesized
---------------------------------------------------------------------------------------------------------------------

Utilization Design Information

Table of Contents
-----------------
1. Slice Logic
1.1 Summary of Registers by Type
2. Memory
3. DSP
4. IO and GT Specific
5. Clocking
6. Specific Feature
7. Primitives
8. Black Boxes
9. Instantiated Netlists

1. Slice Logic
--------------

+----------------------------+-------+-------+-----------+-------+
|          Site Type         |  Used | Fixed | Available | Util% |
+----------------------------+-------+-------+-----------+-------+
| Slice LUTs*                | 10563 |     0 |     17600 | 60.02 |
|   LUT as Logic             |  9831 |     0 |     17600 | 55.86 |
|   LUT as Memory            |   732 |     0 |      6000 | 12.20 |
|     LUT as Distributed RAM |   436 |     0 |           |       |
|     LUT as Shift Register  |   296 |     0 |           |       |
| Slice Registers            | 17375 |     3 |     35200 | 49.36 |
|   Register as Flip Flop    | 17373 |     3 |     35200 | 49.36 |
|   Register as Latch        |     0 |     0 |     35200 |  0.00 |
|   Register as AND/OR       |     2 |     0 |     35200 | <0.01 |
| F7 Muxes                   |   243 |     0 |      8800 |  2.76 |
| F8 Muxes                   |     0 |     0 |      4400 |  0.00 |
+----------------------------+-------+-------+-----------+-------+
* Warning! The Final LUT count, after physical optimizations and full implementation, is typically lower. Run opt_design after synthesis, if not already completed, for a more realistic count.


1.1 Summary of Registers by Type
--------------------------------

+-------+--------------+-------------+--------------+
| Total | Clock Enable | Synchronous | Asynchronous |
+-------+--------------+-------------+--------------+
| 2     |            _ |           - |            - |
| 0     |            _ |           - |          Set |
| 0     |            _ |           - |        Reset |
| 0     |            _ |         Set |            - |
| 0     |            _ |       Reset |            - |
| 0     |          Yes |           - |            - |
| 213   |          Yes |           - |          Set |
| 1088  |          Yes |           - |        Reset |
| 231   |          Yes |         Set |            - |
| 15841 |          Yes |       Reset |            - |
+-------+--------------+-------------+--------------+


2. Memory
---------

+-------------------+------+-------+-----------+-------+
|     Site Type     | Used | Fixed | Available | Util% |
+-------------------+------+-------+-----------+-------+
| Block RAM Tile    |   52 |     0 |        60 | 86.67 |
|   RAMB36/FIFO*    |   50 |     0 |        60 | 83.33 |
|     RAMB36E1 only |   50 |       |           |       |
|   RAMB18          |    4 |     0 |       120 |  3.33 |
|     RAMB18E1 only |    4 |       |           |       |
+-------------------+------+-------+-----------+-------+
* Note: Each Block RAM Tile only has one FIFO logic available and therefore can accommodate only one FIFO36E1 or one FIFO18E1. However, if a FIFO18E1 occupies a Block RAM Tile, that tile can still accommodate a RAMB18E1


3. DSP
------

+----------------+------+-------+-----------+-------+
|    Site Type   | Used | Fixed | Available | Util% |
+----------------+------+-------+-----------+-------+
| DSPs           |   10 |     0 |        80 | 12.50 |
|   DSP48E1 only |   10 |       |           |       |
+----------------+------+-------+-----------+-------+


4. IO and GT Specific
---------------------

+-----------------------------+------+-------+-----------+--------+
|          Site Type          | Used | Fixed | Available |  Util% |
+-----------------------------+------+-------+-----------+--------+
| Bonded IOB                  |   29 |     0 |       100 |  29.00 |
| Bonded IPADs                |    0 |     0 |         2 |   0.00 |
| Bonded IOPADs               |  130 |     0 |       130 | 100.00 |
| PHY_CONTROL                 |    0 |     0 |         2 |   0.00 |
| PHASER_REF                  |    0 |     0 |         2 |   0.00 |
| OUT_FIFO                    |    0 |     0 |         8 |   0.00 |
| IN_FIFO                     |    0 |     0 |         8 |   0.00 |
| IDELAYCTRL                  |    0 |     0 |         2 |   0.00 |
| IBUFGDS                     |    0 |     0 |        96 |   0.00 |
| PHASER_OUT/PHASER_OUT_PHY   |    0 |     0 |         8 |   0.00 |
| PHASER_IN/PHASER_IN_PHY     |    0 |     0 |         8 |   0.00 |
| IDELAYE2/IDELAYE2_FINEDELAY |    0 |     0 |       100 |   0.00 |
| ILOGIC                      |    0 |     0 |       100 |   0.00 |
| OLOGIC                      |    0 |     0 |       100 |   0.00 |
+-----------------------------+------+-------+-----------+--------+


5. Clocking
-----------

+------------+------+-------+-----------+-------+
|  Site Type | Used | Fixed | Available | Util% |
+------------+------+-------+-----------+-------+
| BUFGCTRL   |    3 |     0 |        32 |  9.38 |
| BUFIO      |    0 |     0 |         8 |  0.00 |
| MMCME2_ADV |    0 |     0 |         2 |  0.00 |
| PLLE2_ADV  |    0 |     0 |         2 |  0.00 |
| BUFMRCE    |    0 |     0 |         4 |  0.00 |
| BUFHCE     |    0 |     0 |        48 |  0.00 |
| BUFR       |    0 |     0 |         8 |  0.00 |
+------------+------+-------+-----------+-------+


6. Specific Feature
-------------------

+-------------+------+-------+-----------+-------+
|  Site Type  | Used | Fixed | Available | Util% |
+-------------+------+-------+-----------+-------+
| BSCANE2     |    1 |     0 |         4 | 25.00 |
| CAPTUREE2   |    0 |     0 |         1 |  0.00 |
| DNA_PORT    |    0 |     0 |         1 |  0.00 |
| EFUSE_USR   |    0 |     0 |         1 |  0.00 |
| FRAME_ECCE2 |    0 |     0 |         1 |  0.00 |
| ICAPE2      |    0 |     0 |         2 |  0.00 |
| STARTUPE2   |    0 |     0 |         1 |  0.00 |
| XADC        |    0 |     0 |         1 |  0.00 |
+-------------+------+-------+-----------+-------+


7. Primitives
-------------

+----------+-------+----------------------+
| Ref Name |  Used |  Functional Category |
+----------+-------+----------------------+
| FDRE     | 15841 |         Flop & Latch |
| LUT6     |  3799 |                  LUT |
| LUT3     |  2125 |                  LUT |
| LUT4     |  1851 |                  LUT |
| LUT5     |  1720 |                  LUT |
| LUT2     |  1276 |                  LUT |
| FDCE     |  1088 |         Flop & Latch |
| LUT1     |   713 |                  LUT |
| CARRY4   |   590 |           CarryLogic |
| RAMD32   |   320 |   Distributed Memory |
| MUXF7    |   243 |                MuxFx |
| SRL16E   |   231 |   Distributed Memory |
| FDSE     |   231 |         Flop & Latch |
| FDPE     |   213 |         Flop & Latch |
| RAMD64E  |   180 |   Distributed Memory |
| BIBUF    |   130 |                   IO |
| RAMS32   |    64 |   Distributed Memory |
| SRLC32E  |    51 |   Distributed Memory |
| RAMB36E1 |    50 |         Block Memory |
| OBUF     |    19 |                   IO |
| SRLC16E  |    14 |   Distributed Memory |
| IBUF     |    10 |                   IO |
| DSP48E1  |    10 |     Block Arithmetic |
| RAMB18E1 |     4 |         Block Memory |
| BUFG     |     3 |                Clock |
| AND2B1L  |     2 |               Others |
| PS7      |     1 | Specialized Resource |
| BSCANE2  |     1 |               Others |
+----------+-------+----------------------+


8. Black Boxes
--------------

+----------+------+
| Ref Name | Used |
+----------+------+


9. Instantiated Netlists
------------------------

+----------+------+
| Ref Name | Used |
+----------+------+


