17:00:13 **** Auto Build of configuration Debug for project app_backup_controller ****
make all 
Building file: ../src/backup_controller.c
Invoking: MicroBlaze gcc compiler
mb-gcc -Wall -O0 -g3 -I../../bsp_backup_standalone/backup_controller/include -I../../global_includes -c -fmessage-length=0 -MT"src/backup_controller.o" -mlittle-endian -mxl-barrel-shift -mxl-pattern-compare -mno-xl-soft-div -mcpu=v9.4 -mno-xl-soft-mul -mhard-float -mxl-float-convert -mxl-float-sqrt -Wl,--no-relax -ffunction-sections -fdata-sections -MMD -MP -MF"src/backup_controller.d" -MT"src/backup_controller.d" -o "src/backup_controller.o" "../src/backup_controller.c"
Finished building: ../src/backup_controller.c
 
Building target: app_backup_controller.elf
Invoking: MicroBlaze gcc linker
mb-gcc -Wl,-T -Wl,../src/lscript.ld -L../../bsp_backup_standalone/backup_controller/lib -mlittle-endian -mxl-barrel-shift -mxl-pattern-compare -mno-xl-soft-div -mcpu=v9.4 -mno-xl-soft-mul -mhard-float -mxl-float-convert -mxl-float-sqrt -Wl,--no-relax -Wl,--gc-sections -o "app_backup_controller.elf"  ./src/utilities/axi_gpio.o ./src/utilities/fifo_queue.o  ./src/backup_controller.o ./src/main_backup.o ./src/pendulum_control.o   -Wl,--start-group,-lxil,-lgcc,-lc,--end-group
Finished building target: app_backup_controller.elf
 
Invoking: MicroBlaze Print Size
mb-size app_backup_controller.elf  |tee "app_backup_controller.elf.size"
   text	   data	    bss	    dec	    hex	filename
  15464	    356	   2548	  18368	   47c0	app_backup_controller.elf
Finished building: app_backup_controller.elf.size
 

17:00:13 Build Finished (took 163ms)

