16:16:22 **** Incremental Build of configuration Debug for project app_production_controller ****
make all 
make: Nothing to be done for `all'.
16:16:30 **** Incremental Build of configuration Debug for project app_backup_controller ****
make all 
make: Nothing to be done for `all'.
16:16:30 **** Incremental Build of configuration Debug for project app_io_intermediary ****
make all 
make: Nothing to be done for `all'.
16:16:30 **** Incremental Build of configuration Debug for project bsp_ioi_standalone_xllfifo_interrupt_example_1 ****
make all 
make: Nothing to be done for `all'.
16:16:30 **** Incremental Build of configuration Debug for project bsp_ioi_standalone_xuartlite_polled_example_1 ****
make all 
make: Nothing to be done for `all'.
16:16:31 **** Incremental Build of configuration Debug for project bsp_ioi_standalone_xuartlite_selftest_example_1 ****
make all 
make: Nothing to be done for `all'.
16:16:31 **** Incremental Build of configuration Debug for project bsp_ioi_standalone_xwdttb_example_1 ****
make all 
make: Nothing to be done for `all'.
16:16:31 **** Incremental Build of configuration Debug for project bsp_ioi_standalone_xwdttb_intr_example_1 ****
make all 
make: Nothing to be done for `all'.
16:16:31 **** Incremental Build of configuration Debug for project app_production_controller ****
make all 
make: Nothing to be done for `all'.
16:16:32 **** Incremental Build of configuration Debug for project bsp_production_freertos_xllfifo_polling_example_1 ****
make all 
make: Nothing to be done for `all'.
16:17:55 **** Incremental Build of configuration Debug for project app_backup_controller ****
make all 
make: Nothing to be done for `all'.
16:17:55 **** Incremental Build of configuration Debug for project app_io_intermediary ****
make all 
make: Nothing to be done for `all'.
16:17:55 **** Incremental Build of configuration Debug for project bsp_ioi_standalone_xllfifo_interrupt_example_1 ****
make all 
make: Nothing to be done for `all'.
16:17:55 **** Incremental Build of configuration Debug for project bsp_ioi_standalone_xuartlite_polled_example_1 ****
make all 
make: Nothing to be done for `all'.
16:17:56 **** Incremental Build of configuration Debug for project bsp_ioi_standalone_xuartlite_selftest_example_1 ****
make all 
make: Nothing to be done for `all'.
16:17:56 **** Incremental Build of configuration Debug for project bsp_ioi_standalone_xwdttb_example_1 ****
make all 
make: Nothing to be done for `all'.
16:17:56 **** Incremental Build of configuration Debug for project bsp_ioi_standalone_xwdttb_intr_example_1 ****
make all 
make: Nothing to be done for `all'.
16:17:56 **** Incremental Build of configuration Debug for project app_production_controller ****
make all 
make: Nothing to be done for `all'.
16:17:57 **** Incremental Build of configuration Debug for project bsp_production_freertos_xllfifo_polling_example_1 ****
make all 
make: Nothing to be done for `all'.
13:22:17 **** Incremental Build of configuration Debug for project app_backup_controller ****
make all 
make: Nothing to be done for `all'.
13:22:17 **** Incremental Build of configuration Debug for project app_io_intermediary ****
make all 
make: Nothing to be done for `all'.
13:22:17 **** Incremental Build of configuration Debug for project bsp_ioi_standalone_xllfifo_interrupt_example_1 ****
make all 
make: Nothing to be done for `all'.
13:22:18 **** Incremental Build of configuration Debug for project bsp_ioi_standalone_xuartlite_polled_example_1 ****
make all 
make: Nothing to be done for `all'.
13:22:18 **** Incremental Build of configuration Debug for project bsp_ioi_standalone_xuartlite_selftest_example_1 ****
make all 
make: Nothing to be done for `all'.
13:22:18 **** Incremental Build of configuration Debug for project bsp_ioi_standalone_xwdttb_example_1 ****
make all 
make: Nothing to be done for `all'.
13:22:18 **** Incremental Build of configuration Debug for project bsp_ioi_standalone_xwdttb_intr_example_1 ****
make all 
make: Nothing to be done for `all'.
13:22:19 **** Incremental Build of configuration Debug for project app_production_controller ****
make all 
make: Nothing to be done for `all'.
13:22:19 **** Incremental Build of configuration Debug for project bsp_production_freertos_xllfifo_polling_example_1 ****
make all 
make: Nothing to be done for `all'.
13:22:27 **** Incremental Build of configuration Debug for project app_backup_controller ****
make all 
make: Nothing to be done for `all'.
13:22:28 **** Incremental Build of configuration Debug for project app_io_intermediary ****
make all 
make: Nothing to be done for `all'.
13:22:28 **** Incremental Build of configuration Debug for project bsp_ioi_standalone_xllfifo_interrupt_example_1 ****
make all 
make: Nothing to be done for `all'.
13:22:28 **** Incremental Build of configuration Debug for project bsp_ioi_standalone_xuartlite_polled_example_1 ****
make all 
make: Nothing to be done for `all'.
13:22:28 **** Incremental Build of configuration Debug for project bsp_ioi_standalone_xuartlite_selftest_example_1 ****
make all 
make: Nothing to be done for `all'.
13:22:29 **** Incremental Build of configuration Debug for project bsp_ioi_standalone_xwdttb_example_1 ****
make all 
make: Nothing to be done for `all'.
13:22:29 **** Incremental Build of configuration Debug for project bsp_ioi_standalone_xwdttb_intr_example_1 ****
make all 
make: Nothing to be done for `all'.
13:22:29 **** Incremental Build of configuration Debug for project app_production_controller ****
make all 
make: Nothing to be done for `all'.
13:22:29 **** Incremental Build of configuration Debug for project bsp_production_freertos_xllfifo_polling_example_1 ****
make all 
make: Nothing to be done for `all'.
13:25:23 **** Incremental Build of configuration Debug for project app_backup_controller ****
make all 
make: Nothing to be done for `all'.
13:25:23 **** Incremental Build of configuration Debug for project app_io_intermediary ****
make all 
make: Nothing to be done for `all'.
13:25:23 **** Incremental Build of configuration Debug for project bsp_ioi_standalone_xllfifo_interrupt_example_1 ****
make all 
make: Nothing to be done for `all'.
13:25:23 **** Incremental Build of configuration Debug for project bsp_ioi_standalone_xuartlite_polled_example_1 ****
make all 
make: Nothing to be done for `all'.
13:25:24 **** Incremental Build of configuration Debug for project bsp_ioi_standalone_xuartlite_selftest_example_1 ****
make all 
make: Nothing to be done for `all'.
13:25:24 **** Incremental Build of configuration Debug for project bsp_ioi_standalone_xwdttb_example_1 ****
make all 
make: Nothing to be done for `all'.
13:25:24 **** Incremental Build of configuration Debug for project bsp_ioi_standalone_xwdttb_intr_example_1 ****
make all 
make: Nothing to be done for `all'.
13:25:24 **** Incremental Build of configuration Debug for project app_production_controller ****
make all 
make: Nothing to be done for `all'.
13:25:25 **** Incremental Build of configuration Debug for project bsp_production_freertos_xllfifo_polling_example_1 ****
make all 
make: Nothing to be done for `all'.
13:38:34 **** Auto Build of configuration Debug for project app_io_intermediary ****
make all 
Building file: ../src/pendulum_plant.c
Invoking: MicroBlaze gcc compiler
mb-gcc -Wall -O0 -g3 -I../../bsp_ioi_standalone/IO_Intermediary/include -I../../global_includes -c -fmessage-length=0 -MT"src/pendulum_plant.o" -mlittle-endian -mxl-barrel-shift -mxl-pattern-compare -mno-xl-soft-div -mcpu=v9.4 -mno-xl-soft-mul -mhard-float -mxl-float-convert -mxl-float-sqrt -Wl,--no-relax -ffunction-sections -fdata-sections -MMD -MP -MF"src/pendulum_plant.d" -MT"src/pendulum_plant.d" -o "src/pendulum_plant.o" "../src/pendulum_plant.c"
Finished building: ../src/pendulum_plant.c
 
Building target: app_io_intermediary.elf
Invoking: MicroBlaze gcc linker
mb-gcc -Wl,-T -Wl,../src/lscript.ld -L../../bsp_ioi_standalone/IO_Intermediary/lib -mlittle-endian -mxl-barrel-shift -mxl-pattern-compare -mno-xl-soft-div -mcpu=v9.4 -mno-xl-soft-mul -mhard-float -mxl-float-convert -mxl-float-sqrt -Wl,--no-relax -Wl,--gc-sections -o "app_io_intermediary.elf"  ./src/utilities/axi_gpio.o ./src/utilities/axi_spi.o ./src/utilities/axi_uart.o ./src/utilities/fifo_queue_wdt.o ./src/utilities/interrupt_controller.o  ./src/ioi_handler.o ./src/main_ioi.o ./src/monitor_plant.o ./src/monitor_supervisor.o ./src/pendulum_plant.o   -Wl,--start-group,-lxil,-lgcc,-lc,--end-group
Finished building target: app_io_intermediary.elf
 
Invoking: MicroBlaze Print Size
mb-size app_io_intermediary.elf  |tee "app_io_intermediary.elf.size"
   text	   data	    bss	    dec	    hex	filename
  33812	    452	   2696	  36960	   9060	app_io_intermediary.elf
Finished building: app_io_intermediary.elf.size
 
13:38:34 **** Incremental Build of configuration Debug for project app_backup_controller ****
make all 
make: Nothing to be done for `all'.
13:38:35 **** Incremental Build of configuration Debug for project app_io_intermediary ****
make all 
make: Nothing to be done for `all'.
13:38:35 **** Incremental Build of configuration Debug for project bsp_ioi_standalone_xllfifo_interrupt_example_1 ****
make all 
make: Nothing to be done for `all'.
13:38:35 **** Incremental Build of configuration Debug for project bsp_ioi_standalone_xuartlite_polled_example_1 ****
make all 
make: Nothing to be done for `all'.
13:38:35 **** Incremental Build of configuration Debug for project bsp_ioi_standalone_xuartlite_selftest_example_1 ****
make all 
make: Nothing to be done for `all'.
13:38:36 **** Incremental Build of configuration Debug for project bsp_ioi_standalone_xwdttb_example_1 ****
make all 
make: Nothing to be done for `all'.
13:38:36 **** Incremental Build of configuration Debug for project bsp_ioi_standalone_xwdttb_intr_example_1 ****
make all 
make: Nothing to be done for `all'.
13:38:36 **** Incremental Build of configuration Debug for project app_production_controller ****
make all 
make: Nothing to be done for `all'.
13:38:36 **** Incremental Build of configuration Debug for project bsp_production_freertos_xllfifo_polling_example_1 ****
make all 
make: Nothing to be done for `all'.
13:41:10 **** Incremental Build of configuration Debug for project app_backup_controller ****
make all 
make: Nothing to be done for `all'.
13:41:11 **** Incremental Build of configuration Debug for project app_io_intermediary ****
make all 
make: Nothing to be done for `all'.
13:41:11 **** Incremental Build of configuration Debug for project bsp_ioi_standalone_xllfifo_interrupt_example_1 ****
make all 
make: Nothing to be done for `all'.
13:41:11 **** Incremental Build of configuration Debug for project bsp_ioi_standalone_xuartlite_polled_example_1 ****
make all 
make: Nothing to be done for `all'.
13:41:11 **** Incremental Build of configuration Debug for project bsp_ioi_standalone_xuartlite_selftest_example_1 ****
make all 
make: Nothing to be done for `all'.
13:41:12 **** Incremental Build of configuration Debug for project bsp_ioi_standalone_xwdttb_example_1 ****
make all 
make: Nothing to be done for `all'.
13:41:12 **** Incremental Build of configuration Debug for project bsp_ioi_standalone_xwdttb_intr_example_1 ****
make all 
make: Nothing to be done for `all'.
13:41:12 **** Incremental Build of configuration Debug for project app_production_controller ****
make all 
make: Nothing to be done for `all'.
13:41:12 **** Incremental Build of configuration Debug for project bsp_production_freertos_xllfifo_polling_example_1 ****
make all 
make: Nothing to be done for `all'.
13:41:18 **** Incremental Build of configuration Debug for project app_backup_controller ****
make all 
make: Nothing to be done for `all'.
13:41:19 **** Incremental Build of configuration Debug for project app_io_intermediary ****
make all 
make: Nothing to be done for `all'.
13:41:19 **** Incremental Build of configuration Debug for project bsp_ioi_standalone_xllfifo_interrupt_example_1 ****
make all 
make: Nothing to be done for `all'.
13:41:19 **** Incremental Build of configuration Debug for project bsp_ioi_standalone_xuartlite_polled_example_1 ****
make all 
make: Nothing to be done for `all'.
13:41:19 **** Incremental Build of configuration Debug for project bsp_ioi_standalone_xuartlite_selftest_example_1 ****
make all 
make: Nothing to be done for `all'.
13:41:20 **** Incremental Build of configuration Debug for project bsp_ioi_standalone_xwdttb_example_1 ****
make all 
make: Nothing to be done for `all'.
13:41:20 **** Incremental Build of configuration Debug for project bsp_ioi_standalone_xwdttb_intr_example_1 ****
make all 
make: Nothing to be done for `all'.
13:41:20 **** Incremental Build of configuration Debug for project app_production_controller ****
make all 
make: Nothing to be done for `all'.
13:41:20 **** Incremental Build of configuration Debug for project bsp_production_freertos_xllfifo_polling_example_1 ****
make all 
make: Nothing to be done for `all'.
14:41:38 **** Incremental Build of configuration Debug for project app_backup_controller ****
make all 
make: Nothing to be done for `all'.
14:41:38 **** Incremental Build of configuration Debug for project app_io_intermediary ****
make all 
make: Nothing to be done for `all'.
14:41:38 **** Incremental Build of configuration Debug for project bsp_ioi_standalone_xllfifo_interrupt_example_1 ****
make all 
make: Nothing to be done for `all'.
14:41:38 **** Incremental Build of configuration Debug for project bsp_ioi_standalone_xuartlite_polled_example_1 ****
make all 
make: Nothing to be done for `all'.
14:41:39 **** Incremental Build of configuration Debug for project bsp_ioi_standalone_xuartlite_selftest_example_1 ****
make all 
make: Nothing to be done for `all'.
14:41:39 **** Incremental Build of configuration Debug for project bsp_ioi_standalone_xwdttb_example_1 ****
make all 
make: Nothing to be done for `all'.
14:41:39 **** Incremental Build of configuration Debug for project bsp_ioi_standalone_xwdttb_intr_example_1 ****
make all 
make: Nothing to be done for `all'.
14:41:39 **** Incremental Build of configuration Debug for project app_production_controller ****
make all 
make: Nothing to be done for `all'.
14:41:40 **** Incremental Build of configuration Debug for project bsp_production_freertos_xllfifo_polling_example_1 ****
make all 
make: Nothing to be done for `all'.
14:41:49 **** Incremental Build of configuration Debug for project app_backup_controller ****
make all 
make: Nothing to be done for `all'.
14:41:49 **** Incremental Build of configuration Debug for project app_io_intermediary ****
make all 
make: Nothing to be done for `all'.
14:41:49 **** Incremental Build of configuration Debug for project bsp_ioi_standalone_xllfifo_interrupt_example_1 ****
make all 
make: Nothing to be done for `all'.
14:41:49 **** Incremental Build of configuration Debug for project bsp_ioi_standalone_xuartlite_polled_example_1 ****
make all 
make: Nothing to be done for `all'.
14:41:49 **** Incremental Build of configuration Debug for project bsp_ioi_standalone_xuartlite_selftest_example_1 ****
make all 
make: Nothing to be done for `all'.
14:41:50 **** Incremental Build of configuration Debug for project bsp_ioi_standalone_xwdttb_example_1 ****
make all 
make: Nothing to be done for `all'.
14:41:50 **** Incremental Build of configuration Debug for project bsp_ioi_standalone_xwdttb_intr_example_1 ****
make all 
make: Nothing to be done for `all'.
14:41:50 **** Incremental Build of configuration Debug for project app_production_controller ****
make all 
make: Nothing to be done for `all'.
14:41:50 **** Incremental Build of configuration Debug for project bsp_production_freertos_xllfifo_polling_example_1 ****
make all 
make: Nothing to be done for `all'.
14:43:36 **** Auto Build of configuration Debug for project app_production_controller ****
make all 
Building file: ../src/production_controller.c
Invoking: ARM gcc compiler
arm-xilinx-eabi-gcc -Wall -O0 -g3 -I../../bsp_production_freertos/ps7_cortexa9_1/include -I../../global_includes -c -fmessage-length=0 -MT"src/production_controller.o" -MMD -MP -MF"src/production_controller.d" -MT"src/production_controller.d" -o "src/production_controller.o" "../src/production_controller.c"
../src/production_controller.c: In function 'startProductionControl':
../src/production_controller.c:38:2: warning: implicit declaration of function 'xil_printf' [-Wimplicit-function-declaration]
  xil_printf("Production Controller Timer started\n");
  ^
Finished building: ../src/production_controller.c
 
Building target: app_production_controller.elf
Invoking: ARM gcc linker
arm-xilinx-eabi-gcc -Wl,-T -Wl,../src/lscript.ld -L../../bsp_production_freertos/ps7_cortexa9_1/lib -o "app_production_controller.elf"  ./src/utilities/axi_gpio.o ./src/utilities/fifo_queue.o  ./src/main_production.o ./src/pendulum_control.o ./src/production_controller.o   -Wl,--start-group,-lxil,-lfreertos,-lgcc,-lc,--end-group -Wl,--start-group,-lxil,-llwip4,-lgcc,-lc,--end-group
Finished building target: app_production_controller.elf
 
Invoking: ARM Print Size
arm-xilinx-eabi-size app_production_controller.elf  |tee "app_production_controller.elf.size"
   text	   data	    bss	    dec	    hex	filename
  74232	   3088	  23372	 100692	  18954	app_production_controller.elf
Finished building: app_production_controller.elf.size
 
14:43:38 **** Incremental Build of configuration Debug for project app_backup_controller ****
make all 
make: Nothing to be done for `all'.
14:43:38 **** Incremental Build of configuration Debug for project app_io_intermediary ****
make all 
make: Nothing to be done for `all'.
14:43:38 **** Incremental Build of configuration Debug for project bsp_ioi_standalone_xllfifo_interrupt_example_1 ****
make all 
make: Nothing to be done for `all'.
14:43:39 **** Incremental Build of configuration Debug for project bsp_ioi_standalone_xuartlite_polled_example_1 ****
make all 
make: Nothing to be done for `all'.
14:43:39 **** Incremental Build of configuration Debug for project bsp_ioi_standalone_xuartlite_selftest_example_1 ****
make all 
make: Nothing to be done for `all'.
14:43:39 **** Incremental Build of configuration Debug for project bsp_ioi_standalone_xwdttb_example_1 ****
make all 
make: Nothing to be done for `all'.
14:43:39 **** Incremental Build of configuration Debug for project bsp_ioi_standalone_xwdttb_intr_example_1 ****
make all 
make: Nothing to be done for `all'.
14:43:40 **** Incremental Build of configuration Debug for project app_production_controller ****
make all 
make: Nothing to be done for `all'.
14:43:40 **** Incremental Build of configuration Debug for project bsp_production_freertos_xllfifo_polling_example_1 ****
make all 
make: Nothing to be done for `all'.
14:47:01 **** Incremental Build of configuration Debug for project app_backup_controller ****
make all 
make: Nothing to be done for `all'.
14:47:01 **** Incremental Build of configuration Debug for project app_io_intermediary ****
make all 
make: Nothing to be done for `all'.
14:47:02 **** Incremental Build of configuration Debug for project bsp_ioi_standalone_xllfifo_interrupt_example_1 ****
make all 
make: Nothing to be done for `all'.
14:47:02 **** Incremental Build of configuration Debug for project bsp_ioi_standalone_xuartlite_polled_example_1 ****
make all 
make: Nothing to be done for `all'.
14:47:02 **** Incremental Build of configuration Debug for project bsp_ioi_standalone_xuartlite_selftest_example_1 ****
make all 
make: Nothing to be done for `all'.
14:47:02 **** Incremental Build of configuration Debug for project bsp_ioi_standalone_xwdttb_example_1 ****
make all 
make: Nothing to be done for `all'.
14:47:03 **** Incremental Build of configuration Debug for project bsp_ioi_standalone_xwdttb_intr_example_1 ****
make all 
make: Nothing to be done for `all'.
14:47:03 **** Incremental Build of configuration Debug for project app_production_controller ****
make all 
make: Nothing to be done for `all'.
14:47:03 **** Incremental Build of configuration Debug for project bsp_production_freertos_xllfifo_polling_example_1 ****
make all 
make: Nothing to be done for `all'.
14:47:10 **** Incremental Build of configuration Debug for project app_backup_controller ****
make all 
make: Nothing to be done for `all'.
14:47:11 **** Incremental Build of configuration Debug for project app_io_intermediary ****
make all 
make: Nothing to be done for `all'.
14:47:11 **** Incremental Build of configuration Debug for project bsp_ioi_standalone_xllfifo_interrupt_example_1 ****
make all 
make: Nothing to be done for `all'.
14:47:11 **** Incremental Build of configuration Debug for project bsp_ioi_standalone_xuartlite_polled_example_1 ****
make all 
make: Nothing to be done for `all'.
14:47:11 **** Incremental Build of configuration Debug for project bsp_ioi_standalone_xuartlite_selftest_example_1 ****
make all 
make: Nothing to be done for `all'.
14:47:12 **** Incremental Build of configuration Debug for project bsp_ioi_standalone_xwdttb_example_1 ****
make all 
make: Nothing to be done for `all'.
14:47:12 **** Incremental Build of configuration Debug for project bsp_ioi_standalone_xwdttb_intr_example_1 ****
make all 
make: Nothing to be done for `all'.
14:47:12 **** Incremental Build of configuration Debug for project app_production_controller ****
make all 
make: Nothing to be done for `all'.
14:47:12 **** Incremental Build of configuration Debug for project bsp_production_freertos_xllfifo_polling_example_1 ****
make all 
make: Nothing to be done for `all'.
14:58:01 **** Auto Build of configuration Debug for project app_production_controller ****
make all 
Building file: ../src/production_controller.c
Invoking: ARM gcc compiler
arm-xilinx-eabi-gcc -Wall -O0 -g3 -I../../bsp_production_freertos/ps7_cortexa9_1/include -I../../global_includes -c -fmessage-length=0 -MT"src/production_controller.o" -MMD -MP -MF"src/production_controller.d" -MT"src/production_controller.d" -o "src/production_controller.o" "../src/production_controller.c"
../src/production_controller.c: In function 'startProductionControl':
../src/production_controller.c:38:2: warning: implicit declaration of function 'xil_printf' [-Wimplicit-function-declaration]
  xil_printf("Production Controller Timer started\n");
  ^
Finished building: ../src/production_controller.c
 
Building target: app_production_controller.elf
Invoking: ARM gcc linker
arm-xilinx-eabi-gcc -Wl,-T -Wl,../src/lscript.ld -L../../bsp_production_freertos/ps7_cortexa9_1/lib -o "app_production_controller.elf"  ./src/utilities/axi_gpio.o ./src/utilities/fifo_queue.o  ./src/main_production.o ./src/pendulum_control.o ./src/production_controller.o   -Wl,--start-group,-lxil,-lfreertos,-lgcc,-lc,--end-group -Wl,--start-group,-lxil,-llwip4,-lgcc,-lc,--end-group
Finished building target: app_production_controller.elf
 
Invoking: ARM Print Size
arm-xilinx-eabi-size app_production_controller.elf  |tee "app_production_controller.elf.size"
   text	   data	    bss	    dec	    hex	filename
  74160	   3088	  23372	 100620	  1890c	app_production_controller.elf
Finished building: app_production_controller.elf.size
 
14:58:08 **** Auto Build of configuration Debug for project app_production_controller ****
make all 
Building file: ../src/production_controller.c
Invoking: ARM gcc compiler
arm-xilinx-eabi-gcc -Wall -O0 -g3 -I../../bsp_production_freertos/ps7_cortexa9_1/include -I../../global_includes -c -fmessage-length=0 -MT"src/production_controller.o" -MMD -MP -MF"src/production_controller.d" -MT"src/production_controller.d" -o "src/production_controller.o" "../src/production_controller.c"
../src/production_controller.c: In function 'startProductionControl':
../src/production_controller.c:38:2: warning: implicit declaration of function 'xil_printf' [-Wimplicit-function-declaration]
  xil_printf("Production Controller Timer started\n");
  ^
Finished building: ../src/production_controller.c
 
Building target: app_production_controller.elf
Invoking: ARM gcc linker
arm-xilinx-eabi-gcc -Wl,-T -Wl,../src/lscript.ld -L../../bsp_production_freertos/ps7_cortexa9_1/lib -o "app_production_controller.elf"  ./src/utilities/axi_gpio.o ./src/utilities/fifo_queue.o  ./src/main_production.o ./src/pendulum_control.o ./src/production_controller.o   -Wl,--start-group,-lxil,-lfreertos,-lgcc,-lc,--end-group -Wl,--start-group,-lxil,-llwip4,-lgcc,-lc,--end-group
Finished building target: app_production_controller.elf
 
Invoking: ARM Print Size
arm-xilinx-eabi-size app_production_controller.elf  |tee "app_production_controller.elf.size"
   text	   data	    bss	    dec	    hex	filename
  74232	   3088	  23372	 100692	  18954	app_production_controller.elf
Finished building: app_production_controller.elf.size
 
14:58:15 **** Auto Build of configuration Debug for project app_production_controller ****
make all 
Building file: ../src/production_controller.c
Invoking: ARM gcc compiler
arm-xilinx-eabi-gcc -Wall -O0 -g3 -I../../bsp_production_freertos/ps7_cortexa9_1/include -I../../global_includes -c -fmessage-length=0 -MT"src/production_controller.o" -MMD -MP -MF"src/production_controller.d" -MT"src/production_controller.d" -o "src/production_controller.o" "../src/production_controller.c"
../src/production_controller.c: In function 'startProductionControl':
../src/production_controller.c:38:2: warning: implicit declaration of function 'xil_printf' [-Wimplicit-function-declaration]
  xil_printf("Production Controller Timer started\n");
  ^
../src/production_controller.c: In function 'calculateKalmanControlSignal':
../src/production_controller.c:89:27: error: request for member 'set_point' in something not a structure or union
  xil_printf("%d\n", params.set_point);
                           ^
make: *** [src/production_controller.o] Error 1
14:58:19 **** Auto Build of configuration Debug for project app_production_controller ****
make all 
Building file: ../src/production_controller.c
Invoking: ARM gcc compiler
arm-xilinx-eabi-gcc -Wall -O0 -g3 -I../../bsp_production_freertos/ps7_cortexa9_1/include -I../../global_includes -c -fmessage-length=0 -MT"src/production_controller.o" -MMD -MP -MF"src/production_controller.d" -MT"src/production_controller.d" -o "src/production_controller.o" "../src/production_controller.c"
../src/production_controller.c: In function 'startProductionControl':
../src/production_controller.c:38:2: warning: implicit declaration of function 'xil_printf' [-Wimplicit-function-declaration]
  xil_printf("Production Controller Timer started\n");
  ^
Finished building: ../src/production_controller.c
 
Building target: app_production_controller.elf
Invoking: ARM gcc linker
arm-xilinx-eabi-gcc -Wl,-T -Wl,../src/lscript.ld -L../../bsp_production_freertos/ps7_cortexa9_1/lib -o "app_production_controller.elf"  ./src/utilities/axi_gpio.o ./src/utilities/fifo_queue.o  ./src/main_production.o ./src/pendulum_control.o ./src/production_controller.o   -Wl,--start-group,-lxil,-lfreertos,-lgcc,-lc,--end-group -Wl,--start-group,-lxil,-llwip4,-lgcc,-lc,--end-group
Finished building target: app_production_controller.elf
 
Invoking: ARM Print Size
arm-xilinx-eabi-size app_production_controller.elf  |tee "app_production_controller.elf.size"
   text	   data	    bss	    dec	    hex	filename
  74232	   3088	  23372	 100692	  18954	app_production_controller.elf
Finished building: app_production_controller.elf.size
 
14:59:13 **** Auto Build of configuration Debug for project app_production_controller ****
make all 
Building file: ../src/production_controller.c
Invoking: ARM gcc compiler
arm-xilinx-eabi-gcc -Wall -O0 -g3 -I../../bsp_production_freertos/ps7_cortexa9_1/include -I../../global_includes -c -fmessage-length=0 -MT"src/production_controller.o" -MMD -MP -MF"src/production_controller.d" -MT"src/production_controller.d" -o "src/production_controller.o" "../src/production_controller.c"
../src/production_controller.c: In function 'startProductionControl':
../src/production_controller.c:38:2: warning: implicit declaration of function 'xil_printf' [-Wimplicit-function-declaration]
  xil_printf("Production Controller Timer started\n");
  ^
Finished building: ../src/production_controller.c
 
Building target: app_production_controller.elf
Invoking: ARM gcc linker
arm-xilinx-eabi-gcc -Wl,-T -Wl,../src/lscript.ld -L../../bsp_production_freertos/ps7_cortexa9_1/lib -o "app_production_controller.elf"  ./src/utilities/axi_gpio.o ./src/utilities/fifo_queue.o  ./src/main_production.o ./src/pendulum_control.o ./src/production_controller.o   -Wl,--start-group,-lxil,-lfreertos,-lgcc,-lc,--end-group -Wl,--start-group,-lxil,-llwip4,-lgcc,-lc,--end-group
Finished building target: app_production_controller.elf
 
Invoking: ARM Print Size
arm-xilinx-eabi-size app_production_controller.elf  |tee "app_production_controller.elf.size"
   text	   data	    bss	    dec	    hex	filename
  74232	   3088	  23372	 100692	  18954	app_production_controller.elf
Finished building: app_production_controller.elf.size
 
14:59:14 **** Incremental Build of configuration Debug for project app_backup_controller ****
make all 
make: Nothing to be done for `all'.
14:59:14 **** Incremental Build of configuration Debug for project app_io_intermediary ****
make all 
make: Nothing to be done for `all'.
14:59:14 **** Incremental Build of configuration Debug for project bsp_ioi_standalone_xllfifo_interrupt_example_1 ****
make all 
make: Nothing to be done for `all'.
14:59:14 **** Incremental Build of configuration Debug for project bsp_ioi_standalone_xuartlite_polled_example_1 ****
make all 
make: Nothing to be done for `all'.
14:59:15 **** Incremental Build of configuration Debug for project bsp_ioi_standalone_xuartlite_selftest_example_1 ****
make all 
make: Nothing to be done for `all'.
14:59:15 **** Incremental Build of configuration Debug for project bsp_ioi_standalone_xwdttb_example_1 ****
make all 
make: Nothing to be done for `all'.
14:59:15 **** Incremental Build of configuration Debug for project bsp_ioi_standalone_xwdttb_intr_example_1 ****
make all 
make: Nothing to be done for `all'.
14:59:15 **** Incremental Build of configuration Debug for project app_production_controller ****
make all 
make: Nothing to be done for `all'.
14:59:16 **** Incremental Build of configuration Debug for project bsp_production_freertos_xllfifo_polling_example_1 ****
make all 
make: Nothing to be done for `all'.
14:59:29 **** Incremental Build of configuration Debug for project app_backup_controller ****
make all 
make: Nothing to be done for `all'.
14:59:29 **** Incremental Build of configuration Debug for project app_io_intermediary ****
make all 
make: Nothing to be done for `all'.
14:59:29 **** Incremental Build of configuration Debug for project bsp_ioi_standalone_xllfifo_interrupt_example_1 ****
make all 
make: Nothing to be done for `all'.
14:59:30 **** Incremental Build of configuration Debug for project bsp_ioi_standalone_xuartlite_polled_example_1 ****
make all 
make: Nothing to be done for `all'.
14:59:30 **** Incremental Build of configuration Debug for project bsp_ioi_standalone_xuartlite_selftest_example_1 ****
make all 
make: Nothing to be done for `all'.
14:59:30 **** Incremental Build of configuration Debug for project bsp_ioi_standalone_xwdttb_example_1 ****
make all 
make: Nothing to be done for `all'.
14:59:30 **** Incremental Build of configuration Debug for project bsp_ioi_standalone_xwdttb_intr_example_1 ****
make all 
make: Nothing to be done for `all'.
14:59:31 **** Incremental Build of configuration Debug for project app_production_controller ****
make all 
make: Nothing to be done for `all'.
14:59:31 **** Incremental Build of configuration Debug for project bsp_production_freertos_xllfifo_polling_example_1 ****
make all 
make: Nothing to be done for `all'.
15:01:27 **** Incremental Build of configuration Debug for project app_backup_controller ****
make all 
make: Nothing to be done for `all'.
15:01:28 **** Incremental Build of configuration Debug for project app_io_intermediary ****
make all 
make: Nothing to be done for `all'.
15:01:28 **** Incremental Build of configuration Debug for project bsp_ioi_standalone_xllfifo_interrupt_example_1 ****
make all 
make: Nothing to be done for `all'.
15:01:28 **** Incremental Build of configuration Debug for project bsp_ioi_standalone_xuartlite_polled_example_1 ****
make all 
make: Nothing to be done for `all'.
15:01:29 **** Incremental Build of configuration Debug for project bsp_ioi_standalone_xuartlite_selftest_example_1 ****
make all 
make: Nothing to be done for `all'.
15:01:29 **** Incremental Build of configuration Debug for project bsp_ioi_standalone_xwdttb_example_1 ****
make all 
make: Nothing to be done for `all'.
15:01:29 **** Incremental Build of configuration Debug for project bsp_ioi_standalone_xwdttb_intr_example_1 ****
make all 
make: Nothing to be done for `all'.
15:01:29 **** Incremental Build of configuration Debug for project app_production_controller ****
make all 
make: Nothing to be done for `all'.
15:01:30 **** Incremental Build of configuration Debug for project bsp_production_freertos_xllfifo_polling_example_1 ****
make all 
make: Nothing to be done for `all'.
15:01:38 **** Incremental Build of configuration Debug for project app_backup_controller ****
make all 
make: Nothing to be done for `all'.
15:01:38 **** Incremental Build of configuration Debug for project app_io_intermediary ****
make all 
make: Nothing to be done for `all'.
15:01:39 **** Incremental Build of configuration Debug for project bsp_ioi_standalone_xllfifo_interrupt_example_1 ****
make all 
make: Nothing to be done for `all'.
15:01:39 **** Incremental Build of configuration Debug for project bsp_ioi_standalone_xuartlite_polled_example_1 ****
make all 
make: Nothing to be done for `all'.
15:01:39 **** Incremental Build of configuration Debug for project bsp_ioi_standalone_xuartlite_selftest_example_1 ****
make all 
make: Nothing to be done for `all'.
15:01:39 **** Incremental Build of configuration Debug for project bsp_ioi_standalone_xwdttb_example_1 ****
make all 
make: Nothing to be done for `all'.
15:01:40 **** Incremental Build of configuration Debug for project bsp_ioi_standalone_xwdttb_intr_example_1 ****
make all 
make: Nothing to be done for `all'.
15:01:40 **** Incremental Build of configuration Debug for project app_production_controller ****
make all 
make: Nothing to be done for `all'.
15:01:40 **** Incremental Build of configuration Debug for project bsp_production_freertos_xllfifo_polling_example_1 ****
make all 
make: Nothing to be done for `all'.
15:02:19 **** Auto Build of configuration Debug for project app_production_controller ****
make all 
Building file: ../src/production_controller.c
Invoking: ARM gcc compiler
arm-xilinx-eabi-gcc -Wall -O0 -g3 -I../../bsp_production_freertos/ps7_cortexa9_1/include -I../../global_includes -c -fmessage-length=0 -MT"src/production_controller.o" -MMD -MP -MF"src/production_controller.d" -MT"src/production_controller.d" -o "src/production_controller.o" "../src/production_controller.c"
../src/production_controller.c: In function 'startProductionControl':
../src/production_controller.c:38:2: warning: implicit declaration of function 'xil_printf' [-Wimplicit-function-declaration]
  xil_printf("Production Controller Timer started\n");
  ^
Finished building: ../src/production_controller.c
 
Building target: app_production_controller.elf
Invoking: ARM gcc linker
arm-xilinx-eabi-gcc -Wl,-T -Wl,../src/lscript.ld -L../../bsp_production_freertos/ps7_cortexa9_1/lib -o "app_production_controller.elf"  ./src/utilities/axi_gpio.o ./src/utilities/fifo_queue.o  ./src/main_production.o ./src/pendulum_control.o ./src/production_controller.o   -Wl,--start-group,-lxil,-lfreertos,-lgcc,-lc,--end-group -Wl,--start-group,-lxil,-llwip4,-lgcc,-lc,--end-group
Finished building target: app_production_controller.elf
 
Invoking: ARM Print Size
arm-xilinx-eabi-size app_production_controller.elf  |tee "app_production_controller.elf.size"
   text	   data	    bss	    dec	    hex	filename
  74232	   3088	  23372	 100692	  18954	app_production_controller.elf
Finished building: app_production_controller.elf.size
 
15:02:19 **** Incremental Build of configuration Debug for project app_backup_controller ****
make all 
make: Nothing to be done for `all'.
15:02:20 **** Incremental Build of configuration Debug for project app_io_intermediary ****
make all 
make: Nothing to be done for `all'.
15:02:20 **** Incremental Build of configuration Debug for project bsp_ioi_standalone_xllfifo_interrupt_example_1 ****
make all 
make: Nothing to be done for `all'.
15:02:20 **** Incremental Build of configuration Debug for project bsp_ioi_standalone_xuartlite_polled_example_1 ****
make all 
make: Nothing to be done for `all'.
15:02:20 **** Incremental Build of configuration Debug for project bsp_ioi_standalone_xuartlite_selftest_example_1 ****
make all 
make: Nothing to be done for `all'.
15:02:21 **** Incremental Build of configuration Debug for project bsp_ioi_standalone_xwdttb_example_1 ****
make all 
make: Nothing to be done for `all'.
15:02:21 **** Incremental Build of configuration Debug for project bsp_ioi_standalone_xwdttb_intr_example_1 ****
make all 
make: Nothing to be done for `all'.
15:02:21 **** Incremental Build of configuration Debug for project app_production_controller ****
make all 
make: Nothing to be done for `all'.
15:02:21 **** Incremental Build of configuration Debug for project bsp_production_freertos_xllfifo_polling_example_1 ****
make all 
make: Nothing to be done for `all'.
15:02:29 **** Incremental Build of configuration Debug for project app_backup_controller ****
make all 
make: Nothing to be done for `all'.
15:02:30 **** Incremental Build of configuration Debug for project app_io_intermediary ****
make all 
make: Nothing to be done for `all'.
15:02:30 **** Incremental Build of configuration Debug for project bsp_ioi_standalone_xllfifo_interrupt_example_1 ****
make all 
make: Nothing to be done for `all'.
15:02:30 **** Incremental Build of configuration Debug for project bsp_ioi_standalone_xuartlite_polled_example_1 ****
make all 
make: Nothing to be done for `all'.
15:02:30 **** Incremental Build of configuration Debug for project bsp_ioi_standalone_xuartlite_selftest_example_1 ****
make all 
make: Nothing to be done for `all'.
15:02:31 **** Incremental Build of configuration Debug for project bsp_ioi_standalone_xwdttb_example_1 ****
make all 
make: Nothing to be done for `all'.
15:02:31 **** Incremental Build of configuration Debug for project bsp_ioi_standalone_xwdttb_intr_example_1 ****
make all 
make: Nothing to be done for `all'.
15:02:31 **** Incremental Build of configuration Debug for project app_production_controller ****
make all 
make: Nothing to be done for `all'.
15:02:31 **** Incremental Build of configuration Debug for project bsp_production_freertos_xllfifo_polling_example_1 ****
make all 
make: Nothing to be done for `all'.
15:02:58 **** Incremental Build of configuration Debug for project app_backup_controller ****
make all 
make: Nothing to be done for `all'.
15:02:58 **** Incremental Build of configuration Debug for project app_io_intermediary ****
make all 
make: Nothing to be done for `all'.
15:02:58 **** Incremental Build of configuration Debug for project bsp_ioi_standalone_xllfifo_interrupt_example_1 ****
make all 
make: Nothing to be done for `all'.
15:02:58 **** Incremental Build of configuration Debug for project bsp_ioi_standalone_xuartlite_polled_example_1 ****
make all 
make: Nothing to be done for `all'.
15:02:59 **** Incremental Build of configuration Debug for project bsp_ioi_standalone_xuartlite_selftest_example_1 ****
make all 
make: Nothing to be done for `all'.
15:02:59 **** Incremental Build of configuration Debug for project bsp_ioi_standalone_xwdttb_example_1 ****
make all 
make: Nothing to be done for `all'.
15:02:59 **** Incremental Build of configuration Debug for project bsp_ioi_standalone_xwdttb_intr_example_1 ****
make all 
make: Nothing to be done for `all'.
15:02:59 **** Incremental Build of configuration Debug for project app_production_controller ****
make all 
make: Nothing to be done for `all'.
15:03:00 **** Incremental Build of configuration Debug for project bsp_production_freertos_xllfifo_polling_example_1 ****
make all 
make: Nothing to be done for `all'.
15:04:03 **** Incremental Build of configuration Debug for project app_backup_controller ****
make all 
make: Nothing to be done for `all'.
15:04:04 **** Incremental Build of configuration Debug for project app_io_intermediary ****
make all 
make: Nothing to be done for `all'.
15:04:04 **** Incremental Build of configuration Debug for project bsp_ioi_standalone_xllfifo_interrupt_example_1 ****
make all 
make: Nothing to be done for `all'.
15:04:04 **** Incremental Build of configuration Debug for project bsp_ioi_standalone_xuartlite_polled_example_1 ****
make all 
make: Nothing to be done for `all'.
15:04:04 **** Incremental Build of configuration Debug for project bsp_ioi_standalone_xuartlite_selftest_example_1 ****
make all 
make: Nothing to be done for `all'.
15:04:05 **** Incremental Build of configuration Debug for project bsp_ioi_standalone_xwdttb_example_1 ****
make all 
make: Nothing to be done for `all'.
15:04:05 **** Incremental Build of configuration Debug for project bsp_ioi_standalone_xwdttb_intr_example_1 ****
make all 
make: Nothing to be done for `all'.
15:04:05 **** Incremental Build of configuration Debug for project app_production_controller ****
make all 
make: Nothing to be done for `all'.
15:04:05 **** Incremental Build of configuration Debug for project bsp_production_freertos_xllfifo_polling_example_1 ****
make all 
make: Nothing to be done for `all'.
15:04:10 **** Incremental Build of configuration Debug for project app_backup_controller ****
make all 
make: Nothing to be done for `all'.
15:04:10 **** Incremental Build of configuration Debug for project app_io_intermediary ****
make all 
make: Nothing to be done for `all'.
15:04:11 **** Incremental Build of configuration Debug for project bsp_ioi_standalone_xllfifo_interrupt_example_1 ****
make all 
make: Nothing to be done for `all'.
15:04:11 **** Incremental Build of configuration Debug for project bsp_ioi_standalone_xuartlite_polled_example_1 ****
make all 
make: Nothing to be done for `all'.
15:04:11 **** Incremental Build of configuration Debug for project bsp_ioi_standalone_xuartlite_selftest_example_1 ****
make all 
make: Nothing to be done for `all'.
15:04:11 **** Incremental Build of configuration Debug for project bsp_ioi_standalone_xwdttb_example_1 ****
make all 
make: Nothing to be done for `all'.
15:04:12 **** Incremental Build of configuration Debug for project bsp_ioi_standalone_xwdttb_intr_example_1 ****
make all 
make: Nothing to be done for `all'.
15:04:12 **** Incremental Build of configuration Debug for project app_production_controller ****
make all 
make: Nothing to be done for `all'.
15:04:12 **** Incremental Build of configuration Debug for project bsp_production_freertos_xllfifo_polling_example_1 ****
make all 
make: Nothing to be done for `all'.
15:05:13 **** Incremental Build of configuration Debug for project app_backup_controller ****
make all 
make: Nothing to be done for `all'.
15:05:14 **** Incremental Build of configuration Debug for project app_io_intermediary ****
make all 
make: Nothing to be done for `all'.
15:05:14 **** Incremental Build of configuration Debug for project bsp_ioi_standalone_xllfifo_interrupt_example_1 ****
make all 
make: Nothing to be done for `all'.
15:05:14 **** Incremental Build of configuration Debug for project bsp_ioi_standalone_xuartlite_polled_example_1 ****
make all 
make: Nothing to be done for `all'.
15:05:14 **** Incremental Build of configuration Debug for project bsp_ioi_standalone_xuartlite_selftest_example_1 ****
make all 
make: Nothing to be done for `all'.
15:05:15 **** Incremental Build of configuration Debug for project bsp_ioi_standalone_xwdttb_example_1 ****
make all 
make: Nothing to be done for `all'.
15:05:15 **** Incremental Build of configuration Debug for project bsp_ioi_standalone_xwdttb_intr_example_1 ****
make all 
make: Nothing to be done for `all'.
15:05:15 **** Incremental Build of configuration Debug for project app_production_controller ****
make all 
make: Nothing to be done for `all'.
15:05:15 **** Incremental Build of configuration Debug for project bsp_production_freertos_xllfifo_polling_example_1 ****
make all 
make: Nothing to be done for `all'.
15:05:21 **** Incremental Build of configuration Debug for project app_backup_controller ****
make all 
make: Nothing to be done for `all'.
15:05:22 **** Incremental Build of configuration Debug for project app_io_intermediary ****
make all 
make: Nothing to be done for `all'.
15:05:22 **** Incremental Build of configuration Debug for project bsp_ioi_standalone_xllfifo_interrupt_example_1 ****
make all 
make: Nothing to be done for `all'.
15:05:22 **** Incremental Build of configuration Debug for project bsp_ioi_standalone_xuartlite_polled_example_1 ****
make all 
make: Nothing to be done for `all'.
15:05:22 **** Incremental Build of configuration Debug for project bsp_ioi_standalone_xuartlite_selftest_example_1 ****
make all 
make: Nothing to be done for `all'.
15:05:23 **** Incremental Build of configuration Debug for project bsp_ioi_standalone_xwdttb_example_1 ****
make all 
make: Nothing to be done for `all'.
15:05:23 **** Incremental Build of configuration Debug for project bsp_ioi_standalone_xwdttb_intr_example_1 ****
make all 
make: Nothing to be done for `all'.
15:05:23 **** Incremental Build of configuration Debug for project app_production_controller ****
make all 
make: Nothing to be done for `all'.
15:05:23 **** Incremental Build of configuration Debug for project bsp_production_freertos_xllfifo_polling_example_1 ****
make all 
make: Nothing to be done for `all'.
15:05:55 **** Incremental Build of configuration Debug for project app_backup_controller ****
make all 
make: Nothing to be done for `all'.
15:05:55 **** Incremental Build of configuration Debug for project app_io_intermediary ****
make all 
make: Nothing to be done for `all'.
15:05:55 **** Incremental Build of configuration Debug for project bsp_ioi_standalone_xllfifo_interrupt_example_1 ****
make all 
make: Nothing to be done for `all'.
15:05:55 **** Incremental Build of configuration Debug for project bsp_ioi_standalone_xuartlite_polled_example_1 ****
make all 
make: Nothing to be done for `all'.
15:05:55 **** Incremental Build of configuration Debug for project bsp_ioi_standalone_xuartlite_selftest_example_1 ****
make all 
make: Nothing to be done for `all'.
15:05:56 **** Incremental Build of configuration Debug for project bsp_ioi_standalone_xwdttb_example_1 ****
make all 
make: Nothing to be done for `all'.
15:05:56 **** Incremental Build of configuration Debug for project bsp_ioi_standalone_xwdttb_intr_example_1 ****
make all 
make: Nothing to be done for `all'.
15:05:56 **** Incremental Build of configuration Debug for project app_production_controller ****
make all 
make: Nothing to be done for `all'.
15:05:56 **** Incremental Build of configuration Debug for project bsp_production_freertos_xllfifo_polling_example_1 ****
make all 
make: Nothing to be done for `all'.
15:07:18 **** Incremental Build of configuration Debug for project app_backup_controller ****
make all 
make: Nothing to be done for `all'.
15:07:18 **** Incremental Build of configuration Debug for project app_io_intermediary ****
make all 
make: Nothing to be done for `all'.
15:07:18 **** Incremental Build of configuration Debug for project bsp_ioi_standalone_xllfifo_interrupt_example_1 ****
make all 
make: Nothing to be done for `all'.
15:07:18 **** Incremental Build of configuration Debug for project bsp_ioi_standalone_xuartlite_polled_example_1 ****
make all 
make: Nothing to be done for `all'.
15:07:19 **** Incremental Build of configuration Debug for project bsp_ioi_standalone_xuartlite_selftest_example_1 ****
make all 
make: Nothing to be done for `all'.
15:07:19 **** Incremental Build of configuration Debug for project bsp_ioi_standalone_xwdttb_example_1 ****
make all 
make: Nothing to be done for `all'.
15:07:19 **** Incremental Build of configuration Debug for project bsp_ioi_standalone_xwdttb_intr_example_1 ****
make all 
make: Nothing to be done for `all'.
15:07:19 **** Incremental Build of configuration Debug for project app_production_controller ****
make all 
make: Nothing to be done for `all'.
15:07:20 **** Incremental Build of configuration Debug for project bsp_production_freertos_xllfifo_polling_example_1 ****
make all 
make: Nothing to be done for `all'.
15:09:20 **** Auto Build of configuration Debug for project app_production_controller ****
make all 
Building file: ../src/production_controller.c
Invoking: ARM gcc compiler
arm-xilinx-eabi-gcc -Wall -O0 -g3 -I../../bsp_production_freertos/ps7_cortexa9_1/include -I../../global_includes -c -fmessage-length=0 -MT"src/production_controller.o" -MMD -MP -MF"src/production_controller.d" -MT"src/production_controller.d" -o "src/production_controller.o" "../src/production_controller.c"
../src/production_controller.c: In function 'startProductionControl':
../src/production_controller.c:38:2: warning: implicit declaration of function 'xil_printf' [-Wimplicit-function-declaration]
  xil_printf("Production Controller Timer started\n");
  ^
Finished building: ../src/production_controller.c
 
Building target: app_production_controller.elf
Invoking: ARM gcc linker
arm-xilinx-eabi-gcc -Wl,-T -Wl,../src/lscript.ld -L../../bsp_production_freertos/ps7_cortexa9_1/lib -o "app_production_controller.elf"  ./src/utilities/axi_gpio.o ./src/utilities/fifo_queue.o  ./src/main_production.o ./src/pendulum_control.o ./src/production_controller.o   -Wl,--start-group,-lxil,-lfreertos,-lgcc,-lc,--end-group -Wl,--start-group,-lxil,-llwip4,-lgcc,-lc,--end-group
Finished building target: app_production_controller.elf
 
Invoking: ARM Print Size
arm-xilinx-eabi-size app_production_controller.elf  |tee "app_production_controller.elf.size"
   text	   data	    bss	    dec	    hex	filename
  74296	   3088	  23372	 100756	  18994	app_production_controller.elf
Finished building: app_production_controller.elf.size
 
15:09:23 **** Auto Build of configuration Debug for project app_production_controller ****
make all 
Building file: ../src/production_controller.c
Invoking: ARM gcc compiler
arm-xilinx-eabi-gcc -Wall -O0 -g3 -I../../bsp_production_freertos/ps7_cortexa9_1/include -I../../global_includes -c -fmessage-length=0 -MT"src/production_controller.o" -MMD -MP -MF"src/production_controller.d" -MT"src/production_controller.d" -o "src/production_controller.o" "../src/production_controller.c"
../src/production_controller.c: In function 'startProductionControl':
../src/production_controller.c:38:2: warning: implicit declaration of function 'xil_printf' [-Wimplicit-function-declaration]
  xil_printf("Production Controller Timer started\n");
  ^
Finished building: ../src/production_controller.c
 
Building target: app_production_controller.elf
Invoking: ARM gcc linker
arm-xilinx-eabi-gcc -Wl,-T -Wl,../src/lscript.ld -L../../bsp_production_freertos/ps7_cortexa9_1/lib -o "app_production_controller.elf"  ./src/utilities/axi_gpio.o ./src/utilities/fifo_queue.o  ./src/main_production.o ./src/pendulum_control.o ./src/production_controller.o   -Wl,--start-group,-lxil,-lfreertos,-lgcc,-lc,--end-group -Wl,--start-group,-lxil,-llwip4,-lgcc,-lc,--end-group
Finished building target: app_production_controller.elf
 
Invoking: ARM Print Size
arm-xilinx-eabi-size app_production_controller.elf  |tee "app_production_controller.elf.size"
   text	   data	    bss	    dec	    hex	filename
  74296	   3088	  23372	 100756	  18994	app_production_controller.elf
Finished building: app_production_controller.elf.size
 
15:09:32 **** Incremental Build of configuration Debug for project app_backup_controller ****
make all 
make: Nothing to be done for `all'.
15:09:32 **** Incremental Build of configuration Debug for project app_io_intermediary ****
make all 
make: Nothing to be done for `all'.
15:09:32 **** Incremental Build of configuration Debug for project bsp_ioi_standalone_xllfifo_interrupt_example_1 ****
make all 
make: Nothing to be done for `all'.
15:09:32 **** Incremental Build of configuration Debug for project bsp_ioi_standalone_xuartlite_polled_example_1 ****
make all 
make: Nothing to be done for `all'.
15:09:33 **** Incremental Build of configuration Debug for project bsp_ioi_standalone_xuartlite_selftest_example_1 ****
make all 
make: Nothing to be done for `all'.
15:09:33 **** Incremental Build of configuration Debug for project bsp_ioi_standalone_xwdttb_example_1 ****
make all 
make: Nothing to be done for `all'.
15:09:33 **** Incremental Build of configuration Debug for project bsp_ioi_standalone_xwdttb_intr_example_1 ****
make all 
make: Nothing to be done for `all'.
15:09:33 **** Incremental Build of configuration Debug for project app_production_controller ****
make all 
make: Nothing to be done for `all'.
15:09:34 **** Incremental Build of configuration Debug for project bsp_production_freertos_xllfifo_polling_example_1 ****
make all 
make: Nothing to be done for `all'.
15:11:57 **** Incremental Build of configuration Debug for project app_backup_controller ****
make all 
make: Nothing to be done for `all'.
15:11:57 **** Incremental Build of configuration Debug for project app_io_intermediary ****
make all 
make: Nothing to be done for `all'.
15:11:58 **** Incremental Build of configuration Debug for project bsp_ioi_standalone_xllfifo_interrupt_example_1 ****
make all 
make: Nothing to be done for `all'.
15:11:58 **** Incremental Build of configuration Debug for project bsp_ioi_standalone_xuartlite_polled_example_1 ****
make all 
make: Nothing to be done for `all'.
15:11:58 **** Incremental Build of configuration Debug for project bsp_ioi_standalone_xuartlite_selftest_example_1 ****
make all 
make: Nothing to be done for `all'.
15:11:58 **** Incremental Build of configuration Debug for project bsp_ioi_standalone_xwdttb_example_1 ****
make all 
make: Nothing to be done for `all'.
15:11:59 **** Incremental Build of configuration Debug for project bsp_ioi_standalone_xwdttb_intr_example_1 ****
make all 
make: Nothing to be done for `all'.
15:11:59 **** Incremental Build of configuration Debug for project app_production_controller ****
make all 
make: Nothing to be done for `all'.
15:11:59 **** Incremental Build of configuration Debug for project bsp_production_freertos_xllfifo_polling_example_1 ****
make all 
make: Nothing to be done for `all'.
15:12:11 **** Incremental Build of configuration Debug for project app_backup_controller ****
make all 
make: Nothing to be done for `all'.
15:12:11 **** Incremental Build of configuration Debug for project app_io_intermediary ****
make all 
make: Nothing to be done for `all'.
15:12:11 **** Incremental Build of configuration Debug for project bsp_ioi_standalone_xllfifo_interrupt_example_1 ****
make all 
make: Nothing to be done for `all'.
15:12:11 **** Incremental Build of configuration Debug for project bsp_ioi_standalone_xuartlite_polled_example_1 ****
make all 
make: Nothing to be done for `all'.
15:12:12 **** Incremental Build of configuration Debug for project bsp_ioi_standalone_xuartlite_selftest_example_1 ****
make all 
make: Nothing to be done for `all'.
15:12:12 **** Incremental Build of configuration Debug for project bsp_ioi_standalone_xwdttb_example_1 ****
make all 
make: Nothing to be done for `all'.
15:12:12 **** Incremental Build of configuration Debug for project bsp_ioi_standalone_xwdttb_intr_example_1 ****
make all 
make: Nothing to be done for `all'.
15:12:12 **** Incremental Build of configuration Debug for project app_production_controller ****
make all 
make: Nothing to be done for `all'.
15:12:13 **** Incremental Build of configuration Debug for project bsp_production_freertos_xllfifo_polling_example_1 ****
make all 
make: Nothing to be done for `all'.
16:39:14 **** Clean-only build of project bsp_backup_standalone ****
make -k clean 
rm -f backup_controller/lib/libxil.a
16:39:14 **** Clean-only build of project bsp_ioi_standalone ****
make -k clean 
rm -f IO_Intermediary/lib/libxil.a
16:39:14 **** Build of project bsp_backup_standalone ****
make -k all 
Running Make include in backup_controller/libsrc/bram_v4_0/src
make -C backup_controller/libsrc/bram_v4_0/src -s include  "SHELL=/bin/sh" "COMPILER=mb-gcc" "ARCHIVER=mb-ar" "COMPILER_FLAGS= -O2 -c -mcpu=v9.4 -mhard-float -mlittle-endian -mno-xl-soft-div -mno-xl-soft-mul -mxl-barrel-shift -mxl-float-convert -mxl-float-sqrt -mxl-pattern-compare" "EXTRA_COMPILER_FLAGS=-g -ffunction-sections -fdata-sections"
Running Make include in backup_controller/libsrc/cpu_v2_2/src
make -C backup_controller/libsrc/cpu_v2_2/src -s include  "SHELL=/bin/sh" "COMPILER=mb-gcc" "ARCHIVER=mb-ar" "COMPILER_FLAGS= -O2 -c -mcpu=v9.4 -mhard-float -mlittle-endian -mno-xl-soft-div -mno-xl-soft-mul -mxl-barrel-shift -mxl-float-convert -mxl-float-sqrt -mxl-pattern-compare" "EXTRA_COMPILER_FLAGS=-g -ffunction-sections -fdata-sections"
Running Make include in backup_controller/libsrc/gpio_v4_0/src
make -C backup_controller/libsrc/gpio_v4_0/src -s include  "SHELL=/bin/sh" "COMPILER=mb-gcc" "ARCHIVER=mb-ar" "COMPILER_FLAGS= -O2 -c -mcpu=v9.4 -mhard-float -mlittle-endian -mno-xl-soft-div -mno-xl-soft-mul -mxl-barrel-shift -mxl-float-convert -mxl-float-sqrt -mxl-pattern-compare" "EXTRA_COMPILER_FLAGS=-g -ffunction-sections -fdata-sections"
Running Make include in backup_controller/libsrc/intc_v3_2/src
make -C backup_controller/libsrc/intc_v3_2/src -s include  "SHELL=/bin/sh" "COMPILER=mb-gcc" "ARCHIVER=mb-ar" "COMPILER_FLAGS= -O2 -c -mcpu=v9.4 -mhard-float -mlittle-endian -mno-xl-soft-div -mno-xl-soft-mul -mxl-barrel-shift -mxl-float-convert -mxl-float-sqrt -mxl-pattern-compare" "EXTRA_COMPILER_FLAGS=-g -ffunction-sections -fdata-sections"
Running Make include in backup_controller/libsrc/llfifo_v4_0/src
make -C backup_controller/libsrc/llfifo_v4_0/src -s include  "SHELL=/bin/sh" "COMPILER=mb-gcc" "ARCHIVER=mb-ar" "COMPILER_FLAGS= -O2 -c -mcpu=v9.4 -mhard-float -mlittle-endian -mno-xl-soft-div -mno-xl-soft-mul -mxl-barrel-shift -mxl-float-convert -mxl-float-sqrt -mxl-pattern-compare" "EXTRA_COMPILER_FLAGS=-g -ffunction-sections -fdata-sections"
Running Make include in backup_controller/libsrc/standalone_v4_2/src
make -C backup_controller/libsrc/standalone_v4_2/src -s include  "SHELL=/bin/sh" "COMPILER=mb-gcc" "ARCHIVER=mb-ar" "COMPILER_FLAGS= -O2 -c -mcpu=v9.4 -mhard-float -mlittle-endian -mno-xl-soft-div -mno-xl-soft-mul -mxl-barrel-shift -mxl-float-convert -mxl-float-sqrt -mxl-pattern-compare" "EXTRA_COMPILER_FLAGS=-g -ffunction-sections -fdata-sections"
Running Make include in backup_controller/libsrc/tmrctr_v3_0/src
make -C backup_controller/libsrc/tmrctr_v3_0/src -s include  "SHELL=/bin/sh" "COMPILER=mb-gcc" "ARCHIVER=mb-ar" "COMPILER_FLAGS= -O2 -c -mcpu=v9.4 -mhard-float -mlittle-endian -mno-xl-soft-div -mno-xl-soft-mul -mxl-barrel-shift -mxl-float-convert -mxl-float-sqrt -mxl-pattern-compare" "EXTRA_COMPILER_FLAGS=-g -ffunction-sections -fdata-sections"
Running Make libs in backup_controller/libsrc/bram_v4_0/src
make -C backup_controller/libsrc/bram_v4_0/src -s libs  "SHELL=/bin/sh" "COMPILER=mb-gcc" "ARCHIVER=mb-ar" "COMPILER_FLAGS= -O2 -c -mcpu=v9.4 -mhard-float -mlittle-endian -mno-xl-soft-div -mno-xl-soft-mul -mxl-barrel-shift -mxl-float-convert -mxl-float-sqrt -mxl-pattern-compare" "EXTRA_COMPILER_FLAGS=-g -ffunction-sections -fdata-sections"
Compiling bram
mb-ar: creating ../../../lib/libxil.a
Running Make libs in backup_controller/libsrc/cpu_v2_2/src
make -C backup_controller/libsrc/cpu_v2_2/src -s libs  "SHELL=/bin/sh" "COMPILER=mb-gcc" "ARCHIVER=mb-ar" "COMPILER_FLAGS= -O2 -c -mcpu=v9.4 -mhard-float -mlittle-endian -mno-xl-soft-div -mno-xl-soft-mul -mxl-barrel-shift -mxl-float-convert -mxl-float-sqrt -mxl-pattern-compare" "EXTRA_COMPILER_FLAGS=-g -ffunction-sections -fdata-sections"
Compiling cpu
Running Make libs in backup_controller/libsrc/gpio_v4_0/src
make -C backup_controller/libsrc/gpio_v4_0/src -s libs  "SHELL=/bin/sh" "COMPILER=mb-gcc" "ARCHIVER=mb-ar" "COMPILER_FLAGS= -O2 -c -mcpu=v9.4 -mhard-float -mlittle-endian -mno-xl-soft-div -mno-xl-soft-mul -mxl-barrel-shift -mxl-float-convert -mxl-float-sqrt -mxl-pattern-compare" "EXTRA_COMPILER_FLAGS=-g -ffunction-sections -fdata-sections"
Compiling gpio
Running Make libs in backup_controller/libsrc/intc_v3_2/src
make -C backup_controller/libsrc/intc_v3_2/src -s libs  "SHELL=/bin/sh" "COMPILER=mb-gcc" "ARCHIVER=mb-ar" "COMPILER_FLAGS= -O2 -c -mcpu=v9.4 -mhard-float -mlittle-endian -mno-xl-soft-div -mno-xl-soft-mul -mxl-barrel-shift -mxl-float-convert -mxl-float-sqrt -mxl-pattern-compare" "EXTRA_COMPILER_FLAGS=-g -ffunction-sections -fdata-sections"
Compiling intc
Running Make libs in backup_controller/libsrc/llfifo_v4_0/src
make -C backup_controller/libsrc/llfifo_v4_0/src -s libs  "SHELL=/bin/sh" "COMPILER=mb-gcc" "ARCHIVER=mb-ar" "COMPILER_FLAGS= -O2 -c -mcpu=v9.4 -mhard-float -mlittle-endian -mno-xl-soft-div -mno-xl-soft-mul -mxl-barrel-shift -mxl-float-convert -mxl-float-sqrt -mxl-pattern-compare" "EXTRA_COMPILER_FLAGS=-g -ffunction-sections -fdata-sections"
Compiling llfifo
Running Make libs in backup_controller/libsrc/standalone_v4_2/src
make -C backup_controller/libsrc/standalone_v4_2/src -s libs  "SHELL=/bin/sh" "COMPILER=mb-gcc" "ARCHIVER=mb-ar" "COMPILER_FLAGS= -O2 -c -mcpu=v9.4 -mhard-float -mlittle-endian -mno-xl-soft-div -mno-xl-soft-mul -mxl-barrel-shift -mxl-float-convert -mxl-float-sqrt -mxl-pattern-compare" "EXTRA_COMPILER_FLAGS=-g -ffunction-sections -fdata-sections"
Compiling standalone
Running Make libs in backup_controller/libsrc/tmrctr_v3_0/src
make -C backup_controller/libsrc/tmrctr_v3_0/src -s libs  "SHELL=/bin/sh" "COMPILER=mb-gcc" "ARCHIVER=mb-ar" "COMPILER_FLAGS= -O2 -c -mcpu=v9.4 -mhard-float -mlittle-endian -mno-xl-soft-div -mno-xl-soft-mul -mxl-barrel-shift -mxl-float-convert -mxl-float-sqrt -mxl-pattern-compare" "EXTRA_COMPILER_FLAGS=-g -ffunction-sections -fdata-sections"
Compiling tmrctr
Finished building libraries
16:39:17 **** Auto Build of configuration Debug for project app_backup_controller ****
make all 
Building file: ../src/utilities/axi_gpio.c
Invoking: MicroBlaze gcc compiler
mb-gcc -Wall -O0 -g3 -I../../bsp_backup_standalone/backup_controller/include -I../../global_includes -c -fmessage-length=0 -MT"src/utilities/axi_gpio.o" -mlittle-endian -mxl-barrel-shift -mxl-pattern-compare -mno-xl-soft-div -mcpu=v9.4 -mno-xl-soft-mul -mhard-float -mxl-float-convert -mxl-float-sqrt -Wl,--no-relax -ffunction-sections -fdata-sections -MMD -MP -MF"src/utilities/axi_gpio.d" -MT"src/utilities/axi_gpio.d" -o "src/utilities/axi_gpio.o" "../src/utilities/axi_gpio.c"
Finished building: ../src/utilities/axi_gpio.c
 
Building file: ../src/utilities/fifo_queue.c
Invoking: MicroBlaze gcc compiler
mb-gcc -Wall -O0 -g3 -I../../bsp_backup_standalone/backup_controller/include -I../../global_includes -c -fmessage-length=0 -MT"src/utilities/fifo_queue.o" -mlittle-endian -mxl-barrel-shift -mxl-pattern-compare -mno-xl-soft-div -mcpu=v9.4 -mno-xl-soft-mul -mhard-float -mxl-float-convert -mxl-float-sqrt -Wl,--no-relax -ffunction-sections -fdata-sections -MMD -MP -MF"src/utilities/fifo_queue.d" -MT"src/utilities/fifo_queue.d" -o "src/utilities/fifo_queue.o" "../src/utilities/fifo_queue.c"
Finished building: ../src/utilities/fifo_queue.c
 
Building file: ../src/backup_controller.c
Invoking: MicroBlaze gcc compiler
mb-gcc -Wall -O0 -g3 -I../../bsp_backup_standalone/backup_controller/include -I../../global_includes -c -fmessage-length=0 -MT"src/backup_controller.o" -mlittle-endian -mxl-barrel-shift -mxl-pattern-compare -mno-xl-soft-div -mcpu=v9.4 -mno-xl-soft-mul -mhard-float -mxl-float-convert -mxl-float-sqrt -Wl,--no-relax -ffunction-sections -fdata-sections -MMD -MP -MF"src/backup_controller.d" -MT"src/backup_controller.d" -o "src/backup_controller.o" "../src/backup_controller.c"
Finished building: ../src/backup_controller.c
 
Building target: app_backup_controller.elf
Invoking: MicroBlaze gcc linker
mb-gcc -Wl,-T -Wl,../src/lscript.ld -L../../bsp_backup_standalone/backup_controller/lib -mlittle-endian -mxl-barrel-shift -mxl-pattern-compare -mno-xl-soft-div -mcpu=v9.4 -mno-xl-soft-mul -mhard-float -mxl-float-convert -mxl-float-sqrt -Wl,--no-relax -Wl,--gc-sections -o "app_backup_controller.elf"  ./src/utilities/axi_gpio.o ./src/utilities/fifo_queue.o  ./src/backup_controller.o ./src/main_backup.o ./src/pendulum_control.o   -Wl,--start-group,-lxil,-lgcc,-lc,--end-group
Finished building target: app_backup_controller.elf
 
Invoking: MicroBlaze Print Size
mb-size app_backup_controller.elf  |tee "app_backup_controller.elf.size"
   text	   data	    bss	    dec	    hex	filename
  15548	    356	   2552	  18456	   4818	app_backup_controller.elf
Finished building: app_backup_controller.elf.size
 
16:39:17 **** Build of project bsp_ioi_standalone ****
make -k all 
Running Make include in IO_Intermediary/libsrc/bram_v4_0/src
make -C IO_Intermediary/libsrc/bram_v4_0/src -s include  "SHELL=/bin/sh" "COMPILER=mb-gcc" "ARCHIVER=mb-ar" "COMPILER_FLAGS= -O2 -c -mcpu=v9.4 -mhard-float -mlittle-endian -mno-xl-soft-div -mno-xl-soft-mul -mxl-barrel-shift -mxl-float-convert -mxl-float-sqrt -mxl-pattern-compare" "EXTRA_COMPILER_FLAGS=-g -ffunction-sections -fdata-sections"
Running Make include in IO_Intermediary/libsrc/cpu_v2_2/src
make -C IO_Intermediary/libsrc/cpu_v2_2/src -s include  "SHELL=/bin/sh" "COMPILER=mb-gcc" "ARCHIVER=mb-ar" "COMPILER_FLAGS= -O2 -c -mcpu=v9.4 -mhard-float -mlittle-endian -mno-xl-soft-div -mno-xl-soft-mul -mxl-barrel-shift -mxl-float-convert -mxl-float-sqrt -mxl-pattern-compare" "EXTRA_COMPILER_FLAGS=-g -ffunction-sections -fdata-sections"
Running Make include in IO_Intermediary/libsrc/gpio_v4_0/src
make -C IO_Intermediary/libsrc/gpio_v4_0/src -s include  "SHELL=/bin/sh" "COMPILER=mb-gcc" "ARCHIVER=mb-ar" "COMPILER_FLAGS= -O2 -c -mcpu=v9.4 -mhard-float -mlittle-endian -mno-xl-soft-div -mno-xl-soft-mul -mxl-barrel-shift -mxl-float-convert -mxl-float-sqrt -mxl-pattern-compare" "EXTRA_COMPILER_FLAGS=-g -ffunction-sections -fdata-sections"
Running Make include in IO_Intermediary/libsrc/intc_v3_2/src
make -C IO_Intermediary/libsrc/intc_v3_2/src -s include  "SHELL=/bin/sh" "COMPILER=mb-gcc" "ARCHIVER=mb-ar" "COMPILER_FLAGS= -O2 -c -mcpu=v9.4 -mhard-float -mlittle-endian -mno-xl-soft-div -mno-xl-soft-mul -mxl-barrel-shift -mxl-float-convert -mxl-float-sqrt -mxl-pattern-compare" "EXTRA_COMPILER_FLAGS=-g -ffunction-sections -fdata-sections"
Running Make include in IO_Intermediary/libsrc/llfifo_v4_0/src
make -C IO_Intermediary/libsrc/llfifo_v4_0/src -s include  "SHELL=/bin/sh" "COMPILER=mb-gcc" "ARCHIVER=mb-ar" "COMPILER_FLAGS= -O2 -c -mcpu=v9.4 -mhard-float -mlittle-endian -mno-xl-soft-div -mno-xl-soft-mul -mxl-barrel-shift -mxl-float-convert -mxl-float-sqrt -mxl-pattern-compare" "EXTRA_COMPILER_FLAGS=-g -ffunction-sections -fdata-sections"
Running Make include in IO_Intermediary/libsrc/spi_v4_1/src
make -C IO_Intermediary/libsrc/spi_v4_1/src -s include  "SHELL=/bin/sh" "COMPILER=mb-gcc" "ARCHIVER=mb-ar" "COMPILER_FLAGS= -O2 -c -mcpu=v9.4 -mhard-float -mlittle-endian -mno-xl-soft-div -mno-xl-soft-mul -mxl-barrel-shift -mxl-float-convert -mxl-float-sqrt -mxl-pattern-compare" "EXTRA_COMPILER_FLAGS=-g -ffunction-sections -fdata-sections"
Running Make include in IO_Intermediary/libsrc/standalone_v4_2/src
make -C IO_Intermediary/libsrc/standalone_v4_2/src -s include  "SHELL=/bin/sh" "COMPILER=mb-gcc" "ARCHIVER=mb-ar" "COMPILER_FLAGS= -O2 -c -mcpu=v9.4 -mhard-float -mlittle-endian -mno-xl-soft-div -mno-xl-soft-mul -mxl-barrel-shift -mxl-float-convert -mxl-float-sqrt -mxl-pattern-compare" "EXTRA_COMPILER_FLAGS=-g -ffunction-sections -fdata-sections"
Running Make include in IO_Intermediary/libsrc/uartlite_v3_0/src
make -C IO_Intermediary/libsrc/uartlite_v3_0/src -s include  "SHELL=/bin/sh" "COMPILER=mb-gcc" "ARCHIVER=mb-ar" "COMPILER_FLAGS= -O2 -c -mcpu=v9.4 -mhard-float -mlittle-endian -mno-xl-soft-div -mno-xl-soft-mul -mxl-barrel-shift -mxl-float-convert -mxl-float-sqrt -mxl-pattern-compare" "EXTRA_COMPILER_FLAGS=-g -ffunction-sections -fdata-sections"
Running Make include in IO_Intermediary/libsrc/wdttb_v3_0/src
make -C IO_Intermediary/libsrc/wdttb_v3_0/src -s include  "SHELL=/bin/sh" "COMPILER=mb-gcc" "ARCHIVER=mb-ar" "COMPILER_FLAGS= -O2 -c -mcpu=v9.4 -mhard-float -mlittle-endian -mno-xl-soft-div -mno-xl-soft-mul -mxl-barrel-shift -mxl-float-convert -mxl-float-sqrt -mxl-pattern-compare" "EXTRA_COMPILER_FLAGS=-g -ffunction-sections -fdata-sections"
Running Make libs in IO_Intermediary/libsrc/bram_v4_0/src
make -C IO_Intermediary/libsrc/bram_v4_0/src -s libs  "SHELL=/bin/sh" "COMPILER=mb-gcc" "ARCHIVER=mb-ar" "COMPILER_FLAGS= -O2 -c -mcpu=v9.4 -mhard-float -mlittle-endian -mno-xl-soft-div -mno-xl-soft-mul -mxl-barrel-shift -mxl-float-convert -mxl-float-sqrt -mxl-pattern-compare" "EXTRA_COMPILER_FLAGS=-g -ffunction-sections -fdata-sections"
Compiling bram
mb-ar: creating ../../../lib/libxil.a
Running Make libs in IO_Intermediary/libsrc/cpu_v2_2/src
make -C IO_Intermediary/libsrc/cpu_v2_2/src -s libs  "SHELL=/bin/sh" "COMPILER=mb-gcc" "ARCHIVER=mb-ar" "COMPILER_FLAGS= -O2 -c -mcpu=v9.4 -mhard-float -mlittle-endian -mno-xl-soft-div -mno-xl-soft-mul -mxl-barrel-shift -mxl-float-convert -mxl-float-sqrt -mxl-pattern-compare" "EXTRA_COMPILER_FLAGS=-g -ffunction-sections -fdata-sections"
Compiling cpu
Running Make libs in IO_Intermediary/libsrc/gpio_v4_0/src
make -C IO_Intermediary/libsrc/gpio_v4_0/src -s libs  "SHELL=/bin/sh" "COMPILER=mb-gcc" "ARCHIVER=mb-ar" "COMPILER_FLAGS= -O2 -c -mcpu=v9.4 -mhard-float -mlittle-endian -mno-xl-soft-div -mno-xl-soft-mul -mxl-barrel-shift -mxl-float-convert -mxl-float-sqrt -mxl-pattern-compare" "EXTRA_COMPILER_FLAGS=-g -ffunction-sections -fdata-sections"
Compiling gpio
Running Make libs in IO_Intermediary/libsrc/intc_v3_2/src
make -C IO_Intermediary/libsrc/intc_v3_2/src -s libs  "SHELL=/bin/sh" "COMPILER=mb-gcc" "ARCHIVER=mb-ar" "COMPILER_FLAGS= -O2 -c -mcpu=v9.4 -mhard-float -mlittle-endian -mno-xl-soft-div -mno-xl-soft-mul -mxl-barrel-shift -mxl-float-convert -mxl-float-sqrt -mxl-pattern-compare" "EXTRA_COMPILER_FLAGS=-g -ffunction-sections -fdata-sections"
Compiling intc
Running Make libs in IO_Intermediary/libsrc/llfifo_v4_0/src
make -C IO_Intermediary/libsrc/llfifo_v4_0/src -s libs  "SHELL=/bin/sh" "COMPILER=mb-gcc" "ARCHIVER=mb-ar" "COMPILER_FLAGS= -O2 -c -mcpu=v9.4 -mhard-float -mlittle-endian -mno-xl-soft-div -mno-xl-soft-mul -mxl-barrel-shift -mxl-float-convert -mxl-float-sqrt -mxl-pattern-compare" "EXTRA_COMPILER_FLAGS=-g -ffunction-sections -fdata-sections"
Compiling llfifo
Running Make libs in IO_Intermediary/libsrc/spi_v4_1/src
make -C IO_Intermediary/libsrc/spi_v4_1/src -s libs  "SHELL=/bin/sh" "COMPILER=mb-gcc" "ARCHIVER=mb-ar" "COMPILER_FLAGS= -O2 -c -mcpu=v9.4 -mhard-float -mlittle-endian -mno-xl-soft-div -mno-xl-soft-mul -mxl-barrel-shift -mxl-float-convert -mxl-float-sqrt -mxl-pattern-compare" "EXTRA_COMPILER_FLAGS=-g -ffunction-sections -fdata-sections"
Compiling spi
Running Make libs in IO_Intermediary/libsrc/standalone_v4_2/src
make -C IO_Intermediary/libsrc/standalone_v4_2/src -s libs  "SHELL=/bin/sh" "COMPILER=mb-gcc" "ARCHIVER=mb-ar" "COMPILER_FLAGS= -O2 -c -mcpu=v9.4 -mhard-float -mlittle-endian -mno-xl-soft-div -mno-xl-soft-mul -mxl-barrel-shift -mxl-float-convert -mxl-float-sqrt -mxl-pattern-compare" "EXTRA_COMPILER_FLAGS=-g -ffunction-sections -fdata-sections"
Compiling standalone
Running Make libs in IO_Intermediary/libsrc/uartlite_v3_0/src
make -C IO_Intermediary/libsrc/uartlite_v3_0/src -s libs  "SHELL=/bin/sh" "COMPILER=mb-gcc" "ARCHIVER=mb-ar" "COMPILER_FLAGS= -O2 -c -mcpu=v9.4 -mhard-float -mlittle-endian -mno-xl-soft-div -mno-xl-soft-mul -mxl-barrel-shift -mxl-float-convert -mxl-float-sqrt -mxl-pattern-compare" "EXTRA_COMPILER_FLAGS=-g -ffunction-sections -fdata-sections"
Compiling uartlite
Running Make libs in IO_Intermediary/libsrc/wdttb_v3_0/src
make -C IO_Intermediary/libsrc/wdttb_v3_0/src -s libs  "SHELL=/bin/sh" "COMPILER=mb-gcc" "ARCHIVER=mb-ar" "COMPILER_FLAGS= -O2 -c -mcpu=v9.4 -mhard-float -mlittle-endian -mno-xl-soft-div -mno-xl-soft-mul -mxl-barrel-shift -mxl-float-convert -mxl-float-sqrt -mxl-pattern-compare" "EXTRA_COMPILER_FLAGS=-g -ffunction-sections -fdata-sections"
Compiling wdttb
Finished building libraries
16:39:20 **** Auto Build of configuration Debug for project app_io_intermediary ****
make all 
Building file: ../src/utilities/axi_gpio.c
Invoking: MicroBlaze gcc compiler
mb-gcc -Wall -O0 -g3 -I../../bsp_ioi_standalone/IO_Intermediary/include -I../../global_includes -c -fmessage-length=0 -MT"src/utilities/axi_gpio.o" -mlittle-endian -mxl-barrel-shift -mxl-pattern-compare -mno-xl-soft-div -mcpu=v9.4 -mno-xl-soft-mul -mhard-float -mxl-float-convert -mxl-float-sqrt -Wl,--no-relax -ffunction-sections -fdata-sections -MMD -MP -MF"src/utilities/axi_gpio.d" -MT"src/utilities/axi_gpio.d" -o "src/utilities/axi_gpio.o" "../src/utilities/axi_gpio.c"
Finished building: ../src/utilities/axi_gpio.c
 
Building file: ../src/utilities/axi_spi.c
Invoking: MicroBlaze gcc compiler
mb-gcc -Wall -O0 -g3 -I../../bsp_ioi_standalone/IO_Intermediary/include -I../../global_includes -c -fmessage-length=0 -MT"src/utilities/axi_spi.o" -mlittle-endian -mxl-barrel-shift -mxl-pattern-compare -mno-xl-soft-div -mcpu=v9.4 -mno-xl-soft-mul -mhard-float -mxl-float-convert -mxl-float-sqrt -Wl,--no-relax -ffunction-sections -fdata-sections -MMD -MP -MF"src/utilities/axi_spi.d" -MT"src/utilities/axi_spi.d" -o "src/utilities/axi_spi.o" "../src/utilities/axi_spi.c"
Finished building: ../src/utilities/axi_spi.c
 
Building file: ../src/utilities/axi_uart.c
Invoking: MicroBlaze gcc compiler
mb-gcc -Wall -O0 -g3 -I../../bsp_ioi_standalone/IO_Intermediary/include -I../../global_includes -c -fmessage-length=0 -MT"src/utilities/axi_uart.o" -mlittle-endian -mxl-barrel-shift -mxl-pattern-compare -mno-xl-soft-div -mcpu=v9.4 -mno-xl-soft-mul -mhard-float -mxl-float-convert -mxl-float-sqrt -Wl,--no-relax -ffunction-sections -fdata-sections -MMD -MP -MF"src/utilities/axi_uart.d" -MT"src/utilities/axi_uart.d" -o "src/utilities/axi_uart.o" "../src/utilities/axi_uart.c"
Finished building: ../src/utilities/axi_uart.c
 
Building file: ../src/utilities/fifo_queue_wdt.c
Invoking: MicroBlaze gcc compiler
mb-gcc -Wall -O0 -g3 -I../../bsp_ioi_standalone/IO_Intermediary/include -I../../global_includes -c -fmessage-length=0 -MT"src/utilities/fifo_queue_wdt.o" -mlittle-endian -mxl-barrel-shift -mxl-pattern-compare -mno-xl-soft-div -mcpu=v9.4 -mno-xl-soft-mul -mhard-float -mxl-float-convert -mxl-float-sqrt -Wl,--no-relax -ffunction-sections -fdata-sections -MMD -MP -MF"src/utilities/fifo_queue_wdt.d" -MT"src/utilities/fifo_queue_wdt.d" -o "src/utilities/fifo_queue_wdt.o" "../src/utilities/fifo_queue_wdt.c"
../src/utilities/fifo_queue_wdt.c:22:8: warning: type defaults to 'int' in declaration of 'wdt_expired_flag' [-Wimplicit-int]
 static wdt_expired_flag = false;
        ^
../src/utilities/fifo_queue_wdt.c: In function 'dequeue_handler':
../src/utilities/fifo_queue_wdt.c:193:3: warning: implicit declaration of function 'ioi_handler' [-Wimplicit-function-declaration]
   ioi_handler(newPacket);
   ^
Finished building: ../src/utilities/fifo_queue_wdt.c
 
Building file: ../src/utilities/interrupt_controller.c
Invoking: MicroBlaze gcc compiler
mb-gcc -Wall -O0 -g3 -I../../bsp_ioi_standalone/IO_Intermediary/include -I../../global_includes -c -fmessage-length=0 -MT"src/utilities/interrupt_controller.o" -mlittle-endian -mxl-barrel-shift -mxl-pattern-compare -mno-xl-soft-div -mcpu=v9.4 -mno-xl-soft-mul -mhard-float -mxl-float-convert -mxl-float-sqrt -Wl,--no-relax -ffunction-sections -fdata-sections -MMD -MP -MF"src/utilities/interrupt_controller.d" -MT"src/utilities/interrupt_controller.d" -o "src/utilities/interrupt_controller.o" "../src/utilities/interrupt_controller.c"
Finished building: ../src/utilities/interrupt_controller.c
 
Building file: ../src/ioi_handler.c
Invoking: MicroBlaze gcc compiler
mb-gcc -Wall -O0 -g3 -I../../bsp_ioi_standalone/IO_Intermediary/include -I../../global_includes -c -fmessage-length=0 -MT"src/ioi_handler.o" -mlittle-endian -mxl-barrel-shift -mxl-pattern-compare -mno-xl-soft-div -mcpu=v9.4 -mno-xl-soft-mul -mhard-float -mxl-float-convert -mxl-float-sqrt -Wl,--no-relax -ffunction-sections -fdata-sections -MMD -MP -MF"src/ioi_handler.d" -MT"src/ioi_handler.d" -o "src/ioi_handler.o" "../src/ioi_handler.c"
../src/ioi_handler.c: In function 'ioi_handler':
../src/ioi_handler.c:38:21: warning: passing argument 1 of 'get_state_vector' from incompatible pointer type
    get_state_vector(returnData);
                     ^
In file included from ../src/ioi_handler.h:11:0,
                 from ../src/ioi_handler.c:8:
../src/pendulum_plant.h:35:6: note: expected 'u32 *' but argument is of type 'unsigned int *'
 void get_state_vector(u32* buffer);
      ^
Finished building: ../src/ioi_handler.c
 
Building file: ../src/main_ioi.c
Invoking: MicroBlaze gcc compiler
mb-gcc -Wall -O0 -g3 -I../../bsp_ioi_standalone/IO_Intermediary/include -I../../global_includes -c -fmessage-length=0 -MT"src/main_ioi.o" -mlittle-endian -mxl-barrel-shift -mxl-pattern-compare -mno-xl-soft-div -mcpu=v9.4 -mno-xl-soft-mul -mhard-float -mxl-float-convert -mxl-float-sqrt -Wl,--no-relax -ffunction-sections -fdata-sections -MMD -MP -MF"src/main_ioi.d" -MT"src/main_ioi.d" -o "src/main_ioi.o" "../src/main_ioi.c"
../src/main_ioi.c: In function 'main':
../src/main_ioi.c:97:3: warning: implicit declaration of function 'supervisor_update_set_point' [-Wimplicit-function-declaration]
   supervisor_update_set_point();
   ^
Finished building: ../src/main_ioi.c
 
Building file: ../src/monitor_plant.c
Invoking: MicroBlaze gcc compiler
mb-gcc -Wall -O0 -g3 -I../../bsp_ioi_standalone/IO_Intermediary/include -I../../global_includes -c -fmessage-length=0 -MT"src/monitor_plant.o" -mlittle-endian -mxl-barrel-shift -mxl-pattern-compare -mno-xl-soft-div -mcpu=v9.4 -mno-xl-soft-mul -mhard-float -mxl-float-convert -mxl-float-sqrt -Wl,--no-relax -ffunction-sections -fdata-sections -MMD -MP -MF"src/monitor_plant.d" -MT"src/monitor_plant.d" -o "src/monitor_plant.o" "../src/monitor_plant.c"
../src/monitor_plant.c: In function 'prediction_trigger_mechanism':
../src/monitor_plant.c:31:15: warning: unused variable 'delThetaR' [-Wunused-variable]
  static float delThetaR;
               ^
../src/monitor_plant.c:24:21: warning: unused variable 'C' [-Wunused-variable]
  static const float C[2][4] =  {
                     ^
Finished building: ../src/monitor_plant.c
 
Building file: ../src/monitor_supervisor.c
Invoking: MicroBlaze gcc compiler
mb-gcc -Wall -O0 -g3 -I../../bsp_ioi_standalone/IO_Intermediary/include -I../../global_includes -c -fmessage-length=0 -MT"src/monitor_supervisor.o" -mlittle-endian -mxl-barrel-shift -mxl-pattern-compare -mno-xl-soft-div -mcpu=v9.4 -mno-xl-soft-mul -mhard-float -mxl-float-convert -mxl-float-sqrt -Wl,--no-relax -ffunction-sections -fdata-sections -MMD -MP -MF"src/monitor_supervisor.d" -MT"src/monitor_supervisor.d" -o "src/monitor_supervisor.o" "../src/monitor_supervisor.c"
../src/monitor_supervisor.c: In function 'supervisor_update_set_point':
../src/monitor_supervisor.c:45:3: warning: implicit declaration of function 'set_set_point' [-Wimplicit-function-declaration]
   set_set_point(setPoint);
   ^
Finished building: ../src/monitor_supervisor.c
 
Building file: ../src/pendulum_plant.c
Invoking: MicroBlaze gcc compiler
[...]
21:44:38 **** Incremental Build of configuration Debug for project bsp_ioi_standalone_xwdttb_example_1 ****
make all 
make: Nothing to be done for `all'.
21:44:38 **** Incremental Build of configuration Debug for project bsp_ioi_standalone_xwdttb_intr_example_1 ****
make all 
make: Nothing to be done for `all'.
21:44:38 **** Incremental Build of configuration Debug for project app_production_controller ****
make all 
make: Nothing to be done for `all'.
21:44:38 **** Incremental Build of configuration Debug for project bsp_production_freertos_xllfifo_polling_example_1 ****
make all 
make: Nothing to be done for `all'.
21:44:39 **** Incremental Build of configuration Debug for project bsp_production_freertos_xuartps_hello_world_example_1 ****
make all 
make: Nothing to be done for `all'.
21:44:49 **** Incremental Build of configuration Debug for project app_backup_controller ****
make all 
make: Nothing to be done for `all'.
21:44:49 **** Incremental Build of configuration Debug for project app_io_intermediary ****
make all 
make: Nothing to be done for `all'.
21:44:50 **** Incremental Build of configuration Debug for project bsp_ioi_standalone_xllfifo_interrupt_example_1 ****
make all 
make: Nothing to be done for `all'.
21:44:50 **** Incremental Build of configuration Debug for project bsp_ioi_standalone_xuartlite_polled_example_1 ****
make all 
make: Nothing to be done for `all'.
21:44:50 **** Incremental Build of configuration Debug for project bsp_ioi_standalone_xuartlite_selftest_example_1 ****
make all 
make: Nothing to be done for `all'.
21:44:50 **** Incremental Build of configuration Debug for project bsp_ioi_standalone_xwdttb_example_1 ****
make all 
make: Nothing to be done for `all'.
21:44:51 **** Incremental Build of configuration Debug for project bsp_ioi_standalone_xwdttb_intr_example_1 ****
make all 
make: Nothing to be done for `all'.
21:44:51 **** Incremental Build of configuration Debug for project app_production_controller ****
make all 
make: Nothing to be done for `all'.
21:44:51 **** Incremental Build of configuration Debug for project bsp_production_freertos_xllfifo_polling_example_1 ****
make all 
make: Nothing to be done for `all'.
21:44:51 **** Incremental Build of configuration Debug for project bsp_production_freertos_xuartps_hello_world_example_1 ****
make all 
make: Nothing to be done for `all'.
21:47:13 **** Incremental Build of configuration Debug for project app_backup_controller ****
make all 
make: Nothing to be done for `all'.
21:47:14 **** Incremental Build of configuration Debug for project app_io_intermediary ****
make all 
make: Nothing to be done for `all'.
21:47:14 **** Incremental Build of configuration Debug for project bsp_ioi_standalone_xllfifo_interrupt_example_1 ****
make all 
make: Nothing to be done for `all'.
21:47:14 **** Incremental Build of configuration Debug for project bsp_ioi_standalone_xuartlite_polled_example_1 ****
make all 
make: Nothing to be done for `all'.
21:47:14 **** Incremental Build of configuration Debug for project bsp_ioi_standalone_xuartlite_selftest_example_1 ****
make all 
make: Nothing to be done for `all'.
21:47:15 **** Incremental Build of configuration Debug for project bsp_ioi_standalone_xwdttb_example_1 ****
make all 
make: Nothing to be done for `all'.
21:47:15 **** Incremental Build of configuration Debug for project bsp_ioi_standalone_xwdttb_intr_example_1 ****
make all 
make: Nothing to be done for `all'.
21:47:15 **** Incremental Build of configuration Debug for project app_production_controller ****
make all 
make: Nothing to be done for `all'.
21:47:15 **** Incremental Build of configuration Debug for project bsp_production_freertos_xllfifo_polling_example_1 ****
make all 
make: Nothing to be done for `all'.
21:47:16 **** Incremental Build of configuration Debug for project bsp_production_freertos_xuartps_hello_world_example_1 ****
make all 
make: Nothing to be done for `all'.
21:47:20 **** Incremental Build of configuration Debug for project app_backup_controller ****
make all 
make: Nothing to be done for `all'.
21:47:20 **** Incremental Build of configuration Debug for project app_io_intermediary ****
make all 
make: Nothing to be done for `all'.
21:47:20 **** Incremental Build of configuration Debug for project bsp_ioi_standalone_xllfifo_interrupt_example_1 ****
make all 
make: Nothing to be done for `all'.
21:47:20 **** Incremental Build of configuration Debug for project bsp_ioi_standalone_xuartlite_polled_example_1 ****
make all 
make: Nothing to be done for `all'.
21:47:20 **** Incremental Build of configuration Debug for project bsp_ioi_standalone_xuartlite_selftest_example_1 ****
make all 
make: Nothing to be done for `all'.
21:47:21 **** Incremental Build of configuration Debug for project bsp_ioi_standalone_xwdttb_example_1 ****
make all 
make: Nothing to be done for `all'.
21:47:21 **** Incremental Build of configuration Debug for project bsp_ioi_standalone_xwdttb_intr_example_1 ****
make all 
make: Nothing to be done for `all'.
21:47:21 **** Incremental Build of configuration Debug for project app_production_controller ****
make all 
make: Nothing to be done for `all'.
21:47:21 **** Incremental Build of configuration Debug for project bsp_production_freertos_xllfifo_polling_example_1 ****
make all 
make: Nothing to be done for `all'.
21:47:22 **** Incremental Build of configuration Debug for project bsp_production_freertos_xuartps_hello_world_example_1 ****
make all 
make: Nothing to be done for `all'.
21:47:26 **** Incremental Build of configuration Debug for project app_backup_controller ****
make all 
make: Nothing to be done for `all'.
21:47:27 **** Incremental Build of configuration Debug for project app_io_intermediary ****
make all 
make: Nothing to be done for `all'.
21:47:27 **** Incremental Build of configuration Debug for project bsp_ioi_standalone_xllfifo_interrupt_example_1 ****
make all 
make: Nothing to be done for `all'.
21:47:27 **** Incremental Build of configuration Debug for project bsp_ioi_standalone_xuartlite_polled_example_1 ****
make all 
make: Nothing to be done for `all'.
21:47:27 **** Incremental Build of configuration Debug for project bsp_ioi_standalone_xuartlite_selftest_example_1 ****
make all 
make: Nothing to be done for `all'.
21:47:28 **** Incremental Build of configuration Debug for project bsp_ioi_standalone_xwdttb_example_1 ****
make all 
make: Nothing to be done for `all'.
21:47:28 **** Incremental Build of configuration Debug for project bsp_ioi_standalone_xwdttb_intr_example_1 ****
make all 
make: Nothing to be done for `all'.
21:47:28 **** Incremental Build of configuration Debug for project app_production_controller ****
make all 
make: Nothing to be done for `all'.
21:47:28 **** Incremental Build of configuration Debug for project bsp_production_freertos_xllfifo_polling_example_1 ****
make all 
make: Nothing to be done for `all'.
21:47:29 **** Incremental Build of configuration Debug for project bsp_production_freertos_xuartps_hello_world_example_1 ****
make all 
make: Nothing to be done for `all'.
21:50:10 **** Auto Build of configuration Debug for project app_io_intermediary ****
make all 
Building file: ../src/utilities/axi_gpio.c
Invoking: MicroBlaze gcc compiler
mb-gcc -Wall -O0 -g3 -I../../bsp_ioi_standalone/IO_Intermediary/include -I../../global_includes -c -fmessage-length=0 -MT"src/utilities/axi_gpio.o" -mlittle-endian -mxl-barrel-shift -mxl-pattern-compare -mno-xl-soft-div -mcpu=v9.4 -mno-xl-soft-mul -mhard-float -mxl-float-convert -mxl-float-sqrt -Wl,--no-relax -ffunction-sections -fdata-sections -MMD -MP -MF"src/utilities/axi_gpio.d" -MT"src/utilities/axi_gpio.d" -o "src/utilities/axi_gpio.o" "../src/utilities/axi_gpio.c"
../src/utilities/axi_gpio.c: In function 'assert_trigger':
../src/utilities/axi_gpio.c:82:9: warning: type defaults to 'int' in declaration of 'currentController' [-Wimplicit-int]
  static currentController = PRODUCTION;
         ^
Finished building: ../src/utilities/axi_gpio.c
 
Building target: app_io_intermediary.elf
Invoking: MicroBlaze gcc linker
mb-gcc -Wl,-T -Wl,../src/lscript.ld -L../../bsp_ioi_standalone/IO_Intermediary/lib -mlittle-endian -mxl-barrel-shift -mxl-pattern-compare -mno-xl-soft-div -mcpu=v9.4 -mno-xl-soft-mul -mhard-float -mxl-float-convert -mxl-float-sqrt -Wl,--no-relax -Wl,--gc-sections -o "app_io_intermediary.elf"  ./src/utilities/axi_gpio.o ./src/utilities/axi_spi.o ./src/utilities/axi_uart.o ./src/utilities/fifo_queue_wdt.o ./src/utilities/interrupt_controller.o  ./src/ioi_handler.o ./src/main_ioi.o ./src/monitor_plant.o ./src/monitor_supervisor.o ./src/pendulum_plant.o   -Wl,--start-group,-lxil,-lgcc,-lc,--end-group
Finished building target: app_io_intermediary.elf
 
Invoking: MicroBlaze Print Size
mb-size app_io_intermediary.elf  |tee "app_io_intermediary.elf.size"
   text	   data	    bss	    dec	    hex	filename
  34320	    456	   2696	  37472	   9260	app_io_intermediary.elf
Finished building: app_io_intermediary.elf.size
 
21:50:11 **** Incremental Build of configuration Debug for project app_backup_controller ****
make all 
make: Nothing to be done for `all'.
21:50:11 **** Incremental Build of configuration Debug for project app_io_intermediary ****
make all 
make: Nothing to be done for `all'.
21:50:11 **** Incremental Build of configuration Debug for project bsp_ioi_standalone_xllfifo_interrupt_example_1 ****
make all 
make: Nothing to be done for `all'.
21:50:11 **** Incremental Build of configuration Debug for project bsp_ioi_standalone_xuartlite_polled_example_1 ****
make all 
make: Nothing to be done for `all'.
21:50:12 **** Incremental Build of configuration Debug for project bsp_ioi_standalone_xuartlite_selftest_example_1 ****
make all 
make: Nothing to be done for `all'.
21:50:12 **** Incremental Build of configuration Debug for project bsp_ioi_standalone_xwdttb_example_1 ****
make all 
make: Nothing to be done for `all'.
21:50:12 **** Incremental Build of configuration Debug for project bsp_ioi_standalone_xwdttb_intr_example_1 ****
make all 
make: Nothing to be done for `all'.
21:50:12 **** Incremental Build of configuration Debug for project app_production_controller ****
make all 
make: Nothing to be done for `all'.
21:50:13 **** Incremental Build of configuration Debug for project bsp_production_freertos_xllfifo_polling_example_1 ****
make all 
make: Nothing to be done for `all'.
21:50:13 **** Incremental Build of configuration Debug for project bsp_production_freertos_xuartps_hello_world_example_1 ****
make all 
make: Nothing to be done for `all'.
21:50:19 **** Incremental Build of configuration Debug for project app_backup_controller ****
make all 
make: Nothing to be done for `all'.
21:50:19 **** Incremental Build of configuration Debug for project app_io_intermediary ****
make all 
make: Nothing to be done for `all'.
21:50:19 **** Incremental Build of configuration Debug for project bsp_ioi_standalone_xllfifo_interrupt_example_1 ****
make all 
make: Nothing to be done for `all'.
21:50:19 **** Incremental Build of configuration Debug for project bsp_ioi_standalone_xuartlite_polled_example_1 ****
make all 
make: Nothing to be done for `all'.
21:50:20 **** Incremental Build of configuration Debug for project bsp_ioi_standalone_xuartlite_selftest_example_1 ****
make all 
make: Nothing to be done for `all'.
21:50:20 **** Incremental Build of configuration Debug for project bsp_ioi_standalone_xwdttb_example_1 ****
make all 
make: Nothing to be done for `all'.
21:50:20 **** Incremental Build of configuration Debug for project bsp_ioi_standalone_xwdttb_intr_example_1 ****
make all 
make: Nothing to be done for `all'.
21:50:20 **** Incremental Build of configuration Debug for project app_production_controller ****
make all 
make: Nothing to be done for `all'.
21:50:21 **** Incremental Build of configuration Debug for project bsp_production_freertos_xllfifo_polling_example_1 ****
make all 
make: Nothing to be done for `all'.
21:50:21 **** Incremental Build of configuration Debug for project bsp_production_freertos_xuartps_hello_world_example_1 ****
make all 
make: Nothing to be done for `all'.
21:50:32 **** Incremental Build of configuration Debug for project app_backup_controller ****
make all 
make: Nothing to be done for `all'.
21:50:33 **** Incremental Build of configuration Debug for project app_io_intermediary ****
make all 
make: Nothing to be done for `all'.
21:50:33 **** Incremental Build of configuration Debug for project bsp_ioi_standalone_xllfifo_interrupt_example_1 ****
make all 
make: Nothing to be done for `all'.
21:50:33 **** Incremental Build of configuration Debug for project bsp_ioi_standalone_xuartlite_polled_example_1 ****
make all 
make: Nothing to be done for `all'.
21:50:33 **** Incremental Build of configuration Debug for project bsp_ioi_standalone_xuartlite_selftest_example_1 ****
make all 
make: Nothing to be done for `all'.
21:50:33 **** Incremental Build of configuration Debug for project bsp_ioi_standalone_xwdttb_example_1 ****
make all 
make: Nothing to be done for `all'.
21:50:34 **** Incremental Build of configuration Debug for project bsp_ioi_standalone_xwdttb_intr_example_1 ****
make all 
make: Nothing to be done for `all'.
21:50:34 **** Incremental Build of configuration Debug for project app_production_controller ****
make all 
make: Nothing to be done for `all'.
21:50:34 **** Incremental Build of configuration Debug for project bsp_production_freertos_xllfifo_polling_example_1 ****
make all 
make: Nothing to be done for `all'.
21:50:34 **** Incremental Build of configuration Debug for project bsp_production_freertos_xuartps_hello_world_example_1 ****
make all 
make: Nothing to be done for `all'.
21:50:40 **** Incremental Build of configuration Debug for project app_backup_controller ****
make all 
make: Nothing to be done for `all'.
21:50:40 **** Incremental Build of configuration Debug for project app_io_intermediary ****
make all 
make: Nothing to be done for `all'.
21:50:40 **** Incremental Build of configuration Debug for project bsp_ioi_standalone_xllfifo_interrupt_example_1 ****
make all 
make: Nothing to be done for `all'.
21:50:41 **** Incremental Build of configuration Debug for project bsp_ioi_standalone_xuartlite_polled_example_1 ****
make all 
make: Nothing to be done for `all'.
21:50:41 **** Incremental Build of configuration Debug for project bsp_ioi_standalone_xuartlite_selftest_example_1 ****
make all 
make: Nothing to be done for `all'.
21:50:41 **** Incremental Build of configuration Debug for project bsp_ioi_standalone_xwdttb_example_1 ****
make all 
make: Nothing to be done for `all'.
21:50:41 **** Incremental Build of configuration Debug for project bsp_ioi_standalone_xwdttb_intr_example_1 ****
make all 
make: Nothing to be done for `all'.
21:50:42 **** Incremental Build of configuration Debug for project app_production_controller ****
make all 
make: Nothing to be done for `all'.
21:50:42 **** Incremental Build of configuration Debug for project bsp_production_freertos_xllfifo_polling_example_1 ****
make all 
make: Nothing to be done for `all'.
21:50:42 **** Incremental Build of configuration Debug for project bsp_production_freertos_xuartps_hello_world_example_1 ****
make all 
make: Nothing to be done for `all'.
21:52:11 **** Incremental Build of configuration Debug for project app_backup_controller ****
make all 
make: Nothing to be done for `all'.
21:52:11 **** Incremental Build of configuration Debug for project app_io_intermediary ****
make all 
make: Nothing to be done for `all'.
21:52:11 **** Incremental Build of configuration Debug for project bsp_ioi_standalone_xllfifo_interrupt_example_1 ****
make all 
make: Nothing to be done for `all'.
21:52:11 **** Incremental Build of configuration Debug for project bsp_ioi_standalone_xuartlite_polled_example_1 ****
make all 
make: Nothing to be done for `all'.
21:52:12 **** Incremental Build of configuration Debug for project bsp_ioi_standalone_xuartlite_selftest_example_1 ****
make all 
make: Nothing to be done for `all'.
21:52:12 **** Incremental Build of configuration Debug for project bsp_ioi_standalone_xwdttb_example_1 ****
make all 
make: Nothing to be done for `all'.
21:52:12 **** Incremental Build of configuration Debug for project bsp_ioi_standalone_xwdttb_intr_example_1 ****
make all 
make: Nothing to be done for `all'.
21:52:12 **** Incremental Build of configuration Debug for project app_production_controller ****
make all 
make: Nothing to be done for `all'.
21:52:13 **** Incremental Build of configuration Debug for project bsp_production_freertos_xllfifo_polling_example_1 ****
make all 
make: Nothing to be done for `all'.
21:52:13 **** Incremental Build of configuration Debug for project bsp_production_freertos_xuartps_hello_world_example_1 ****
make all 
make: Nothing to be done for `all'.
21:52:16 **** Incremental Build of configuration Debug for project app_backup_controller ****
make all 
make: Nothing to be done for `all'.
21:52:16 **** Incremental Build of configuration Debug for project app_io_intermediary ****
make all 
make: Nothing to be done for `all'.
21:52:16 **** Incremental Build of configuration Debug for project bsp_ioi_standalone_xllfifo_interrupt_example_1 ****
make all 
make: Nothing to be done for `all'.
21:52:17 **** Incremental Build of configuration Debug for project bsp_ioi_standalone_xuartlite_polled_example_1 ****
make all 
make: Nothing to be done for `all'.
21:52:17 **** Incremental Build of configuration Debug for project bsp_ioi_standalone_xuartlite_selftest_example_1 ****
make all 
make: Nothing to be done for `all'.
21:52:17 **** Incremental Build of configuration Debug for project bsp_ioi_standalone_xwdttb_example_1 ****
make all 
make: Nothing to be done for `all'.
21:52:17 **** Incremental Build of configuration Debug for project bsp_ioi_standalone_xwdttb_intr_example_1 ****
make all 
make: Nothing to be done for `all'.
21:52:17 **** Incremental Build of configuration Debug for project app_production_controller ****
make all 
make: Nothing to be done for `all'.
21:52:18 **** Incremental Build of configuration Debug for project bsp_production_freertos_xllfifo_polling_example_1 ****
make all 
make: Nothing to be done for `all'.
21:52:18 **** Incremental Build of configuration Debug for project bsp_production_freertos_xuartps_hello_world_example_1 ****
make all 
make: Nothing to be done for `all'.
21:52:21 **** Incremental Build of configuration Debug for project app_backup_controller ****
make all 
make: Nothing to be done for `all'.
21:52:21 **** Incremental Build of configuration Debug for project app_io_intermediary ****
make all 
make: Nothing to be done for `all'.
21:52:22 **** Incremental Build of configuration Debug for project bsp_ioi_standalone_xllfifo_interrupt_example_1 ****
make all 
make: Nothing to be done for `all'.
21:52:22 **** Incremental Build of configuration Debug for project bsp_ioi_standalone_xuartlite_polled_example_1 ****
make all 
make: Nothing to be done for `all'.
21:52:22 **** Incremental Build of configuration Debug for project bsp_ioi_standalone_xuartlite_selftest_example_1 ****
make all 
make: Nothing to be done for `all'.
21:52:22 **** Incremental Build of configuration Debug for project bsp_ioi_standalone_xwdttb_example_1 ****
make all 
make: Nothing to be done for `all'.
21:52:23 **** Incremental Build of configuration Debug for project bsp_ioi_standalone_xwdttb_intr_example_1 ****
make all 
make: Nothing to be done for `all'.
21:52:23 **** Incremental Build of configuration Debug for project app_production_controller ****
make all 
make: Nothing to be done for `all'.
21:52:23 **** Incremental Build of configuration Debug for project bsp_production_freertos_xllfifo_polling_example_1 ****
make all 
make: Nothing to be done for `all'.
21:52:23 **** Incremental Build of configuration Debug for project bsp_production_freertos_xuartps_hello_world_example_1 ****
make all 
make: Nothing to be done for `all'.
