22:00:31 **** Build of project bsp_production_freertos ****
make -k all 
Running Make include in ps7_cortexa9_1/libsrc/cpu_cortexa9_v2_1/src
make -C ps7_cortexa9_1/libsrc/cpu_cortexa9_v2_1/src -s include  "SHELL=/bin/sh" "COMPILER=arm-xilinx-eabi-gcc" "ARCHIVER=arm-xilinx-eabi-ar" "COMPILER_FLAGS=  -O2 -c" "EXTRA_COMPILER_FLAGS=-g"
Running Make include in ps7_cortexa9_1/libsrc/devcfg_v3_2/src
make -C ps7_cortexa9_1/libsrc/devcfg_v3_2/src -s include  "SHELL=/bin/sh" "COMPILER=arm-xilinx-eabi-gcc" "ARCHIVER=arm-xilinx-eabi-ar" "COMPILER_FLAGS=  -O2 -c" "EXTRA_COMPILER_FLAGS=-g"
Running Make include in ps7_cortexa9_1/libsrc/dmaps_v2_1/src
make -C ps7_cortexa9_1/libsrc/dmaps_v2_1/src -s include  "SHELL=/bin/sh" "COMPILER=arm-xilinx-eabi-gcc" "ARCHIVER=arm-xilinx-eabi-ar" "COMPILER_FLAGS=  -O2 -c" "EXTRA_COMPILER_FLAGS=-g"
Running Make include in ps7_cortexa9_1/libsrc/emacps_v2_2/src
make -C ps7_cortexa9_1/libsrc/emacps_v2_2/src -s include  "SHELL=/bin/sh" "COMPILER=arm-xilinx-eabi-gcc" "ARCHIVER=arm-xilinx-eabi-ar" "COMPILER_FLAGS=  -O2 -c" "EXTRA_COMPILER_FLAGS=-g"
Running Make include in ps7_cortexa9_1/libsrc/freertos_zynq_v1_02_a/src
make -C ps7_cortexa9_1/libsrc/freertos_zynq_v1_02_a/src -s include  "SHELL=/bin/sh" "COMPILER=arm-xilinx-eabi-gcc" "ARCHIVER=arm-xilinx-eabi-ar" "COMPILER_FLAGS=  -O2 -c" "EXTRA_COMPILER_FLAGS=-g"
Running Make include in ps7_cortexa9_1/libsrc/gpio_v4_0/src
make -C ps7_cortexa9_1/libsrc/gpio_v4_0/src -s include  "SHELL=/bin/sh" "COMPILER=arm-xilinx-eabi-gcc" "ARCHIVER=arm-xilinx-eabi-ar" "COMPILER_FLAGS=  -O2 -c" "EXTRA_COMPILER_FLAGS=-g"
Running Make include in ps7_cortexa9_1/libsrc/iicps_v2_3/src
make -C ps7_cortexa9_1/libsrc/iicps_v2_3/src -s include  "SHELL=/bin/sh" "COMPILER=arm-xilinx-eabi-gcc" "ARCHIVER=arm-xilinx-eabi-ar" "COMPILER_FLAGS=  -O2 -c" "EXTRA_COMPILER_FLAGS=-g"
Running Make include in ps7_cortexa9_1/libsrc/llfifo_v4_0/src
make -C ps7_cortexa9_1/libsrc/llfifo_v4_0/src -s include  "SHELL=/bin/sh" "COMPILER=arm-xilinx-eabi-gcc" "ARCHIVER=arm-xilinx-eabi-ar" "COMPILER_FLAGS=  -O2 -c" "EXTRA_COMPILER_FLAGS=-g"
Running Make include in ps7_cortexa9_1/libsrc/lwip140_v2_3/src
make -C ps7_cortexa9_1/libsrc/lwip140_v2_3/src -s include  "SHELL=/bin/sh" "COMPILER=arm-xilinx-eabi-gcc" "ARCHIVER=arm-xilinx-eabi-ar" "COMPILER_FLAGS=  -O2 -c" "EXTRA_COMPILER_FLAGS=-g"
Running Make include in ps7_cortexa9_1/libsrc/qspips_v3_1/src
make -C ps7_cortexa9_1/libsrc/qspips_v3_1/src -s include  "SHELL=/bin/sh" "COMPILER=arm-xilinx-eabi-gcc" "ARCHIVER=arm-xilinx-eabi-ar" "COMPILER_FLAGS=  -O2 -c" "EXTRA_COMPILER_FLAGS=-g"
Running Make include in ps7_cortexa9_1/libsrc/scugic_v2_1/src
make -C ps7_cortexa9_1/libsrc/scugic_v2_1/src -s include  "SHELL=/bin/sh" "COMPILER=arm-xilinx-eabi-gcc" "ARCHIVER=arm-xilinx-eabi-ar" "COMPILER_FLAGS=  -O2 -c" "EXTRA_COMPILER_FLAGS=-g"
Running Make include in ps7_cortexa9_1/libsrc/scutimer_v2_0/src
make -C ps7_cortexa9_1/libsrc/scutimer_v2_0/src -s include  "SHELL=/bin/sh" "COMPILER=arm-xilinx-eabi-gcc" "ARCHIVER=arm-xilinx-eabi-ar" "COMPILER_FLAGS=  -O2 -c" "EXTRA_COMPILER_FLAGS=-g"
Running Make include in ps7_cortexa9_1/libsrc/scuwdt_v2_0/src
make -C ps7_cortexa9_1/libsrc/scuwdt_v2_0/src -s include  "SHELL=/bin/sh" "COMPILER=arm-xilinx-eabi-gcc" "ARCHIVER=arm-xilinx-eabi-ar" "COMPILER_FLAGS=  -O2 -c" "EXTRA_COMPILER_FLAGS=-g"
Running Make include in ps7_cortexa9_1/libsrc/sdps_v2_3/src
make -C ps7_cortexa9_1/libsrc/sdps_v2_3/src -s include  "SHELL=/bin/sh" "COMPILER=arm-xilinx-eabi-gcc" "ARCHIVER=arm-xilinx-eabi-ar" "COMPILER_FLAGS=  -O2 -c" "EXTRA_COMPILER_FLAGS=-g"
Running Make include in ps7_cortexa9_1/libsrc/standalone_v4_1/src
make -C ps7_cortexa9_1/libsrc/standalone_v4_1/src -s include  "SHELL=/bin/sh" "COMPILER=arm-xilinx-eabi-gcc" "ARCHIVER=arm-xilinx-eabi-ar" "COMPILER_FLAGS=  -O2 -c" "EXTRA_COMPILER_FLAGS=-g"
Running Make include in ps7_cortexa9_1/libsrc/uartps_v2_2/src
make -C ps7_cortexa9_1/libsrc/uartps_v2_2/src -s include  "SHELL=/bin/sh" "COMPILER=arm-xilinx-eabi-gcc" "ARCHIVER=arm-xilinx-eabi-ar" "COMPILER_FLAGS=  -O2 -c" "EXTRA_COMPILER_FLAGS=-g"
Running Make include in ps7_cortexa9_1/libsrc/usbps_v2_2/src
make -C ps7_cortexa9_1/libsrc/usbps_v2_2/src -s include  "SHELL=/bin/sh" "COMPILER=arm-xilinx-eabi-gcc" "ARCHIVER=arm-xilinx-eabi-ar" "COMPILER_FLAGS=  -O2 -c" "EXTRA_COMPILER_FLAGS=-g"
Running Make include in ps7_cortexa9_1/libsrc/xadcps_v2_1/src
make -C ps7_cortexa9_1/libsrc/xadcps_v2_1/src -s include  "SHELL=/bin/sh" "COMPILER=arm-xilinx-eabi-gcc" "ARCHIVER=arm-xilinx-eabi-ar" "COMPILER_FLAGS=  -O2 -c" "EXTRA_COMPILER_FLAGS=-g"
Running Make include in ps7_cortexa9_1/libsrc/xilmfs_v2_0/src
make -C ps7_cortexa9_1/libsrc/xilmfs_v2_0/src -s include  "SHELL=/bin/sh" "COMPILER=arm-xilinx-eabi-gcc" "ARCHIVER=arm-xilinx-eabi-ar" "COMPILER_FLAGS=  -O2 -c" "EXTRA_COMPILER_FLAGS=-g"
Running Make libs in ps7_cortexa9_1/libsrc/cpu_cortexa9_v2_1/src
make -C ps7_cortexa9_1/libsrc/cpu_cortexa9_v2_1/src -s libs  "SHELL=/bin/sh" "COMPILER=arm-xilinx-eabi-gcc" "ARCHIVER=arm-xilinx-eabi-ar" "COMPILER_FLAGS=  -O2 -c" "EXTRA_COMPILER_FLAGS=-g"
Compiling cpu_cortexa9
Running Make libs in ps7_cortexa9_1/libsrc/devcfg_v3_2/src
make -C ps7_cortexa9_1/libsrc/devcfg_v3_2/src -s libs  "SHELL=/bin/sh" "COMPILER=arm-xilinx-eabi-gcc" "ARCHIVER=arm-xilinx-eabi-ar" "COMPILER_FLAGS=  -O2 -c" "EXTRA_COMPILER_FLAGS=-g"
Compiling devcfg
arm-xilinx-eabi-ar: creating ../../../lib/libxil.a
Running Make libs in ps7_cortexa9_1/libsrc/dmaps_v2_1/src
make -C ps7_cortexa9_1/libsrc/dmaps_v2_1/src -s libs  "SHELL=/bin/sh" "COMPILER=arm-xilinx-eabi-gcc" "ARCHIVER=arm-xilinx-eabi-ar" "COMPILER_FLAGS=  -O2 -c" "EXTRA_COMPILER_FLAGS=-g"
Compiling dmaps
Running Make libs in ps7_cortexa9_1/libsrc/emacps_v2_2/src
make -C ps7_cortexa9_1/libsrc/emacps_v2_2/src -s libs  "SHELL=/bin/sh" "COMPILER=arm-xilinx-eabi-gcc" "ARCHIVER=arm-xilinx-eabi-ar" "COMPILER_FLAGS=  -O2 -c" "EXTRA_COMPILER_FLAGS=-g"
Compiling emacps
Running Make libs in ps7_cortexa9_1/libsrc/freertos_zynq_v1_02_a/src
make -C ps7_cortexa9_1/libsrc/freertos_zynq_v1_02_a/src -s libs  "SHELL=/bin/sh" "COMPILER=arm-xilinx-eabi-gcc" "ARCHIVER=arm-xilinx-eabi-ar" "COMPILER_FLAGS=  -O2 -c" "EXTRA_COMPILER_FLAGS=-g"
Compiling FreeRTOS
arm-xilinx-eabi-ar: creating ../../../lib/libfreertos.a
Running Make libs in ps7_cortexa9_1/libsrc/gpio_v4_0/src
make -C ps7_cortexa9_1/libsrc/gpio_v4_0/src -s libs  "SHELL=/bin/sh" "COMPILER=arm-xilinx-eabi-gcc" "ARCHIVER=arm-xilinx-eabi-ar" "COMPILER_FLAGS=  -O2 -c" "EXTRA_COMPILER_FLAGS=-g"
Compiling gpio
Running Make libs in ps7_cortexa9_1/libsrc/iicps_v2_3/src
make -C ps7_cortexa9_1/libsrc/iicps_v2_3/src -s libs  "SHELL=/bin/sh" "COMPILER=arm-xilinx-eabi-gcc" "ARCHIVER=arm-xilinx-eabi-ar" "COMPILER_FLAGS=  -O2 -c" "EXTRA_COMPILER_FLAGS=-g"
Compiling iicps
Running Make libs in ps7_cortexa9_1/libsrc/llfifo_v4_0/src
make -C ps7_cortexa9_1/libsrc/llfifo_v4_0/src -s libs  "SHELL=/bin/sh" "COMPILER=arm-xilinx-eabi-gcc" "ARCHIVER=arm-xilinx-eabi-ar" "COMPILER_FLAGS=  -O2 -c" "EXTRA_COMPILER_FLAGS=-g"
Compiling llfifo
Running Make libs in ps7_cortexa9_1/libsrc/lwip140_v2_3/src
make -C ps7_cortexa9_1/libsrc/lwip140_v2_3/src -s libs  "SHELL=/bin/sh" "COMPILER=arm-xilinx-eabi-gcc" "ARCHIVER=arm-xilinx-eabi-ar" "COMPILER_FLAGS=  -O2 -c" "EXTRA_COMPILER_FLAGS=-g"
Compiling lwIP
Compiling lwIP adapter for Xilinx MAC
Creating archive liblwip4.a
clean target for lwip
Running Make libs in ps7_cortexa9_1/libsrc/qspips_v3_1/src
make -C ps7_cortexa9_1/libsrc/qspips_v3_1/src -s libs  "SHELL=/bin/sh" "COMPILER=arm-xilinx-eabi-gcc" "ARCHIVER=arm-xilinx-eabi-ar" "COMPILER_FLAGS=  -O2 -c" "EXTRA_COMPILER_FLAGS=-g"
Compiling qspips
Running Make libs in ps7_cortexa9_1/libsrc/scugic_v2_1/src
make -C ps7_cortexa9_1/libsrc/scugic_v2_1/src -s libs  "SHELL=/bin/sh" "COMPILER=arm-xilinx-eabi-gcc" "ARCHIVER=arm-xilinx-eabi-ar" "COMPILER_FLAGS=  -O2 -c" "EXTRA_COMPILER_FLAGS=-g"
Compiling scugic
Running Make libs in ps7_cortexa9_1/libsrc/scutimer_v2_0/src
make -C ps7_cortexa9_1/libsrc/scutimer_v2_0/src -s libs  "SHELL=/bin/sh" "COMPILER=arm-xilinx-eabi-gcc" "ARCHIVER=arm-xilinx-eabi-ar" "COMPILER_FLAGS=  -O2 -c" "EXTRA_COMPILER_FLAGS=-g"
Compiling scutimer
Running Make libs in ps7_cortexa9_1/libsrc/scuwdt_v2_0/src
make -C ps7_cortexa9_1/libsrc/scuwdt_v2_0/src -s libs  "SHELL=/bin/sh" "COMPILER=arm-xilinx-eabi-gcc" "ARCHIVER=arm-xilinx-eabi-ar" "COMPILER_FLAGS=  -O2 -c" "EXTRA_COMPILER_FLAGS=-g"
Compiling scuwdt
Running Make libs in ps7_cortexa9_1/libsrc/sdps_v2_3/src
make -C ps7_cortexa9_1/libsrc/sdps_v2_3/src -s libs  "SHELL=/bin/sh" "COMPILER=arm-xilinx-eabi-gcc" "ARCHIVER=arm-xilinx-eabi-ar" "COMPILER_FLAGS=  -O2 -c" "EXTRA_COMPILER_FLAGS=-g"
Compiling sdps
Running Make libs in ps7_cortexa9_1/libsrc/standalone_v4_1/src
make -C ps7_cortexa9_1/libsrc/standalone_v4_1/src -s libs  "SHELL=/bin/sh" "COMPILER=arm-xilinx-eabi-gcc" "ARCHIVER=arm-xilinx-eabi-ar" "COMPILER_FLAGS=  -O2 -c" "EXTRA_COMPILER_FLAGS=-g"
Compiling standalone
Running Make libs in ps7_cortexa9_1/libsrc/uartps_v2_2/src
make -C ps7_cortexa9_1/libsrc/uartps_v2_2/src -s libs  "SHELL=/bin/sh" "COMPILER=arm-xilinx-eabi-gcc" "ARCHIVER=arm-xilinx-eabi-ar" "COMPILER_FLAGS=  -O2 -c" "EXTRA_COMPILER_FLAGS=-g"
Compiling uartps
Running Make libs in ps7_cortexa9_1/libsrc/usbps_v2_2/src
make -C ps7_cortexa9_1/libsrc/usbps_v2_2/src -s libs  "SHELL=/bin/sh" "COMPILER=arm-xilinx-eabi-gcc" "ARCHIVER=arm-xilinx-eabi-ar" "COMPILER_FLAGS=  -O2 -c" "EXTRA_COMPILER_FLAGS=-g"
Compiling usbps
Running Make libs in ps7_cortexa9_1/libsrc/xadcps_v2_1/src
make -C ps7_cortexa9_1/libsrc/xadcps_v2_1/src -s libs  "SHELL=/bin/sh" "COMPILER=arm-xilinx-eabi-gcc" "ARCHIVER=arm-xilinx-eabi-ar" "COMPILER_FLAGS=  -O2 -c" "EXTRA_COMPILER_FLAGS=-g"
Compiling xadcps
Running Make libs in ps7_cortexa9_1/libsrc/xilmfs_v2_0/src
make -C ps7_cortexa9_1/libsrc/xilmfs_v2_0/src -s libs  "SHELL=/bin/sh" "COMPILER=arm-xilinx-eabi-gcc" "ARCHIVER=arm-xilinx-eabi-ar" "COMPILER_FLAGS=  -O2 -c" "EXTRA_COMPILER_FLAGS=-g"
Finished building libraries
22:03:24 **** Auto Build of project bsp_production_freertos ****
make -k all 
Running Make include in ps7_cortexa9_1/libsrc/cpu_cortexa9_v2_1/src
make -C ps7_cortexa9_1/libsrc/cpu_cortexa9_v2_1/src -s include  "SHELL=/bin/sh" "COMPILER=arm-xilinx-eabi-gcc" "ARCHIVER=arm-xilinx-eabi-ar" "COMPILER_FLAGS=  -O2 -c" "EXTRA_COMPILER_FLAGS=-g"
Running Make include in ps7_cortexa9_1/libsrc/devcfg_v3_2/src
make -C ps7_cortexa9_1/libsrc/devcfg_v3_2/src -s include  "SHELL=/bin/sh" "COMPILER=arm-xilinx-eabi-gcc" "ARCHIVER=arm-xilinx-eabi-ar" "COMPILER_FLAGS=  -O2 -c" "EXTRA_COMPILER_FLAGS=-g"
Running Make include in ps7_cortexa9_1/libsrc/dmaps_v2_1/src
make -C ps7_cortexa9_1/libsrc/dmaps_v2_1/src -s include  "SHELL=/bin/sh" "COMPILER=arm-xilinx-eabi-gcc" "ARCHIVER=arm-xilinx-eabi-ar" "COMPILER_FLAGS=  -O2 -c" "EXTRA_COMPILER_FLAGS=-g"
Running Make include in ps7_cortexa9_1/libsrc/emacps_v2_2/src
make -C ps7_cortexa9_1/libsrc/emacps_v2_2/src -s include  "SHELL=/bin/sh" "COMPILER=arm-xilinx-eabi-gcc" "ARCHIVER=arm-xilinx-eabi-ar" "COMPILER_FLAGS=  -O2 -c" "EXTRA_COMPILER_FLAGS=-g"
Running Make include in ps7_cortexa9_1/libsrc/freertos_zynq_v1_02_a/src
make -C ps7_cortexa9_1/libsrc/freertos_zynq_v1_02_a/src -s include  "SHELL=/bin/sh" "COMPILER=arm-xilinx-eabi-gcc" "ARCHIVER=arm-xilinx-eabi-ar" "COMPILER_FLAGS=  -O2 -c" "EXTRA_COMPILER_FLAGS=-g"
Running Make include in ps7_cortexa9_1/libsrc/gpio_v4_0/src
make -C ps7_cortexa9_1/libsrc/gpio_v4_0/src -s include  "SHELL=/bin/sh" "COMPILER=arm-xilinx-eabi-gcc" "ARCHIVER=arm-xilinx-eabi-ar" "COMPILER_FLAGS=  -O2 -c" "EXTRA_COMPILER_FLAGS=-g"
Running Make include in ps7_cortexa9_1/libsrc/iicps_v2_3/src
make -C ps7_cortexa9_1/libsrc/iicps_v2_3/src -s include  "SHELL=/bin/sh" "COMPILER=arm-xilinx-eabi-gcc" "ARCHIVER=arm-xilinx-eabi-ar" "COMPILER_FLAGS=  -O2 -c" "EXTRA_COMPILER_FLAGS=-g"
Running Make include in ps7_cortexa9_1/libsrc/llfifo_v4_0/src
make -C ps7_cortexa9_1/libsrc/llfifo_v4_0/src -s include  "SHELL=/bin/sh" "COMPILER=arm-xilinx-eabi-gcc" "ARCHIVER=arm-xilinx-eabi-ar" "COMPILER_FLAGS=  -O2 -c" "EXTRA_COMPILER_FLAGS=-g"
Running Make include in ps7_cortexa9_1/libsrc/lwip140_v2_3/src
make -C ps7_cortexa9_1/libsrc/lwip140_v2_3/src -s include  "SHELL=/bin/sh" "COMPILER=arm-xilinx-eabi-gcc" "ARCHIVER=arm-xilinx-eabi-ar" "COMPILER_FLAGS=  -O2 -c" "EXTRA_COMPILER_FLAGS=-g"
Running Make include in ps7_cortexa9_1/libsrc/qspips_v3_1/src
make -C ps7_cortexa9_1/libsrc/qspips_v3_1/src -s include  "SHELL=/bin/sh" "COMPILER=arm-xilinx-eabi-gcc" "ARCHIVER=arm-xilinx-eabi-ar" "COMPILER_FLAGS=  -O2 -c" "EXTRA_COMPILER_FLAGS=-g"
Running Make include in ps7_cortexa9_1/libsrc/scugic_v2_1/src
make -C ps7_cortexa9_1/libsrc/scugic_v2_1/src -s include  "SHELL=/bin/sh" "COMPILER=arm-xilinx-eabi-gcc" "ARCHIVER=arm-xilinx-eabi-ar" "COMPILER_FLAGS=  -O2 -c" "EXTRA_COMPILER_FLAGS=-g"
Running Make include in ps7_cortexa9_1/libsrc/scutimer_v2_0/src
make -C ps7_cortexa9_1/libsrc/scutimer_v2_0/src -s include  "SHELL=/bin/sh" "COMPILER=arm-xilinx-eabi-gcc" "ARCHIVER=arm-xilinx-eabi-ar" "COMPILER_FLAGS=  -O2 -c" "EXTRA_COMPILER_FLAGS=-g"
Running Make include in ps7_cortexa9_1/libsrc/scuwdt_v2_0/src
make -C ps7_cortexa9_1/libsrc/scuwdt_v2_0/src -s include  "SHELL=/bin/sh" "COMPILER=arm-xilinx-eabi-gcc" "ARCHIVER=arm-xilinx-eabi-ar" "COMPILER_FLAGS=  -O2 -c" "EXTRA_COMPILER_FLAGS=-g"
Running Make include in ps7_cortexa9_1/libsrc/sdps_v2_3/src
make -C ps7_cortexa9_1/libsrc/sdps_v2_3/src -s include  "SHELL=/bin/sh" "COMPILER=arm-xilinx-eabi-gcc" "ARCHIVER=arm-xilinx-eabi-ar" "COMPILER_FLAGS=  -O2 -c" "EXTRA_COMPILER_FLAGS=-g"
Running Make include in ps7_cortexa9_1/libsrc/standalone_v4_1/src
make -C ps7_cortexa9_1/libsrc/standalone_v4_1/src -s include  "SHELL=/bin/sh" "COMPILER=arm-xilinx-eabi-gcc" "ARCHIVER=arm-xilinx-eabi-ar" "COMPILER_FLAGS=  -O2 -c" "EXTRA_COMPILER_FLAGS=-g"
Running Make include in ps7_cortexa9_1/libsrc/uartps_v2_2/src
make -C ps7_cortexa9_1/libsrc/uartps_v2_2/src -s include  "SHELL=/bin/sh" "COMPILER=arm-xilinx-eabi-gcc" "ARCHIVER=arm-xilinx-eabi-ar" "COMPILER_FLAGS=  -O2 -c" "EXTRA_COMPILER_FLAGS=-g"
Running Make include in ps7_cortexa9_1/libsrc/usbps_v2_2/src
make -C ps7_cortexa9_1/libsrc/usbps_v2_2/src -s include  "SHELL=/bin/sh" "COMPILER=arm-xilinx-eabi-gcc" "ARCHIVER=arm-xilinx-eabi-ar" "COMPILER_FLAGS=  -O2 -c" "EXTRA_COMPILER_FLAGS=-g"
Running Make include in ps7_cortexa9_1/libsrc/xadcps_v2_1/src
make -C ps7_cortexa9_1/libsrc/xadcps_v2_1/src -s include  "SHELL=/bin/sh" "COMPILER=arm-xilinx-eabi-gcc" "ARCHIVER=arm-xilinx-eabi-ar" "COMPILER_FLAGS=  -O2 -c" "EXTRA_COMPILER_FLAGS=-g"
Running Make include in ps7_cortexa9_1/libsrc/xilmfs_v2_0/src
make -C ps7_cortexa9_1/libsrc/xilmfs_v2_0/src -s include  "SHELL=/bin/sh" "COMPILER=arm-xilinx-eabi-gcc" "ARCHIVER=arm-xilinx-eabi-ar" "COMPILER_FLAGS=  -O2 -c" "EXTRA_COMPILER_FLAGS=-g"
Running Make libs in ps7_cortexa9_1/libsrc/cpu_cortexa9_v2_1/src
make -C ps7_cortexa9_1/libsrc/cpu_cortexa9_v2_1/src -s libs  "SHELL=/bin/sh" "COMPILER=arm-xilinx-eabi-gcc" "ARCHIVER=arm-xilinx-eabi-ar" "COMPILER_FLAGS=  -O2 -c" "EXTRA_COMPILER_FLAGS=-g"
Compiling cpu_cortexa9
Running Make libs in ps7_cortexa9_1/libsrc/devcfg_v3_2/src
make -C ps7_cortexa9_1/libsrc/devcfg_v3_2/src -s libs  "SHELL=/bin/sh" "COMPILER=arm-xilinx-eabi-gcc" "ARCHIVER=arm-xilinx-eabi-ar" "COMPILER_FLAGS=  -O2 -c" "EXTRA_COMPILER_FLAGS=-g"
Compiling devcfg
arm-xilinx-eabi-ar: creating ../../../lib/libxil.a
Running Make libs in ps7_cortexa9_1/libsrc/dmaps_v2_1/src
make -C ps7_cortexa9_1/libsrc/dmaps_v2_1/src -s libs  "SHELL=/bin/sh" "COMPILER=arm-xilinx-eabi-gcc" "ARCHIVER=arm-xilinx-eabi-ar" "COMPILER_FLAGS=  -O2 -c" "EXTRA_COMPILER_FLAGS=-g"
Compiling dmaps
Running Make libs in ps7_cortexa9_1/libsrc/emacps_v2_2/src
make -C ps7_cortexa9_1/libsrc/emacps_v2_2/src -s libs  "SHELL=/bin/sh" "COMPILER=arm-xilinx-eabi-gcc" "ARCHIVER=arm-xilinx-eabi-ar" "COMPILER_FLAGS=  -O2 -c" "EXTRA_COMPILER_FLAGS=-g"
Compiling emacps
Running Make libs in ps7_cortexa9_1/libsrc/freertos_zynq_v1_02_a/src
make -C ps7_cortexa9_1/libsrc/freertos_zynq_v1_02_a/src -s libs  "SHELL=/bin/sh" "COMPILER=arm-xilinx-eabi-gcc" "ARCHIVER=arm-xilinx-eabi-ar" "COMPILER_FLAGS=  -O2 -c" "EXTRA_COMPILER_FLAGS=-g"
Compiling FreeRTOS
arm-xilinx-eabi-ar: creating ../../../lib/libfreertos.a
Running Make libs in ps7_cortexa9_1/libsrc/gpio_v4_0/src
make -C ps7_cortexa9_1/libsrc/gpio_v4_0/src -s libs  "SHELL=/bin/sh" "COMPILER=arm-xilinx-eabi-gcc" "ARCHIVER=arm-xilinx-eabi-ar" "COMPILER_FLAGS=  -O2 -c" "EXTRA_COMPILER_FLAGS=-g"
Compiling gpio
Running Make libs in ps7_cortexa9_1/libsrc/iicps_v2_3/src
make -C ps7_cortexa9_1/libsrc/iicps_v2_3/src -s libs  "SHELL=/bin/sh" "COMPILER=arm-xilinx-eabi-gcc" "ARCHIVER=arm-xilinx-eabi-ar" "COMPILER_FLAGS=  -O2 -c" "EXTRA_COMPILER_FLAGS=-g"
Compiling iicps
Running Make libs in ps7_cortexa9_1/libsrc/llfifo_v4_0/src
make -C ps7_cortexa9_1/libsrc/llfifo_v4_0/src -s libs  "SHELL=/bin/sh" "COMPILER=arm-xilinx-eabi-gcc" "ARCHIVER=arm-xilinx-eabi-ar" "COMPILER_FLAGS=  -O2 -c" "EXTRA_COMPILER_FLAGS=-g"
Compiling llfifo
Running Make libs in ps7_cortexa9_1/libsrc/lwip140_v2_3/src
make -C ps7_cortexa9_1/libsrc/lwip140_v2_3/src -s libs  "SHELL=/bin/sh" "COMPILER=arm-xilinx-eabi-gcc" "ARCHIVER=arm-xilinx-eabi-ar" "COMPILER_FLAGS=  -O2 -c" "EXTRA_COMPILER_FLAGS=-g"
Compiling lwIP
Compiling lwIP adapter for Xilinx MAC
Creating archive liblwip4.a
clean target for lwip
Running Make libs in ps7_cortexa9_1/libsrc/qspips_v3_1/src
make -C ps7_cortexa9_1/libsrc/qspips_v3_1/src -s libs  "SHELL=/bin/sh" "COMPILER=arm-xilinx-eabi-gcc" "ARCHIVER=arm-xilinx-eabi-ar" "COMPILER_FLAGS=  -O2 -c" "EXTRA_COMPILER_FLAGS=-g"
Compiling qspips
Running Make libs in ps7_cortexa9_1/libsrc/scugic_v2_1/src
make -C ps7_cortexa9_1/libsrc/scugic_v2_1/src -s libs  "SHELL=/bin/sh" "COMPILER=arm-xilinx-eabi-gcc" "ARCHIVER=arm-xilinx-eabi-ar" "COMPILER_FLAGS=  -O2 -c" "EXTRA_COMPILER_FLAGS=-g"
Compiling scugic
Running Make libs in ps7_cortexa9_1/libsrc/scutimer_v2_0/src
make -C ps7_cortexa9_1/libsrc/scutimer_v2_0/src -s libs  "SHELL=/bin/sh" "COMPILER=arm-xilinx-eabi-gcc" "ARCHIVER=arm-xilinx-eabi-ar" "COMPILER_FLAGS=  -O2 -c" "EXTRA_COMPILER_FLAGS=-g"
Compiling scutimer
Running Make libs in ps7_cortexa9_1/libsrc/scuwdt_v2_0/src
make -C ps7_cortexa9_1/libsrc/scuwdt_v2_0/src -s libs  "SHELL=/bin/sh" "COMPILER=arm-xilinx-eabi-gcc" "ARCHIVER=arm-xilinx-eabi-ar" "COMPILER_FLAGS=  -O2 -c" "EXTRA_COMPILER_FLAGS=-g"
Compiling scuwdt
Running Make libs in ps7_cortexa9_1/libsrc/sdps_v2_3/src
make -C ps7_cortexa9_1/libsrc/sdps_v2_3/src -s libs  "SHELL=/bin/sh" "COMPILER=arm-xilinx-eabi-gcc" "ARCHIVER=arm-xilinx-eabi-ar" "COMPILER_FLAGS=  -O2 -c" "EXTRA_COMPILER_FLAGS=-g"
Compiling sdps
Running Make libs in ps7_cortexa9_1/libsrc/standalone_v4_1/src
make -C ps7_cortexa9_1/libsrc/standalone_v4_1/src -s libs  "SHELL=/bin/sh" "COMPILER=arm-xilinx-eabi-gcc" "ARCHIVER=arm-xilinx-eabi-ar" "COMPILER_FLAGS=  -O2 -c" "EXTRA_COMPILER_FLAGS=-g"
Compiling standalone
Running Make libs in ps7_cortexa9_1/libsrc/uartps_v2_2/src
make -C ps7_cortexa9_1/libsrc/uartps_v2_2/src -s libs  "SHELL=/bin/sh" "COMPILER=arm-xilinx-eabi-gcc" "ARCHIVER=arm-xilinx-eabi-ar" "COMPILER_FLAGS=  -O2 -c" "EXTRA_COMPILER_FLAGS=-g"
Compiling uartps
Running Make libs in ps7_cortexa9_1/libsrc/usbps_v2_2/src
make -C ps7_cortexa9_1/libsrc/usbps_v2_2/src -s libs  "SHELL=/bin/sh" "COMPILER=arm-xilinx-eabi-gcc" "ARCHIVER=arm-xilinx-eabi-ar" "COMPILER_FLAGS=  -O2 -c" "EXTRA_COMPILER_FLAGS=-g"
Compiling usbps
Running Make libs in ps7_cortexa9_1/libsrc/xadcps_v2_1/src
make -C ps7_cortexa9_1/libsrc/xadcps_v2_1/src -s libs  "SHELL=/bin/sh" "COMPILER=arm-xilinx-eabi-gcc" "ARCHIVER=arm-xilinx-eabi-ar" "COMPILER_FLAGS=  -O2 -c" "EXTRA_COMPILER_FLAGS=-g"
Compiling xadcps
Running Make libs in ps7_cortexa9_1/libsrc/xilmfs_v2_0/src
make -C ps7_cortexa9_1/libsrc/xilmfs_v2_0/src -s libs  "SHELL=/bin/sh" "COMPILER=arm-xilinx-eabi-gcc" "ARCHIVER=arm-xilinx-eabi-ar" "COMPILER_FLAGS=  -O2 -c" "EXTRA_COMPILER_FLAGS=-g"
Finished building libraries
22:07:27 **** Build of configuration Debug for project app_production_controller ****
make all 
Building file: ../src/freertos_hello_world.c
Invoking: ARM gcc compiler
arm-xilinx-eabi-gcc -Wall -O0 -g3 -c -fmessage-length=0 -MT"src/freertos_hello_world.o" -I../../bsp_production_freertos/ps7_cortexa9_1/include -MMD -MP -MF"src/freertos_hello_world.d" -MT"src/freertos_hello_world.d" -o "src/freertos_hello_world.o" "../src/freertos_hello_world.c"
Finished building: ../src/freertos_hello_world.c
 
Building target: app_production_controller.elf
Invoking: ARM gcc linker
arm-xilinx-eabi-gcc -Wl,-T -Wl,../src/lscript.ld -L../../bsp_production_freertos/ps7_cortexa9_1/lib -o "app_production_controller.elf"  ./src/freertos_hello_world.o   -Wl,--start-group,-lxil,-lfreertos,-lgcc,-lc,--end-group -Wl,--start-group,-lxil,-llwip4,-lgcc,-lc,--end-group
Finished building target: app_production_controller.elf
 
Invoking: ARM Print Size
arm-xilinx-eabi-size app_production_controller.elf  |tee "app_production_controller.elf.size"
   text	   data	    bss	    dec	    hex	filename
  68884	   3060	  23100	  95044	  17344	app_production_controller.elf
Finished building: app_production_controller.elf.size
 
22:10:49 **** Auto Build of configuration Debug for project app_production_controller ****
make all 
Building file: ../src/freertos_hello_world.c
Invoking: ARM gcc compiler
arm-xilinx-eabi-gcc -Wall -O0 -g3 -c -fmessage-length=0 -MT"src/freertos_hello_world.o" -I../../bsp_production_freertos/ps7_cortexa9_1/include -MMD -MP -MF"src/freertos_hello_world.d" -MT"src/freertos_hello_world.d" -o "src/freertos_hello_world.o" "../src/freertos_hello_world.c"
../src/freertos_hello_world.c:7:35: fatal error: production_controller.h: No such file or directory
 #include "production_controller.h"
                                   ^
compilation terminated.
make: *** [src/freertos_hello_world.o] Error 1
22:10:58 **** Clean-only build of configuration Debug for project app_production_controller ****
make clean 
rm -rf  ./src/freertos_hello_world.o  ./src/freertos_hello_world.d  app_production_controller.elf.size  app_production_controller.elf
 
22:10:59 **** Auto Build of configuration Debug for project app_production_controller ****
make all 
Building file: ../src/main-production.c
Invoking: ARM gcc compiler
arm-xilinx-eabi-gcc -Wall -O0 -g3 -c -fmessage-length=0 -MT"src/main-production.o" -I../../bsp_production_freertos/ps7_cortexa9_1/include -MMD -MP -MF"src/main-production.d" -MT"src/main-production.d" -o "src/main-production.o" "../src/main-production.c"
../src/main-production.c:7:35: fatal error: production_controller.h: No such file or directory
 #include "production_controller.h"
                                   ^
compilation terminated.
make: *** [src/main-production.o] Error 1
22:11:50 **** Auto Build of configuration Debug for project app_production_controller ****
make all 
Building file: ../src/main-production.c
Invoking: ARM gcc compiler
arm-xilinx-eabi-gcc -Wall -O0 -g3 -c -fmessage-length=0 -MT"src/main-production.o" -I../../bsp_production_freertos/ps7_cortexa9_1/include -MMD -MP -MF"src/main-production.d" -MT"src/main-production.d" -o "src/main-production.o" "../src/main-production.c"
../src/main-production.c:7:35: fatal error: production_controller.h: No such file or directory
 #include "production_controller.h"
                                   ^
compilation terminated.
make: *** [src/main-production.o] Error 1
22:11:55 **** Clean-only build of configuration Debug for project app_production_controller ****
make clean 
rm -rf  ./src/main-production.o  ./src/main-production.d  app_production_controller.elf.size  app_production_controller.elf
 
22:11:55 **** Auto Build of configuration Debug for project app_production_controller ****
make all 
Building file: ../src/main-production.c
Invoking: ARM gcc compiler
arm-xilinx-eabi-gcc -Wall -O0 -g3 -c -fmessage-length=0 -MT"src/main-production.o" -I../../bsp_production_freertos/ps7_cortexa9_1/include -MMD -MP -MF"src/main-production.d" -MT"src/main-production.d" -o "src/main-production.o" "../src/main-production.c"
../src/main-production.c:7:35: fatal error: production_controller.h: No such file or directory
 #include "production_controller.h"
                                   ^
compilation terminated.
make: *** [src/main-production.o] Error 1
22:12:24 **** Clean-only build of configuration Debug for project app_production_controller ****
make clean 
rm -rf  ./src/main-production.o  ./src/main-production.d  app_production_controller.elf.size  app_production_controller.elf
 
22:12:24 **** Auto Build of configuration Debug for project app_production_controller ****
make all 
Building file: ../src/main_production.c
Invoking: ARM gcc compiler
arm-xilinx-eabi-gcc -Wall -O0 -g3 -c -fmessage-length=0 -MT"src/main_production.o" -I../../bsp_production_freertos/ps7_cortexa9_1/include -MMD -MP -MF"src/main_production.d" -MT"src/main_production.d" -o "src/main_production.o" "../src/main_production.c"
../src/main_production.c:7:35: fatal error: production_controller.h: No such file or directory
 #include "production_controller.h"
                                   ^
compilation terminated.
make: *** [src/main_production.o] Error 1
22:12:36 **** Auto Build of configuration Debug for project app_production_controller ****
make all 
Building file: ../src/main_production.c
Invoking: ARM gcc compiler
arm-xilinx-eabi-gcc -Wall -O0 -g3 -c -fmessage-length=0 -MT"src/main_production.o" -I../../bsp_production_freertos/ps7_cortexa9_1/include -MMD -MP -MF"src/main_production.d" -MT"src/main_production.d" -o "src/main_production.o" "../src/main_production.c"
../src/main_production.c: In function 'main':
../src/main_production.c:12:2: warning: implicit declaration of function 'init_axi_gpio' [-Wimplicit-function-declaration]
  init_axi_gpio();
  ^
../src/main_production.c:13:2: warning: implicit declaration of function 'init_fifo_queues' [-Wimplicit-function-declaration]
  init_fifo_queues();
  ^
../src/main_production.c:15:2: warning: implicit declaration of function 'startProductionControl' [-Wimplicit-function-declaration]
  startProductionControl();
  ^
Finished building: ../src/main_production.c
 
Building target: app_production_controller.elf
Invoking: ARM gcc linker
arm-xilinx-eabi-gcc -Wl,-T -Wl,../src/lscript.ld -L../../bsp_production_freertos/ps7_cortexa9_1/lib -o "app_production_controller.elf"  ./src/main_production.o   -Wl,--start-group,-lxil,-lfreertos,-lgcc,-lc,--end-group -Wl,--start-group,-lxil,-llwip4,-lgcc,-lc,--end-group
./src/main_production.o: In function `main':
/home/teja/Documents/TAIGA/Pendulum/Pendulum.sdk/app_production_controller/Debug/../src/main_production.c:12: undefined reference to `init_axi_gpio'
/home/teja/Documents/TAIGA/Pendulum/Pendulum.sdk/app_production_controller/Debug/../src/main_production.c:13: undefined reference to `init_fifo_queues'
/home/teja/Documents/TAIGA/Pendulum/Pendulum.sdk/app_production_controller/Debug/../src/main_production.c:15: undefined reference to `startProductionControl'
collect2: error: ld returned 1 exit status
make: *** [app_production_controller.elf] Error 1
22:12:41 **** Auto Build of configuration Debug for project app_production_controller ****
make all 
Building file: ../src/main_production.c
Invoking: ARM gcc compiler
arm-xilinx-eabi-gcc -Wall -O0 -g3 -c -fmessage-length=0 -MT"src/main_production.o" -I../../bsp_production_freertos/ps7_cortexa9_1/include -MMD -MP -MF"src/main_production.d" -MT"src/main_production.d" -o "src/main_production.o" "../src/main_production.c"
../src/main_production.c: In function 'main':
../src/main_production.c:12:2: warning: implicit declaration of function 'init_axi_gpio' [-Wimplicit-function-declaration]
  init_axi_gpio();
  ^
../src/main_production.c:13:2: warning: implicit declaration of function 'init_fifo_queues' [-Wimplicit-function-declaration]
  init_fifo_queues();
  ^
Finished building: ../src/main_production.c
 
Building target: app_production_controller.elf
Invoking: ARM gcc linker
arm-xilinx-eabi-gcc -Wl,-T -Wl,../src/lscript.ld -L../../bsp_production_freertos/ps7_cortexa9_1/lib -o "app_production_controller.elf"  ./src/main_production.o   -Wl,--start-group,-lxil,-lfreertos,-lgcc,-lc,--end-group -Wl,--start-group,-lxil,-llwip4,-lgcc,-lc,--end-group
./src/main_production.o: In function `main':
/home/teja/Documents/TAIGA/Pendulum/Pendulum.sdk/app_production_controller/Debug/../src/main_production.c:12: undefined reference to `init_axi_gpio'
/home/teja/Documents/TAIGA/Pendulum/Pendulum.sdk/app_production_controller/Debug/../src/main_production.c:13: undefined reference to `init_fifo_queues'
/home/teja/Documents/TAIGA/Pendulum/Pendulum.sdk/app_production_controller/Debug/../src/main_production.c:15: undefined reference to `startProductionControl'
collect2: error: ld returned 1 exit status
make: *** [app_production_controller.elf] Error 1
22:12:58 **** Auto Build of configuration Debug for project app_production_controller ****
make all 
Building file: ../src/production_controller.c
Invoking: ARM gcc compiler
arm-xilinx-eabi-gcc -Wall -O0 -g3 -c -fmessage-length=0 -MT"src/production_controller.o" -I../../bsp_production_freertos/ps7_cortexa9_1/include -MMD -MP -MF"src/production_controller.d" -MT"src/production_controller.d" -o "src/production_controller.o" "../src/production_controller.c"
Finished building: ../src/production_controller.c
 
Building target: app_production_controller.elf
Invoking: ARM gcc linker
arm-xilinx-eabi-gcc -Wl,-T -Wl,../src/lscript.ld -L../../bsp_production_freertos/ps7_cortexa9_1/lib -o "app_production_controller.elf"  ./src/main_production.o ./src/production_controller.o   -Wl,--start-group,-lxil,-lfreertos,-lgcc,-lc,--end-group -Wl,--start-group,-lxil,-llwip4,-lgcc,-lc,--end-group
./src/main_production.o: In function `main':
/home/teja/Documents/TAIGA/Pendulum/Pendulum.sdk/app_production_controller/Debug/../src/main_production.c:12: undefined reference to `init_axi_gpio'
/home/teja/Documents/TAIGA/Pendulum/Pendulum.sdk/app_production_controller/Debug/../src/main_production.c:13: undefined reference to `init_fifo_queues'
/home/teja/Documents/TAIGA/Pendulum/Pendulum.sdk/app_production_controller/Debug/../src/main_production.c:15: undefined reference to `startProductionControl'
collect2: error: ld returned 1 exit status
make: *** [app_production_controller.elf] Error 1
22:14:54 **** Auto Build of configuration Debug for project app_production_controller ****
make all 
Building file: ../src/production_controller.c
Invoking: ARM gcc compiler
arm-xilinx-eabi-gcc -Wall -O0 -g3 -c -fmessage-length=0 -MT"src/production_controller.o" -I../../bsp_production_freertos/ps7_cortexa9_1/include -MMD -MP -MF"src/production_controller.d" -MT"src/production_controller.d" -o "src/production_controller.o" "../src/production_controller.c"
../src/production_controller.c:10:32: fatal error: utilities/axi_gpio.h: No such file or directory
 #include "utilities/axi_gpio.h"
                                ^
compilation terminated.
make: *** [src/production_controller.o] Error 1
22:14:55 **** Incremental Build of configuration Debug for project app_production_controller ****
make all 
Building file: ../src/production_controller.c
Invoking: ARM gcc compiler
arm-xilinx-eabi-gcc -Wall -O0 -g3 -c -fmessage-length=0 -MT"src/production_controller.o" -I../../bsp_production_freertos/ps7_cortexa9_1/include -MMD -MP -MF"src/production_controller.d" -MT"src/production_controller.d" -o "src/production_controller.o" "../src/production_controller.c"
../src/production_controller.c:10:32: fatal error: utilities/axi_gpio.h: No such file or directory
 #include "utilities/axi_gpio.h"
                                ^
compilation terminated.
make: *** [src/production_controller.o] Error 1
22:15:06 **** Auto Build of configuration Debug for project app_production_controller ****
make all 
Building file: ../src/production_controller.c
Invoking: ARM gcc compiler
arm-xilinx-eabi-gcc -Wall -O0 -g3 -c -fmessage-length=0 -MT"src/production_controller.o" -I../../bsp_production_freertos/ps7_cortexa9_1/include -MMD -MP -MF"src/production_controller.d" -MT"src/production_controller.d" -o "src/production_controller.o" "../src/production_controller.c"
../src/production_controller.c:10:32: fatal error: utilities/axi_gpio.h: No such file or directory
 #include "utilities/axi_gpio.h"
                                ^
compilation terminated.
make: *** [src/production_controller.o] Error 1
22:15:15 **** Auto Build of configuration Debug for project app_production_controller ****
make all 
Building file: ../src/production_controller.c
Invoking: ARM gcc compiler
arm-xilinx-eabi-gcc -Wall -O0 -g3 -c -fmessage-length=0 -MT"src/production_controller.o" -I../../bsp_production_freertos/ps7_cortexa9_1/include -MMD -MP -MF"src/production_controller.d" -MT"src/production_controller.d" -o "src/production_controller.o" "../src/production_controller.c"
../src/production_controller.c:10:32: fatal error: utilities/axi_gpio.h: No such file or directory
 #include "utilities/axi_gpio.h"
                                ^
compilation terminated.
make: *** [src/production_controller.o] Error 1
22:15:27 **** Auto Build of configuration Debug for project app_production_controller ****
make all 
Building file: ../src/production_controller.c
Invoking: ARM gcc compiler
arm-xilinx-eabi-gcc -Wall -O0 -g3 -c -fmessage-length=0 -MT"src/production_controller.o" -I../../bsp_production_freertos/ps7_cortexa9_1/include -MMD -MP -MF"src/production_controller.d" -MT"src/production_controller.d" -o "src/production_controller.o" "../src/production_controller.c"
../src/production_controller.c: In function 'startProductionControl':
../src/production_controller.c:31:3: error: 'plantParams' undeclared (first use in this function)
   plantParams.xpre[i] = 0.;
   ^
../src/production_controller.c:31:3: note: each undeclared identifier is reported only once for each function it appears in
make: *** [src/production_controller.o] Error 1
22:50:24 **** Auto Build of configuration Debug for project app_production_controller ****
make all 
Building file: ../src/production_controller.c
Invoking: ARM gcc compiler
arm-xilinx-eabi-gcc -Wall -O0 -g3 -c -fmessage-length=0 -MT"src/production_controller.o" -I../../bsp_production_freertos/ps7_cortexa9_1/include -MMD -MP -MF"src/production_controller.d" -MT"src/production_controller.d" -o "src/production_controller.o" "../src/production_controller.c"
../src/production_controller.c: In function 'startProductionControl':
../src/production_controller.c:31:3: error: 'plantParams' undeclared (first use in this function)
   plantParams.xpre[i] = 0.;
   ^
../src/production_controller.c:31:3: note: each undeclared identifier is reported only once for each function it appears in
make: *** [src/production_controller.o] Error 1
22:50:24 **** Incremental Build of configuration Debug for project app_production_controller ****
make all 
Building file: ../src/production_controller.c
Invoking: ARM gcc compiler
arm-xilinx-eabi-gcc -Wall -O0 -g3 -c -fmessage-length=0 -MT"src/production_controller.o" -I../../bsp_production_freertos/ps7_cortexa9_1/include -MMD -MP -MF"src/production_controller.d" -MT"src/production_controller.d" -o "src/production_controller.o" "../src/production_controller.c"
../src/production_controller.c: In function 'startProductionControl':
../src/production_controller.c:31:3: error: 'plantParams' undeclared (first use in this function)
   plantParams.xpre[i] = 0.;
   ^
../src/production_controller.c:31:3: note: each undeclared identifier is reported only once for each function it appears in
make: *** [src/production_controller.o] Error 1
22:50:55 **** Auto Build of configuration Debug for project app_production_controller ****
make all 
Building file: ../src/production_controller.c
Invoking: ARM gcc compiler
arm-xilinx-eabi-gcc -Wall -O0 -g3 -c -fmessage-length=0 -MT"src/production_controller.o" -I../../bsp_production_freertos/ps7_cortexa9_1/include -MMD -MP -MF"src/production_controller.d" -MT"src/production_controller.d" -o "src/production_controller.o" "../src/production_controller.c"
Finished building: ../src/production_controller.c
 
Building target: app_production_controller.elf
Invoking: ARM gcc linker
arm-xilinx-eabi-gcc -Wl,-T -Wl,../src/lscript.ld -L../../bsp_production_freertos/ps7_cortexa9_1/lib -o "app_production_controller.elf"  ./src/main_production.o ./src/production_controller.o   -Wl,--start-group,-lxil,-lfreertos,-lgcc,-lc,--end-group -Wl,--start-group,-lxil,-llwip4,-lgcc,-lc,--end-group
./src/main_production.o: In function `main':
/home/teja/Documents/TAIGA/Pendulum/Pendulum.sdk/app_production_controller/Debug/../src/main_production.c:12: undefined reference to `init_axi_gpio'
/home/teja/Documents/TAIGA/Pendulum/Pendulum.sdk/app_production_controller/Debug/../src/main_production.c:13: undefined reference to `init_fifo_queues'
collect2: error: ld returned 1 exit status
make: *** [app_production_controller.elf] Error 1
22:52:03 **** Auto Build of configuration Debug for project app_production_controller ****
make all 
Building file: ../src/production_controller.c
Invoking: ARM gcc compiler
arm-xilinx-eabi-gcc -Wall -O0 -g3 -c -fmessage-length=0 -MT"src/production_controller.o" -I../../bsp_production_freertos/ps7_cortexa9_1/include -MMD -MP -MF"src/production_controller.d" -MT"src/production_controller.d" -o "src/production_controller.o" "../src/production_controller.c"
Finished building: ../src/production_controller.c
 
Building target: app_production_controller.elf
Invoking: ARM gcc linker
arm-xilinx-eabi-gcc -Wl,-T -Wl,../src/lscript.ld -L../../bsp_production_freertos/ps7_cortexa9_1/lib -o "app_production_controller.elf"  ./src/main_production.o ./src/production_controller.o   -Wl,--start-group,-lxil,-lfreertos,-lgcc,-lc,--end-group -Wl,--start-group,-lxil,-llwip4,-lgcc,-lc,--end-group
./src/main_production.o: In function `main':
/home/teja/Documents/TAIGA/Pendulum/Pendulum.sdk/app_production_controller/Debug/../src/main_production.c:12: undefined reference to `init_axi_gpio'
/home/teja/Documents/TAIGA/Pendulum/Pendulum.sdk/app_production_controller/Debug/../src/main_production.c:13: undefined reference to `init_fifo_queues'
collect2: error: ld returned 1 exit status
make: *** [app_production_controller.elf] Error 1
22:52:59 **** Auto Build of configuration Debug for project app_production_controller ****
make all 
Building file: ../src/utilities/axi_gpio.c
Invoking: ARM gcc compiler
arm-xilinx-eabi-gcc -Wall -O0 -g3 -c -fmessage-length=0 -MT"src/utilities/axi_gpio.o" -I../../bsp_production_freertos/ps7_cortexa9_1/include -MMD -MP -MF"src/utilities/axi_gpio.d" -MT"src/utilities/axi_gpio.d" -o "src/utilities/axi_gpio.o" "../src/utilities/axi_gpio.c"
Finished building: ../src/utilities/axi_gpio.c
 
Building target: app_production_controller.elf
Invoking: ARM gcc linker
arm-xilinx-eabi-gcc -Wl,-T -Wl,../src/lscript.ld -L../../bsp_production_freertos/ps7_cortexa9_1/lib -o "app_production_controller.elf"  ./src/utilities/axi_gpio.o  ./src/main_production.o ./src/production_controller.o   -Wl,--start-group,-lxil,-lfreertos,-lgcc,-lc,--end-group -Wl,--start-group,-lxil,-llwip4,-lgcc,-lc,--end-group
./src/main_production.o: In function `main':
/home/teja/Documents/TAIGA/Pendulum/Pendulum.sdk/app_production_controller/Debug/../src/main_production.c:12: undefined reference to `init_axi_gpio'
/home/teja/Documents/TAIGA/Pendulum/Pendulum.sdk/app_production_controller/Debug/../src/main_production.c:13: undefined reference to `init_fifo_queues'
collect2: error: ld returned 1 exit status
make: *** [app_production_controller.elf] Error 1
22:53:10 **** Auto Build of configuration Debug for project app_production_controller ****
make all 
Building file: ../src/utilities/axi_gpio.c
Invoking: ARM gcc compiler
arm-xilinx-eabi-gcc -Wall -O0 -g3 -c -fmessage-length=0 -MT"src/utilities/axi_gpio.o" -I../../bsp_production_freertos/ps7_cortexa9_1/include -MMD -MP -MF"src/utilities/axi_gpio.d" -MT"src/utilities/axi_gpio.d" -o "src/utilities/axi_gpio.o" "../src/utilities/axi_gpio.c"
Finished building: ../src/utilities/axi_gpio.c
 
Building target: app_production_controller.elf
Invoking: ARM gcc linker
arm-xilinx-eabi-gcc -Wl,-T -Wl,../src/lscript.ld -L../../bsp_production_freertos/ps7_cortexa9_1/lib -o "app_production_controller.elf"  ./src/utilities/axi_gpio.o  ./src/main_production.o ./src/production_controller.o   -Wl,--start-group,-lxil,-lfreertos,-lgcc,-lc,--end-group -Wl,--start-group,-lxil,-llwip4,-lgcc,-lc,--end-group
./src/main_production.o: In function `main':
/home/teja/Documents/TAIGA/Pendulum/Pendulum.sdk/app_production_controller/Debug/../src/main_production.c:13: undefined reference to `init_fifo_queues'
collect2: error: ld returned 1 exit status
make: *** [app_production_controller.elf] Error 1
22:53:36 **** Auto Build of configuration Debug for project app_production_controller ****
make all 
Building file: ../src/main_production.c
Invoking: ARM gcc compiler
arm-xilinx-eabi-gcc -Wall -O0 -g3 -c -fmessage-length=0 -MT"src/main_production.o" -I../../bsp_production_freertos/ps7_cortexa9_1/include -MMD -MP -MF"src/main_production.d" -MT"src/main_production.d" -o "src/main_production.o" "../src/main_production.c"
../src/main_production.c: In function 'main':
../src/main_production.c:12:2: warning: implicit declaration of function 'init_axi_gpio' [-Wimplicit-function-declaration]
  init_axi_gpio();
  ^
../src/main_production.c:14:2: warning: implicit declaration of function 'set_led' [-Wimplicit-function-declaration]
  set_led(LED3, true);
  ^
../src/main_production.c:14:10: error: 'LED3' undeclared (first use in this function)
  set_led(LED3, true);
          ^
../src/main_production.c:14:10: note: each undeclared identifier is reported only once for each function it appears in
../src/main_production.c:14:16: error: 'true' undeclared (first use in this function)
  set_led(LED3, true);
                ^
make: *** [src/main_production.o] Error 1
22:53:39 **** Auto Build of configuration Debug for project app_production_controller ****
make all 
Building file: ../src/main_production.c
Invoking: ARM gcc compiler
arm-xilinx-eabi-gcc -Wall -O0 -g3 -c -fmessage-length=0 -MT"src/main_production.o" -I../../bsp_production_freertos/ps7_cortexa9_1/include -MMD -MP -MF"src/main_production.d" -MT"src/main_production.d" -o "src/main_production.o" "../src/main_production.c"
../src/main_production.c: In function 'main':
../src/main_production.c:12:2: warning: implicit declaration of function 'init_axi_gpio' [-Wimplicit-function-declaration]
  init_axi_gpio();
  ^
../src/main_production.c:14:2: warning: implicit declaration of function 'set_led' [-Wimplicit-function-declaration]
  set_led(LED_3, true);
  ^
../src/main_production.c:14:10: error: 'LED_3' undeclared (first use in this function)
  set_led(LED_3, true);
          ^
../src/main_production.c:14:10: note: each undeclared identifier is reported only once for each function it appears in
../src/main_production.c:14:17: error: 'true' undeclared (first use in this function)
  set_led(LED_3, true);
                 ^
make: *** [src/main_production.o] Error 1
22:54:05 **** Auto Build of configuration Debug for project app_production_controller ****
make all 
Building file: ../src/main_production.c
Invoking: ARM gcc compiler
arm-xilinx-eabi-gcc -Wall -O0 -g3 -c -fmessage-length=0 -MT"src/main_production.o" -I../../bsp_production_freertos/ps7_cortexa9_1/include -MMD -MP -MF"src/main_production.d" -MT"src/main_production.d" -o "src/main_production.o" "../src/main_production.c"
../src/main_production.c: In function 'main':
../src/main_production.c:15:10: error: 'LED_3' undeclared (first use in this function)
  set_led(LED_3, true);
          ^
../src/main_production.c:15:10: note: each undeclared identifier is reported only once for each function it appears in
make: *** [src/main_production.o] Error 1
22:54:16 **** Auto Build of configuration Debug for project app_production_controller ****
make all 
Building file: ../src/main_production.c
Invoking: ARM gcc compiler
arm-xilinx-eabi-gcc -Wall -O0 -g3 -c -fmessage-length=0 -MT"src/main_production.o" -I../../bsp_production_freertos/ps7_cortexa9_1/include -MMD -MP -MF"src/main_production.d" -MT"src/main_production.d" -o "src/main_production.o" "../src/main_production.c"
Finished building: ../src/main_production.c
 
Building target: app_production_controller.elf
Invoking: ARM gcc linker
arm-xilinx-eabi-gcc -Wl,-T -Wl,../src/lscript.ld -L../../bsp_production_freertos/ps7_cortexa9_1/lib -o "app_production_controller.elf"  ./src/utilities/axi_gpio.o  ./src/main_production.o ./src/production_controller.o   -Wl,--start-group,-lxil,-lfreertos,-lgcc,-lc,--end-group -Wl,--start-group,-lxil,-llwip4,-lgcc,-lc,--end-group
Finished building target: app_production_controller.elf
 
Invoking: ARM Print Size
arm-xilinx-eabi-size app_production_controller.elf  |tee "app_production_controller.elf.size"
   text	   data	    bss	    dec	    hex	filename
  70176	   3076	  23148	  96400	  17890	app_production_controller.elf
Finished building: app_production_controller.elf.size
 
22:54:26 **** Auto Build of configuration Debug for project app_production_controller ****
make all 
Building file: ../src/main_production.c
Invoking: ARM gcc compiler
arm-xilinx-eabi-gcc -Wall -O0 -g3 -c -fmessage-length=0 -MT"src/main_production.o" -I../../bsp_production_freertos/ps7_cortexa9_1/include -MMD -MP -MF"src/main_production.d" -MT"src/main_production.d" -o "src/main_production.o" "../src/main_production.c"
Finished building: ../src/main_production.c
 
Building target: app_production_controller.elf
Invoking: ARM gcc linker
arm-xilinx-eabi-gcc -Wl,-T -Wl,../src/lscript.ld -L../../bsp_production_freertos/ps7_cortexa9_1/lib -o "app_production_controller.elf"  ./src/utilities/axi_gpio.o  ./src/main_production.o ./src/production_controller.o   -Wl,--start-group,-lxil,-lfreertos,-lgcc,-lc,--end-group -Wl,--start-group,-lxil,-llwip4,-lgcc,-lc,--end-group
Finished building target: app_production_controller.elf
 
Invoking: ARM Print Size
arm-xilinx-eabi-size app_production_controller.elf  |tee "app_production_controller.elf.size"
   text	   data	    bss	    dec	    hex	filename
  70176	   3076	  23148	  96400	  17890	app_production_controller.elf
Finished building: app_production_controller.elf.size
 
22:54:59 **** Auto Build of project bsp_production_freertos ****
make -k all 
Running Make include in ps7_cortexa9_1/libsrc/cpu_cortexa9_v2_1/src
make -C ps7_cortexa9_1/libsrc/cpu_cortexa9_v2_1/src -s include  "SHELL=/bin/sh" "COMPILER=arm-xilinx-eabi-gcc" "ARCHIVER=arm-xilinx-eabi-ar" "COMPILER_FLAGS=  -O2 -c" "EXTRA_COMPILER_FLAGS=-g"
Running Make include in ps7_cortexa9_1/libsrc/devcfg_v3_2/src
make -C ps7_cortexa9_1/libsrc/devcfg_v3_2/src -s include  "SHELL=/bin/sh" "COMPILER=arm-xilinx-eabi-gcc" "ARCHIVER=arm-xilinx-eabi-ar" "COMPILER_FLAGS=  -O2 -c" "EXTRA_COMPILER_FLAGS=-g"
Running Make include in ps7_cortexa9_1/libsrc/dmaps_v2_1/src
make -C ps7_cortexa9_1/libsrc/dmaps_v2_1/src -s include  "SHELL=/bin/sh" "COMPILER=arm-xilinx-eabi-gcc" "ARCHIVER=arm-xilinx-eabi-ar" "COMPILER_FLAGS=  -O2 -c" "EXTRA_COMPILER_FLAGS=-g"
Running Make include in ps7_cortexa9_1/libsrc/emacps_v2_2/src
make -C ps7_cortexa9_1/libsrc/emacps_v2_2/src -s include  "SHELL=/bin/sh" "COMPILER=arm-xilinx-eabi-gcc" "ARCHIVER=arm-xilinx-eabi-ar" "COMPILER_FLAGS=  -O2 -c" "EXTRA_COMPILER_FLAGS=-g"
Running Make include in ps7_cortexa9_1/libsrc/freertos_zynq_v1_02_a/src
make -C ps7_cortexa9_1/libsrc/freertos_zynq_v1_02_a/src -s include  "SHELL=/bin/sh" "COMPILER=arm-xilinx-eabi-gcc" "ARCHIVER=arm-xilinx-eabi-ar" "COMPILER_FLAGS=  -O2 -c" "EXTRA_COMPILER_FLAGS=-g"
Running Make include in ps7_cortexa9_1/libsrc/gpio_v4_0/src
make -C ps7_cortexa9_1/libsrc/gpio_v4_0/src -s include  "SHELL=/bin/sh" "COMPILER=arm-xilinx-eabi-gcc" "ARCHIVER=arm-xilinx-eabi-ar" "COMPILER_FLAGS=  -O2 -c" "EXTRA_COMPILER_FLAGS=-g"
Running Make include in ps7_cortexa9_1/libsrc/iicps_v2_3/src
make -C ps7_cortexa9_1/libsrc/iicps_v2_3/src -s include  "SHELL=/bin/sh" "COMPILER=arm-xilinx-eabi-gcc" "ARCHIVER=arm-xilinx-eabi-ar" "COMPILER_FLAGS=  -O2 -c" "EXTRA_COMPILER_FLAGS=-g"
Running Make include in ps7_cortexa9_1/libsrc/llfifo_v4_0/src
make -C ps7_cortexa9_1/libsrc/llfifo_v4_0/src -s include  "SHELL=/bin/sh" "COMPILER=arm-xilinx-eabi-gcc" "ARCHIVER=arm-xilinx-eabi-ar" "COMPILER_FLAGS=  -O2 -c" "EXTRA_COMPILER_FLAGS=-g"
Running Make include in ps7_cortexa9_1/libsrc/lwip140_v2_3/src
make -C ps7_cortexa9_1/libsrc/lwip140_v2_3/src -s include  "SHELL=/bin/sh" "COMPILER=arm-xilinx-eabi-gcc" "ARCHIVER=arm-xilinx-eabi-ar" "COMPILER_FLAGS=  -O2 -c" "EXTRA_COMPILER_FLAGS=-g"
Running Make include in ps7_cortexa9_1/libsrc/qspips_v3_1/src
make -C ps7_cortexa9_1/libsrc/qspips_v3_1/src -s include  "SHELL=/bin/sh" "COMPILER=arm-xilinx-eabi-gcc" "ARCHIVER=arm-xilinx-eabi-ar" "COMPILER_FLAGS=  -O2 -c" "EXTRA_COMPILER_FLAGS=-g"
Running Make include in ps7_cortexa9_1/libsrc/scugic_v2_1/src
make -C ps7_cortexa9_1/libsrc/scugic_v2_1/src -s include  "SHELL=/bin/sh" "COMPILER=arm-xilinx-eabi-gcc" "ARCHIVER=arm-xilinx-eabi-ar" "COMPILER_FLAGS=  -O2 -c" "EXTRA_COMPILER_FLAGS=-g"
Running Make include in ps7_cortexa9_1/libsrc/scutimer_v2_0/src
make -C ps7_cortexa9_1/libsrc/scutimer_v2_0/src -s include  "SHELL=/bin/sh" "COMPILER=arm-xilinx-eabi-gcc" "ARCHIVER=arm-xilinx-eabi-ar" "COMPILER_FLAGS=  -O2 -c" "EXTRA_COMPILER_FLAGS=-g"
Running Make include in ps7_cortexa9_1/libsrc/scuwdt_v2_0/src
make -C ps7_cortexa9_1/libsrc/scuwdt_v2_0/src -s include  "SHELL=/bin/sh" "COMPILER=arm-xilinx-eabi-gcc" "ARCHIVER=arm-xilinx-eabi-ar" "COMPILER_FLAGS=  -O2 -c" "EXTRA_COMPILER_FLAGS=-g"
Running Make include in ps7_cortexa9_1/libsrc/sdps_v2_3/src
make -C ps7_cortexa9_1/libsrc/sdps_v2_3/src -s include  "SHELL=/bin/sh" "COMPILER=arm-xilinx-eabi-gcc" "ARCHIVER=arm-xilinx-eabi-ar" "COMPILER_FLAGS=  -O2 -c" "EXTRA_COMPILER_FLAGS=-g"
Running Make include in ps7_cortexa9_1/libsrc/standalone_v4_1/src
make -C ps7_cortexa9_1/libsrc/standalone_v4_1/src -s include  "SHELL=/bin/sh" "COMPILER=arm-xilinx-eabi-gcc" "ARCHIVER=arm-xilinx-eabi-ar" "COMPILER_FLAGS=  -O2 -c" "EXTRA_COMPILER_FLAGS=-g"
Running Make include in ps7_cortexa9_1/libsrc/uartps_v2_2/src
make -C ps7_cortexa9_1/libsrc/uartps_v2_2/src -s include  "SHELL=/bin/sh" "COMPILER=arm-xilinx-eabi-gcc" "ARCHIVER=arm-xilinx-eabi-ar" "COMPILER_FLAGS=  -O2 -c" "EXTRA_COMPILER_FLAGS=-g"
Running Make include in ps7_cortexa9_1/libsrc/usbps_v2_2/src
make -C ps7_cortexa9_1/libsrc/usbps_v2_2/src -s include  "SHELL=/bin/sh" "COMPILER=arm-xilinx-eabi-gcc" "ARCHIVER=arm-xilinx-eabi-ar" "COMPILER_FLAGS=  -O2 -c" "EXTRA_COMPILER_FLAGS=-g"
Running Make include in ps7_cortexa9_1/libsrc/xadcps_v2_1/src
make -C ps7_cortexa9_1/libsrc/xadcps_v2_1/src -s include  "SHELL=/bin/sh" "COMPILER=arm-xilinx-eabi-gcc" "ARCHIVER=arm-xilinx-eabi-ar" "COMPILER_FLAGS=  -O2 -c" "EXTRA_COMPILER_FLAGS=-g"
Running Make include in ps7_cortexa9_1/libsrc/xilmfs_v2_0/src
make -C ps7_cortexa9_1/libsrc/xilmfs_v2_0/src -s include  "SHELL=/bin/sh" "COMPILER=arm-xilinx-eabi-gcc" "ARCHIVER=arm-xilinx-eabi-ar" "COMPILER_FLAGS=  -O2 -c" "EXTRA_COMPILER_FLAGS=-g"
Running Make libs in ps7_cortexa9_1/libsrc/cpu_cortexa9_v2_1/src
make -C ps7_cortexa9_1/libsrc/cpu_cortexa9_v2_1/src -s libs  "SHELL=/bin/sh" "COMPILER=arm-xilinx-eabi-gcc" "ARCHIVER=arm-xilinx-eabi-ar" "COMPILER_FLAGS=  -O2 -c" "EXTRA_COMPILER_FLAGS=-g"
Compiling cpu_cortexa9
Running Make libs in ps7_cortexa9_1/libsrc/devcfg_v3_2/src
make -C ps7_cortexa9_1/libsrc/devcfg_v3_2/src -s libs  "SHELL=/bin/sh" "COMPILER=arm-xilinx-eabi-gcc" "ARCHIVER=arm-xilinx-eabi-ar" "COMPILER_FLAGS=  -O2 -c" "EXTRA_COMPILER_FLAGS=-g"
Compiling devcfg
Running Make libs in ps7_cortexa9_1/libsrc/dmaps_v2_1/src
make -C ps7_cortexa9_1/libsrc/dmaps_v2_1/src -s libs  "SHELL=/bin/sh" "COMPILER=arm-xilinx-eabi-gcc" "ARCHIVER=arm-xilinx-eabi-ar" "COMPILER_FLAGS=  -O2 -c" "EXTRA_COMPILER_FLAGS=-g"
Compiling dmaps
Running Make libs in ps7_cortexa9_1/libsrc/emacps_v2_2/src
make -C ps7_cortexa9_1/libsrc/emacps_v2_2/src -s libs  "SHELL=/bin/sh" "COMPILER=arm-xilinx-eabi-gcc" "ARCHIVER=arm-xilinx-eabi-ar" "COMPILER_FLAGS=  -O2 -c" "EXTRA_COMPILER_FLAGS=-g"
Compiling emacps
Running Make libs in ps7_cortexa9_1/libsrc/freertos_zynq_v1_02_a/src
make -C ps7_cortexa9_1/libsrc/freertos_zynq_v1_02_a/src -s libs  "SHELL=/bin/sh" "COMPILER=arm-xilinx-eabi-gcc" "ARCHIVER=arm-xilinx-eabi-ar" "COMPILER_FLAGS=  -O2 -c" "EXTRA_COMPILER_FLAGS=-g"
Compiling FreeRTOS
Running Make libs in ps7_cortexa9_1/libsrc/gpio_v4_0/src
make -C ps7_cortexa9_1/libsrc/gpio_v4_0/src -s libs  "SHELL=/bin/sh" "COMPILER=arm-xilinx-eabi-gcc" "ARCHIVER=arm-xilinx-eabi-ar" "COMPILER_FLAGS=  -O2 -c" "EXTRA_COMPILER_FLAGS=-g"
Compiling gpio
Running Make libs in ps7_cortexa9_1/libsrc/iicps_v2_3/src
make -C ps7_cortexa9_1/libsrc/iicps_v2_3/src -s libs  "SHELL=/bin/sh" "COMPILER=arm-xilinx-eabi-gcc" "ARCHIVER=arm-xilinx-eabi-ar" "COMPILER_FLAGS=  -O2 -c" "EXTRA_COMPILER_FLAGS=-g"
Compiling iicps
Running Make libs in ps7_cortexa9_1/libsrc/llfifo_v4_0/src
make -C ps7_cortexa9_1/libsrc/llfifo_v4_0/src -s libs  "SHELL=/bin/sh" "COMPILER=arm-xilinx-eabi-gcc" "ARCHIVER=arm-xilinx-eabi-ar" "COMPILER_FLAGS=  -O2 -c" "EXTRA_COMPILER_FLAGS=-g"
Compiling llfifo
Running Make libs in ps7_cortexa9_1/libsrc/lwip140_v2_3/src
make -C ps7_cortexa9_1/libsrc/lwip140_v2_3/src -s libs  "SHELL=/bin/sh" "COMPILER=arm-xilinx-eabi-gcc" "ARCHIVER=arm-xilinx-eabi-ar" "COMPILER_FLAGS=  -O2 -c" "EXTRA_COMPILER_FLAGS=-g"
Compiling lwIP
Compiling lwIP adapter for Xilinx MAC
Creating archive liblwip4.a
clean target for lwip
Running Make libs in ps7_cortexa9_1/libsrc/qspips_v3_1/src
make -C ps7_cortexa9_1/libsrc/qspips_v3_1/src -s libs  "SHELL=/bin/sh" "COMPILER=arm-xilinx-eabi-gcc" "ARCHIVER=arm-xilinx-eabi-ar" "COMPILER_FLAGS=  -O2 -c" "EXTRA_COMPILER_FLAGS=-g"
Compiling qspips
Running Make libs in ps7_cortexa9_1/libsrc/scugic_v2_1/src
make -C ps7_cortexa9_1/libsrc/scugic_v2_1/src -s libs  "SHELL=/bin/sh" "COMPILER=arm-xilinx-eabi-gcc" "ARCHIVER=arm-xilinx-eabi-ar" "COMPILER_FLAGS=  -O2 -c" "EXTRA_COMPILER_FLAGS=-g"
Compiling scugic
Running Make libs in ps7_cortexa9_1/libsrc/scutimer_v2_0/src
make -C ps7_cortexa9_1/libsrc/scutimer_v2_0/src -s libs  "SHELL=/bin/sh" "COMPILER=arm-xilinx-eabi-gcc" "ARCHIVER=arm-xilinx-eabi-ar" "COMPILER_FLAGS=  -O2 -c" "EXTRA_COMPILER_FLAGS=-g"
Compiling scutimer
Running Make libs in ps7_cortexa9_1/libsrc/scuwdt_v2_0/src
make -C ps7_cortexa9_1/libsrc/scuwdt_v2_0/src -s libs  "SHELL=/bin/sh" "COMPILER=arm-xilinx-eabi-gcc" "ARCHIVER=arm-xilinx-eabi-ar" "COMPILER_FLAGS=  -O2 -c" "EXTRA_COMPILER_FLAGS=-g"
Compiling scuwdt
Running Make libs in ps7_cortexa9_1/libsrc/sdps_v2_3/src
make -C ps7_cortexa9_1/libsrc/sdps_v2_3/src -s libs  "SHELL=/bin/sh" "COMPILER=arm-xilinx-eabi-gcc" "ARCHIVER=arm-xilinx-eabi-ar" "COMPILER_FLAGS=  -O2 -c" "EXTRA_COMPILER_FLAGS=-g"
Compiling sdps
Running Make libs in ps7_cortexa9_1/libsrc/standalone_v4_1/src
make -C ps7_cortexa9_1/libsrc/standalone_v4_1/src -s libs  "SHELL=/bin/sh" "COMPILER=arm-xilinx-eabi-gcc" "ARCHIVER=arm-xilinx-eabi-ar" "COMPILER_FLAGS=  -O2 -c" "EXTRA_COMPILER_FLAGS=-g"
Compiling standalone
Running Make libs in ps7_cortexa9_1/libsrc/uartps_v2_2/src
make -C ps7_cortexa9_1/libsrc/uartps_v2_2/src -s libs  "SHELL=/bin/sh" "COMPILER=arm-xilinx-eabi-gcc" "ARCHIVER=arm-xilinx-eabi-ar" "COMPILER_FLAGS=  -O2 -c" "EXTRA_COMPILER_FLAGS=-g"
Compiling uartps
Running Make libs in ps7_cortexa9_1/libsrc/usbps_v2_2/src
make -C ps7_cortexa9_1/libsrc/usbps_v2_2/src -s libs  "SHELL=/bin/sh" "COMPILER=arm-xilinx-eabi-gcc" "ARCHIVER=arm-xilinx-eabi-ar" "COMPILER_FLAGS=  -O2 -c" "EXTRA_COMPILER_FLAGS=-g"
Compiling usbps
Running Make libs in ps7_cortexa9_1/libsrc/xadcps_v2_1/src
make -C ps7_cortexa9_1/libsrc/xadcps_v2_1/src -s libs  "SHELL=/bin/sh" "COMPILER=arm-xilinx-eabi-gcc" "ARCHIVER=arm-xilinx-eabi-ar" "COMPILER_FLAGS=  -O2 -c" "EXTRA_COMPILER_FLAGS=-g"
Compiling xadcps
Running Make libs in ps7_cortexa9_1/libsrc/xilmfs_v2_0/src
make -C ps7_cortexa9_1/libsrc/xilmfs_v2_0/src -s libs  "SHELL=/bin/sh" "COMPILER=arm-xilinx-eabi-gcc" "ARCHIVER=arm-xilinx-eabi-ar" "COMPILER_FLAGS=  -O2 -c" "EXTRA_COMPILER_FLAGS=-g"
Finished building libraries
22:55:11 **** Auto Build of configuration Debug for project app_production_controller ****
make all 
Building file: ../src/utilities/axi_gpio.c
Invoking: ARM gcc compiler
arm-xilinx-eabi-gcc -Wall -O0 -g3 -c -fmessage-length=0 -MT"src/utilities/axi_gpio.o" -I../../bsp_production_freertos/ps7_cortexa9_1/include -MMD -MP -MF"src/utilities/axi_gpio.d" -MT"src/utilities/axi_gpio.d" -o "src/utilities/axi_gpio.o" "../src/utilities/axi_gpio.c"
Finished building: ../src/utilities/axi_gpio.c
 
Building file: ../src/main_production.c
Invoking: ARM gcc compiler
arm-xilinx-eabi-gcc -Wall -O0 -g3 -c -fmessage-length=0 -MT"src/main_production.o" -I../../bsp_production_freertos/ps7_cortexa9_1/include -MMD -MP -MF"src/main_production.d" -MT"src/main_production.d" -o "src/main_production.o" "../src/main_production.c"
Finished building: ../src/main_production.c
 
Building file: ../src/production_controller.c
Invoking: ARM gcc compiler
arm-xilinx-eabi-gcc -Wall -O0 -g3 -c -fmessage-length=0 -MT"src/production_controller.o" -I../../bsp_production_freertos/ps7_cortexa9_1/include -MMD -MP -MF"src/production_controller.d" -MT"src/production_controller.d" -o "src/production_controller.o" "../src/production_controller.c"
Finished building: ../src/production_controller.c
 
Building target: app_production_controller.elf
Invoking: ARM gcc linker
arm-xilinx-eabi-gcc -Wl,-T -Wl,../src/lscript.ld -L../../bsp_production_freertos/ps7_cortexa9_1/lib -o "app_production_controller.elf"  ./src/utilities/axi_gpio.o  ./src/main_production.o ./src/production_controller.o   -Wl,--start-group,-lxil,-lfreertos,-lgcc,-lc,--end-group -Wl,--start-group,-lxil,-llwip4,-lgcc,-lc,--end-group
Finished building target: app_production_controller.elf
 
Invoking: ARM Print Size
arm-xilinx-eabi-size app_production_controller.elf  |tee "app_production_controller.elf.size"
   text	   data	    bss	    dec	    hex	filename
  70176	   3076	  23148	  96400	  17890	app_production_controller.elf
Finished building: app_production_controller.elf.size
 
22:55:28 **** Incremental Build of configuration Debug for project app_production_controller ****
make all 
make: Nothing to be done for `all'.
22:55:45 **** Auto Build of configuration Debug for project app_production_controller ****
make all 
Building file: ../src/main_production.c
Invoking: ARM gcc compiler
arm-xilinx-eabi-gcc -Wall -O0 -g3 -c -fmessage-length=0 -MT"src/main_production.o" -I../../bsp_production_freertos/ps7_cortexa9_1/include -MMD -MP -MF"src/main_production.d" -MT"src/main_production.d" -o "src/main_production.o" "../src/main_production.c"
Finished building: ../src/main_production.c
 
Building target: app_production_controller.elf
Invoking: ARM gcc linker
arm-xilinx-eabi-gcc -Wl,-T -Wl,../src/lscript.ld -L../../bsp_production_freertos/ps7_cortexa9_1/lib -o "app_production_controller.elf"  ./src/utilities/axi_gpio.o  ./src/main_production.o ./src/production_controller.o   -Wl,--start-group,-lxil,-lfreertos,-lgcc,-lc,--end-group -Wl,--start-group,-lxil,-llwip4,-lgcc,-lc,--end-group
Finished building target: app_production_controller.elf
 
Invoking: ARM Print Size
arm-xilinx-eabi-size app_production_controller.elf  |tee "app_production_controller.elf.size"
   text	   data	    bss	    dec	    hex	filename
  70176	   3076	  23148	  96400	  17890	app_production_controller.elf
Finished building: app_production_controller.elf.size
 
22:57:03 **** Auto Build of configuration Debug for project app_production_controller ****
make all 
Building file: ../src/production_controller.c
Invoking: ARM gcc compiler
arm-xilinx-eabi-gcc -Wall -O0 -g3 -c -fmessage-length=0 -MT"src/production_controller.o" -I../../bsp_production_freertos/ps7_cortexa9_1/include -MMD -MP -MF"src/production_controller.d" -MT"src/production_controller.d" -o "src/production_controller.o" "../src/production_controller.c"
Finished building: ../src/production_controller.c
 
Building target: app_production_controller.elf
Invoking: ARM gcc linker
arm-xilinx-eabi-gcc -Wl,-T -Wl,../src/lscript.ld -L../../bsp_production_freertos/ps7_cortexa9_1/lib -o "app_production_controller.elf"  ./src/utilities/axi_gpio.o  ./src/main_production.o ./src/production_controller.o   -Wl,--start-group,-lxil,-lfreertos,-lgcc,-lc,--end-group -Wl,--start-group,-lxil,-llwip4,-lgcc,-lc,--end-group
Finished building target: app_production_controller.elf
 
Invoking: ARM Print Size
arm-xilinx-eabi-size app_production_controller.elf  |tee "app_production_controller.elf.size"
   text	   data	    bss	    dec	    hex	filename
  70240	   3076	  23148	  96464	  178d0	app_production_controller.elf
Finished building: app_production_controller.elf.size
 
22:57:04 **** Incremental Build of configuration Debug for project app_production_controller ****
make all 
make: Nothing to be done for `all'.
22:57:45 **** Incremental Build of configuration Debug for project app_production_controller ****
make all 
make: Nothing to be done for `all'.
23:14:20 **** Build of configuration Debug for project bsp_production_freertos_xllfifo_polling_example_1 ****
make all 
Building file: ../src/xllfifo_polling_example.c
Invoking: ARM gcc compiler
arm-xilinx-eabi-gcc -Wall -O0 -g3 -c -fmessage-length=0 -MT"src/xllfifo_polling_example.o" -I../../bsp_production_freertos/ps7_cortexa9_1/include -MMD -MP -MF"src/xllfifo_polling_example.d" -MT"src/xllfifo_polling_example.d" -o "src/xllfifo_polling_example.o" "../src/xllfifo_polling_example.c"
Finished building: ../src/xllfifo_polling_example.c
 
Building target: bsp_production_freertos_xllfifo_polling_example_1.elf
Invoking: ARM gcc linker
arm-xilinx-eabi-gcc -Wl,-T -Wl,../src/lscript.ld -L../../bsp_production_freertos/ps7_cortexa9_1/lib -o "bsp_production_freertos_xllfifo_polling_example_1.elf"  ./src/xllfifo_polling_example.o   -Wl,--start-group,-lxil,-lfreertos,-lgcc,-lc,--end-group -Wl,--start-group,-lxil,-llwip4,-lgcc,-lc,--end-group
../../bsp_production_freertos/ps7_cortexa9_1/lib/libfreertos.a(port.o): In function `xPortStartScheduler':
/home/teja/Documents/TAIGA/Pendulum/Pendulum.sdk/bsp_production_freertos/ps7_cortexa9_1/libsrc/freertos_zynq_v1_02_a/src/port.c:212: undefined reference to `vApplicationSetupHardware'
../../bsp_production_freertos/ps7_cortexa9_1/lib/libfreertos.a(heap_3.o): In function `pvPortMalloc':
/home/teja/Documents/TAIGA/Pendulum/Pendulum.sdk/bsp_production_freertos/ps7_cortexa9_1/libsrc/freertos_zynq_v1_02_a/src/heap_3.c:95: undefined reference to `vApplicationMallocFailedHook'
collect2: error: ld returned 1 exit status
make: *** [bsp_production_freertos_xllfifo_polling_example_1.elf] Error 1
23:16:11 **** Incremental Build of configuration Debug for project app_production_controller ****
make all 
make: Nothing to be done for `all'.
23:16:11 **** Incremental Build of configuration Debug for project bsp_production_freertos_xllfifo_polling_example_1 ****
make all 
Building target: bsp_production_freertos_xllfifo_polling_example_1.elf
Invoking: ARM gcc linker
arm-xilinx-eabi-gcc -Wl,-T -Wl,../src/lscript.ld -L../../bsp_production_freertos/ps7_cortexa9_1/lib -o "bsp_production_freertos_xllfifo_polling_example_1.elf"  ./src/xllfifo_polling_example.o   -Wl,--start-group,-lxil,-lfreertos,-lgcc,-lc,--end-group -Wl,--start-group,-lxil,-llwip4,-lgcc,-lc,--end-group
../../bsp_production_freertos/ps7_cortexa9_1/lib/libfreertos.a(port.o): In function `xPortStartScheduler':
/home/teja/Documents/TAIGA/Pendulum/Pendulum.sdk/bsp_production_freertos/ps7_cortexa9_1/libsrc/freertos_zynq_v1_02_a/src/port.c:212: undefined reference to `vApplicationSetupHardware'
../../bsp_production_freertos/ps7_cortexa9_1/lib/libfreertos.a(heap_3.o): In function `pvPortMalloc':
/home/teja/Documents/TAIGA/Pendulum/Pendulum.sdk/bsp_production_freertos/ps7_cortexa9_1/libsrc/freertos_zynq_v1_02_a/src/heap_3.c:95: undefined reference to `vApplicationMallocFailedHook'
collect2: error: ld returned 1 exit status
make: *** [bsp_production_freertos_xllfifo_polling_example_1.elf] Error 1
23:17:07 **** Auto Build of configuration Debug for project app_production_controller ****
make all 
make: Nothing to be done for `all'.
23:17:52 **** Auto Build of configuration Debug for project app_production_controller ****
make all 
Building file: ../src/utilities/fifo_queue.c
Invoking: ARM gcc compiler
arm-xilinx-eabi-gcc -Wall -O0 -g3 -c -fmessage-length=0 -MT"src/utilities/fifo_queue.o" -I../../bsp_production_freertos/ps7_cortexa9_1/include -MMD -MP -MF"src/utilities/fifo_queue.d" -MT"src/utilities/fifo_queue.d" -o "src/utilities/fifo_queue.o" "../src/utilities/fifo_queue.c"
Finished building: ../src/utilities/fifo_queue.c
 
Building target: app_production_controller.elf
Invoking: ARM gcc linker
arm-xilinx-eabi-gcc -Wl,-T -Wl,../src/lscript.ld -L../../bsp_production_freertos/ps7_cortexa9_1/lib -o "app_production_controller.elf"  ./src/utilities/axi_gpio.o ./src/utilities/fifo_queue.o  ./src/main_production.o ./src/production_controller.o   -Wl,--start-group,-lxil,-lfreertos,-lgcc,-lc,--end-group -Wl,--start-group,-lxil,-llwip4,-lgcc,-lc,--end-group
Finished building target: app_production_controller.elf
 
Invoking: ARM Print Size
arm-xilinx-eabi-size app_production_controller.elf  |tee "app_production_controller.elf.size"
   text	   data	    bss	    dec	    hex	filename
  70240	   3076	  23148	  96464	  178d0	app_production_controller.elf
Finished building: app_production_controller.elf.size
 
23:19:17 **** Auto Build of configuration Debug for project app_production_controller ****
make all 
make: Nothing to be done for `all'.
23:19:23 **** Auto Build of configuration Debug for project app_production_controller ****
make all 
Building file: ../src/utilities/fifo_queue.c
Invoking: ARM gcc compiler
arm-xilinx-eabi-gcc -Wall -O0 -g3 -c -fmessage-length=0 -MT"src/utilities/fifo_queue.o" -I../../bsp_production_freertos/ps7_cortexa9_1/include -MMD -MP -MF"src/utilities/fifo_queue.d" -MT"src/utilities/fifo_queue.d" -o "src/utilities/fifo_queue.o" "../src/utilities/fifo_queue.c"
Finished building: ../src/utilities/fifo_queue.c
 
Building target: app_production_controller.elf
Invoking: ARM gcc linker
arm-xilinx-eabi-gcc -Wl,-T -Wl,../src/lscript.ld -L../../bsp_production_freertos/ps7_cortexa9_1/lib -o "app_production_controller.elf"  ./src/utilities/axi_gpio.o ./src/utilities/fifo_queue.o  ./src/main_production.o ./src/production_controller.o   -Wl,--start-group,-lxil,-lfreertos,-lgcc,-lc,--end-group -Wl,--start-group,-lxil,-llwip4,-lgcc,-lc,--end-group
Finished building target: app_production_controller.elf
 
Invoking: ARM Print Size
arm-xilinx-eabi-size app_production_controller.elf  |tee "app_production_controller.elf.size"
   text	   data	    bss	    dec	    hex	filename
  70240	   3076	  23148	  96464	  178d0	app_production_controller.elf
Finished building: app_production_controller.elf.size
 
23:19:45 **** Auto Build of configuration Debug for project app_production_controller ****
make all 
Building file: ../src/utilities/fifo_queue.c
Invoking: ARM gcc compiler
arm-xilinx-eabi-gcc -Wall -O0 -g3 -c -fmessage-length=0 -MT"src/utilities/fifo_queue.o" -I../../bsp_production_freertos/ps7_cortexa9_1/include -MMD -MP -MF"src/utilities/fifo_queue.d" -MT"src/utilities/fifo_queue.d" -o "src/utilities/fifo_queue.o" "../src/utilities/fifo_queue.c"
Finished building: ../src/utilities/fifo_queue.c
 
Building target: app_production_controller.elf
Invoking: ARM gcc linker
arm-xilinx-eabi-gcc -Wl,-T -Wl,../src/lscript.ld -L../../bsp_production_freertos/ps7_cortexa9_1/lib -o "app_production_controller.elf"  ./src/utilities/axi_gpio.o ./src/utilities/fifo_queue.o  ./src/main_production.o ./src/production_controller.o   -Wl,--start-group,-lxil,-lfreertos,-lgcc,-lc,--end-group -Wl,--start-group,-lxil,-llwip4,-lgcc,-lc,--end-group
Finished building target: app_production_controller.elf
 
Invoking: ARM Print Size
arm-xilinx-eabi-size app_production_controller.elf  |tee "app_production_controller.elf.size"
   text	   data	    bss	    dec	    hex	filename
  70240	   3076	  23148	  96464	  178d0	app_production_controller.elf
Finished building: app_production_controller.elf.size
 
23:20:30 **** Auto Build of configuration Debug for project app_production_controller ****
make all 
Building file: ../src/utilities/fifo_queue.c
Invoking: ARM gcc compiler
arm-xilinx-eabi-gcc -Wall -O0 -g3 -c -fmessage-length=0 -MT"src/utilities/fifo_queue.o" -I../../bsp_production_freertos/ps7_cortexa9_1/include -MMD -MP -MF"src/utilities/fifo_queue.d" -MT"src/utilities/fifo_queue.d" -o "src/utilities/fifo_queue.o" "../src/utilities/fifo_queue.c"
Finished building: ../src/utilities/fifo_queue.c
 
Building target: app_production_controller.elf
Invoking: ARM gcc linker
arm-xilinx-eabi-gcc -Wl,-T -Wl,../src/lscript.ld -L../../bsp_production_freertos/ps7_cortexa9_1/lib -o "app_production_controller.elf"  ./src/utilities/axi_gpio.o ./src/utilities/fifo_queue.o  ./src/main_production.o ./src/production_controller.o   -Wl,--start-group,-lxil,-lfreertos,-lgcc,-lc,--end-group -Wl,--start-group,-lxil,-llwip4,-lgcc,-lc,--end-group
Finished building target: app_production_controller.elf
 
Invoking: ARM Print Size
arm-xilinx-eabi-size app_production_controller.elf  |tee "app_production_controller.elf.size"
   text	   data	    bss	    dec	    hex	filename
  70240	   3076	  23148	  96464	  178d0	app_production_controller.elf
Finished building: app_production_controller.elf.size
 
23:20:47 **** Auto Build of configuration Debug for project app_production_controller ****
make all 
Building file: ../src/utilities/fifo_queue.c
Invoking: ARM gcc compiler
arm-xilinx-eabi-gcc -Wall -O0 -g3 -c -fmessage-length=0 -MT"src/utilities/fifo_queue.o" -I../../bsp_production_freertos/ps7_cortexa9_1/include -MMD -MP -MF"src/utilities/fifo_queue.d" -MT"src/utilities/fifo_queue.d" -o "src/utilities/fifo_queue.o" "../src/utilities/fifo_queue.c"
Finished building: ../src/utilities/fifo_queue.c
 
Building target: app_production_controller.elf
Invoking: ARM gcc linker
arm-xilinx-eabi-gcc -Wl,-T -Wl,../src/lscript.ld -L../../bsp_production_freertos/ps7_cortexa9_1/lib -o "app_production_controller.elf"  ./src/utilities/axi_gpio.o ./src/utilities/fifo_queue.o  ./src/main_production.o ./src/production_controller.o   -Wl,--start-group,-lxil,-lfreertos,-lgcc,-lc,--end-group -Wl,--start-group,-lxil,-llwip4,-lgcc,-lc,--end-group
Finished building target: app_production_controller.elf
 
Invoking: ARM Print Size
arm-xilinx-eabi-size app_production_controller.elf  |tee "app_production_controller.elf.size"
   text	   data	    bss	    dec	    hex	filename
  70240	   3076	  23148	  96464	  178d0	app_production_controller.elf
Finished building: app_production_controller.elf.size
 
23:20:58 **** Auto Build of configuration Debug for project app_production_controller ****
make all 
Building file: ../src/utilities/fifo_queue.c
Invoking: ARM gcc compiler
arm-xilinx-eabi-gcc -Wall -O0 -g3 -c -fmessage-length=0 -MT"src/utilities/fifo_queue.o" -I../../bsp_production_freertos/ps7_cortexa9_1/include -MMD -MP -MF"src/utilities/fifo_queue.d" -MT"src/utilities/fifo_queue.d" -o "src/utilities/fifo_queue.o" "../src/utilities/fifo_queue.c"
Finished building: ../src/utilities/fifo_queue.c
 
Building target: app_production_controller.elf
Invoking: ARM gcc linker
arm-xilinx-eabi-gcc -Wl,-T -Wl,../src/lscript.ld -L../../bsp_production_freertos/ps7_cortexa9_1/lib -o "app_production_controller.elf"  ./src/utilities/axi_gpio.o ./src/utilities/fifo_queue.o  ./src/main_production.o ./src/production_controller.o   -Wl,--start-group,-lxil,-lfreertos,-lgcc,-lc,--end-group -Wl,--start-group,-lxil,-llwip4,-lgcc,-lc,--end-group
Finished building target: app_production_controller.elf
 
Invoking: ARM Print Size
arm-xilinx-eabi-size app_production_controller.elf  |tee "app_production_controller.elf.size"
   text	   data	    bss	    dec	    hex	filename
  70240	   3076	  23148	  96464	  178d0	app_production_controller.elf
Finished building: app_production_controller.elf.size
 
23:21:03 **** Auto Build of configuration Debug for project app_production_controller ****
make all 
Building file: ../src/utilities/fifo_queue.c
Invoking: ARM gcc compiler
arm-xilinx-eabi-gcc -Wall -O0 -g3 -c -fmessage-length=0 -MT"src/utilities/fifo_queue.o" -I../../bsp_production_freertos/ps7_cortexa9_1/include -MMD -MP -MF"src/utilities/fifo_queue.d" -MT"src/utilities/fifo_queue.d" -o "src/utilities/fifo_queue.o" "../src/utilities/fifo_queue.c"
Finished building: ../src/utilities/fifo_queue.c
 
Building target: app_production_controller.elf
Invoking: ARM gcc linker
arm-xilinx-eabi-gcc -Wl,-T -Wl,../src/lscript.ld -L../../bsp_production_freertos/ps7_cortexa9_1/lib -o "app_production_controller.elf"  ./src/utilities/axi_gpio.o ./src/utilities/fifo_queue.o  ./src/main_production.o ./src/production_controller.o   -Wl,--start-group,-lxil,-lfreertos,-lgcc,-lc,--end-group -Wl,--start-group,-lxil,-llwip4,-lgcc,-lc,--end-group
Finished building target: app_production_controller.elf
 
Invoking: ARM Print Size
arm-xilinx-eabi-size app_production_controller.elf  |tee "app_production_controller.elf.size"
   text	   data	    bss	    dec	    hex	filename
  70240	   3076	  23148	  96464	  178d0	app_production_controller.elf
Finished building: app_production_controller.elf.size
 
23:21:17 **** Auto Build of configuration Debug for project app_production_controller ****
make all 
Building file: ../src/utilities/fifo_queue.c
Invoking: ARM gcc compiler
arm-xilinx-eabi-gcc -Wall -O0 -g3 -c -fmessage-length=0 -MT"src/utilities/fifo_queue.o" -I../../bsp_production_freertos/ps7_cortexa9_1/include -MMD -MP -MF"src/utilities/fifo_queue.d" -MT"src/utilities/fifo_queue.d" -o "src/utilities/fifo_queue.o" "../src/utilities/fifo_queue.c"
Finished building: ../src/utilities/fifo_queue.c
 
Building target: app_production_controller.elf
Invoking: ARM gcc linker
arm-xilinx-eabi-gcc -Wl,-T -Wl,../src/lscript.ld -L../../bsp_production_freertos/ps7_cortexa9_1/lib -o "app_production_controller.elf"  ./src/utilities/axi_gpio.o ./src/utilities/fifo_queue.o  ./src/main_production.o ./src/production_controller.o   -Wl,--start-group,-lxil,-lfreertos,-lgcc,-lc,--end-group -Wl,--start-group,-lxil,-llwip4,-lgcc,-lc,--end-group
Finished building target: app_production_controller.elf
 
Invoking: ARM Print Size
arm-xilinx-eabi-size app_production_controller.elf  |tee "app_production_controller.elf.size"
   text	   data	    bss	    dec	    hex	filename
  70240	   3076	  23148	  96464	  178d0	app_production_controller.elf
Finished building: app_production_controller.elf.size
 
23:21:24 **** Auto Build of configuration Debug for project app_production_controller ****
make all 
Building file: ../src/utilities/fifo_queue.c
Invoking: ARM gcc compiler
arm-xilinx-eabi-gcc -Wall -O0 -g3 -c -fmessage-length=0 -MT"src/utilities/fifo_queue.o" -I../../bsp_production_freertos/ps7_cortexa9_1/include -MMD -MP -MF"src/utilities/fifo_queue.d" -MT"src/utilities/fifo_queue.d" -o "src/utilities/fifo_queue.o" "../src/utilities/fifo_queue.c"
Finished building: ../src/utilities/fifo_queue.c
 
Building target: app_production_controller.elf
Invoking: ARM gcc linker
arm-xilinx-eabi-gcc -Wl,-T -Wl,../src/lscript.ld -L../../bsp_production_freertos/ps7_cortexa9_1/lib -o "app_production_controller.elf"  ./src/utilities/axi_gpio.o ./src/utilities/fifo_queue.o  ./src/main_production.o ./src/production_controller.o   -Wl,--start-group,-lxil,-lfreertos,-lgcc,-lc,--end-group -Wl,--start-group,-lxil,-llwip4,-lgcc,-lc,--end-group
Finished building target: app_production_controller.elf
 
Invoking: ARM Print Size
arm-xilinx-eabi-size app_production_controller.elf  |tee "app_production_controller.elf.size"
   text	   data	    bss	    dec	    hex	filename
  70240	   3076	  23148	  96464	  178d0	app_production_controller.elf
Finished building: app_production_controller.elf.size
 
23:21:33 **** Auto Build of configuration Debug for project app_production_controller ****
make all 
Building file: ../src/utilities/fifo_queue.c
Invoking: ARM gcc compiler
arm-xilinx-eabi-gcc -Wall -O0 -g3 -c -fmessage-length=0 -MT"src/utilities/fifo_queue.o" -I../../bsp_production_freertos/ps7_cortexa9_1/include -MMD -MP -MF"src/utilities/fifo_queue.d" -MT"src/utilities/fifo_queue.d" -o "src/utilities/fifo_queue.o" "../src/utilities/fifo_queue.c"
Finished building: ../src/utilities/fifo_queue.c
 
Building target: app_production_controller.elf
Invoking: ARM gcc linker
arm-xilinx-eabi-gcc -Wl,-T -Wl,../src/lscript.ld -L../../bsp_production_freertos/ps7_cortexa9_1/lib -o "app_production_controller.elf"  ./src/utilities/axi_gpio.o ./src/utilities/fifo_queue.o  ./src/main_production.o ./src/production_controller.o   -Wl,--start-group,-lxil,-lfreertos,-lgcc,-lc,--end-group -Wl,--start-group,-lxil,-llwip4,-lgcc,-lc,--end-group
Finished building target: app_production_controller.elf
 
Invoking: ARM Print Size
arm-xilinx-eabi-size app_production_controller.elf  |tee "app_production_controller.elf.size"
   text	   data	    bss	    dec	    hex	filename
  70240	   3076	  23148	  96464	  178d0	app_production_controller.elf
Finished building: app_production_controller.elf.size
 
23:22:08 **** Auto Build of configuration Debug for project app_production_controller ****
make all 
Building file: ../src/utilities/fifo_queue.c
Invoking: ARM gcc compiler
arm-xilinx-eabi-gcc -Wall -O0 -g3 -c -fmessage-length=0 -MT"src/utilities/fifo_queue.o" -I../../bsp_production_freertos/ps7_cortexa9_1/include -MMD -MP -MF"src/utilities/fifo_queue.d" -MT"src/utilities/fifo_queue.d" -o "src/utilities/fifo_queue.o" "../src/utilities/fifo_queue.c"
../src/utilities/fifo_queue.c:13:16: warning: 'fifo_enqueue' defined but not used [-Wunused-variable]
 static XLlFifo fifo_enqueue;
                ^
Finished building: ../src/utilities/fifo_queue.c
 
Building target: app_production_controller.elf
Invoking: ARM gcc linker
arm-xilinx-eabi-gcc -Wl,-T -Wl,../src/lscript.ld -L../../bsp_production_freertos/ps7_cortexa9_1/lib -o "app_production_controller.elf"  ./src/utilities/axi_gpio.o ./src/utilities/fifo_queue.o  ./src/main_production.o ./src/production_controller.o   -Wl,--start-group,-lxil,-lfreertos,-lgcc,-lc,--end-group -Wl,--start-group,-lxil,-llwip4,-lgcc,-lc,--end-group
Finished building target: app_production_controller.elf
 
Invoking: ARM Print Size
arm-xilinx-eabi-size app_production_controller.elf  |tee "app_production_controller.elf.size"
   text	   data	    bss	    dec	    hex	filename
  70240	   3076	  23260	  96576	  17940	app_production_controller.elf
Finished building: app_production_controller.elf.size
 
23:22:14 **** Auto Build of configuration Debug for project app_production_controller ****
make all 
Building file: ../src/utilities/fifo_queue.c
Invoking: ARM gcc compiler
arm-xilinx-eabi-gcc -Wall -O0 -g3 -c -fmessage-length=0 -MT"src/utilities/fifo_queue.o" -I../../bsp_production_freertos/ps7_cortexa9_1/include -MMD -MP -MF"src/utilities/fifo_queue.d" -MT"src/utilities/fifo_queue.d" -o "src/utilities/fifo_queue.o" "../src/utilities/fifo_queue.c"
../src/utilities/fifo_queue.c: In function 'init_fifo_queues':
../src/utilities/fifo_queue.c:18:1: error: expected expression before '}' token
 }
 ^
../src/utilities/fifo_queue.c: At top level:
../src/utilities/fifo_queue.c:13:16: warning: 'fifo_enqueue' defined but not used [-Wunused-variable]
 static XLlFifo fifo_enqueue;
                ^
../src/utilities/fifo_queue.c: In function 'init_fifo_queues':
../src/utilities/fifo_queue.c:18:1: warning: control reaches end of non-void function [-Wreturn-type]
 }
 ^
make: *** [src/utilities/fifo_queue.o] Error 1
[...]
Finished building: ../src/main_backup.c
 
Building target: app_backup_controller.elf
Invoking: MicroBlaze gcc linker
mb-gcc -Wl,-T -Wl,../src/lscript.ld -L../../bsp_backup_standalone/backup_controller/lib -mlittle-endian -mxl-barrel-shift -mxl-pattern-compare -mno-xl-soft-div -mcpu=v9.4 -mno-xl-soft-mul -mhard-float -mxl-float-convert -mxl-float-sqrt -Wl,--no-relax -Wl,--gc-sections -o "app_backup_controller.elf"  ./src/utilities/axi_gpio.o ./src/utilities/fifo_queue.o  ./src/backup_controller.o ./src/main_backup.o   -Wl,--start-group,-lxil,-lgcc,-lc,--end-group
../../bsp_backup_standalone/backup_controller/lib/libgloss.a(xil_printf.o): In function `padding.part.0':
(.text+0x2c): undefined reference to `outbyte'
../../bsp_backup_standalone/backup_controller/lib/libgloss.a(xil_printf.o): In function `outnum':
(.text+0x170): undefined reference to `outbyte'
../../bsp_backup_standalone/backup_controller/lib/libgloss.a(xil_printf.o): In function `xil_printf':
(.text+0x244): undefined reference to `outbyte'
../../bsp_backup_standalone/backup_controller/lib/libgloss.a(xil_printf.o): In function `xil_printf':
(.text+0x3e8): undefined reference to `outbyte'
../../bsp_backup_standalone/backup_controller/lib/libgloss.a(xil_printf.o): In function `xil_printf':
(.text+0x47c): undefined reference to `outbyte'
../../bsp_backup_standalone/backup_controller/lib/libgloss.a(xil_printf.o):(.text+0x4b0): more undefined references to `outbyte' follow
collect2: error: ld returned 1 exit status
make: *** [app_backup_controller.elf] Error 1
20:52:04 **** Auto Build of configuration Debug for project app_backup_controller ****
make all 
Building file: ../src/main_backup.c
Invoking: MicroBlaze gcc compiler
mb-gcc -Wall -O0 -g3 -c -fmessage-length=0 -MT"src/main_backup.o" -I../../bsp_backup_standalone/backup_controller/include -mlittle-endian -mxl-barrel-shift -mxl-pattern-compare -mno-xl-soft-div -mcpu=v9.4 -mno-xl-soft-mul -mhard-float -mxl-float-convert -mxl-float-sqrt -Wl,--no-relax -ffunction-sections -fdata-sections -MMD -MP -MF"src/main_backup.d" -MT"src/main_backup.d" -o "src/main_backup.o" "../src/main_backup.c"
Finished building: ../src/main_backup.c
 
Building target: app_backup_controller.elf
Invoking: MicroBlaze gcc linker
mb-gcc -Wl,-T -Wl,../src/lscript.ld -L../../bsp_backup_standalone/backup_controller/lib -mlittle-endian -mxl-barrel-shift -mxl-pattern-compare -mno-xl-soft-div -mcpu=v9.4 -mno-xl-soft-mul -mhard-float -mxl-float-convert -mxl-float-sqrt -Wl,--no-relax -Wl,--gc-sections -o "app_backup_controller.elf"  ./src/utilities/axi_gpio.o ./src/utilities/fifo_queue.o  ./src/backup_controller.o ./src/main_backup.o   -Wl,--start-group,-lxil,-lgcc,-lc,--end-group
Finished building target: app_backup_controller.elf
 
Invoking: MicroBlaze Print Size
mb-size app_backup_controller.elf  |tee "app_backup_controller.elf.size"
   text	   data	    bss	    dec	    hex	filename
   7020	    332	   2424	   9776	   2630	app_backup_controller.elf
Finished building: app_backup_controller.elf.size
 
20:52:08 **** Auto Build of configuration Debug for project app_backup_controller ****
make all 
Building file: ../src/main_backup.c
Invoking: MicroBlaze gcc compiler
mb-gcc -Wall -O0 -g3 -c -fmessage-length=0 -MT"src/main_backup.o" -I../../bsp_backup_standalone/backup_controller/include -mlittle-endian -mxl-barrel-shift -mxl-pattern-compare -mno-xl-soft-div -mcpu=v9.4 -mno-xl-soft-mul -mhard-float -mxl-float-convert -mxl-float-sqrt -Wl,--no-relax -ffunction-sections -fdata-sections -MMD -MP -MF"src/main_backup.d" -MT"src/main_backup.d" -o "src/main_backup.o" "../src/main_backup.c"
Finished building: ../src/main_backup.c
 
Building target: app_backup_controller.elf
Invoking: MicroBlaze gcc linker
mb-gcc -Wl,-T -Wl,../src/lscript.ld -L../../bsp_backup_standalone/backup_controller/lib -mlittle-endian -mxl-barrel-shift -mxl-pattern-compare -mno-xl-soft-div -mcpu=v9.4 -mno-xl-soft-mul -mhard-float -mxl-float-convert -mxl-float-sqrt -Wl,--no-relax -Wl,--gc-sections -o "app_backup_controller.elf"  ./src/utilities/axi_gpio.o ./src/utilities/fifo_queue.o  ./src/backup_controller.o ./src/main_backup.o   -Wl,--start-group,-lxil,-lgcc,-lc,--end-group
Finished building target: app_backup_controller.elf
 
Invoking: MicroBlaze Print Size
mb-size app_backup_controller.elf  |tee "app_backup_controller.elf.size"
   text	   data	    bss	    dec	    hex	filename
   7656	    348	   2420	  10424	   28b8	app_backup_controller.elf
Finished building: app_backup_controller.elf.size
 
20:52:10 **** Auto Build of configuration Debug for project app_backup_controller ****
make all 
Building file: ../src/main_backup.c
Invoking: MicroBlaze gcc compiler
mb-gcc -Wall -O0 -g3 -c -fmessage-length=0 -MT"src/main_backup.o" -I../../bsp_backup_standalone/backup_controller/include -mlittle-endian -mxl-barrel-shift -mxl-pattern-compare -mno-xl-soft-div -mcpu=v9.4 -mno-xl-soft-mul -mhard-float -mxl-float-convert -mxl-float-sqrt -Wl,--no-relax -ffunction-sections -fdata-sections -MMD -MP -MF"src/main_backup.d" -MT"src/main_backup.d" -o "src/main_backup.o" "../src/main_backup.c"
Finished building: ../src/main_backup.c
 
Building target: app_backup_controller.elf
Invoking: MicroBlaze gcc linker
mb-gcc -Wl,-T -Wl,../src/lscript.ld -L../../bsp_backup_standalone/backup_controller/lib -mlittle-endian -mxl-barrel-shift -mxl-pattern-compare -mno-xl-soft-div -mcpu=v9.4 -mno-xl-soft-mul -mhard-float -mxl-float-convert -mxl-float-sqrt -Wl,--no-relax -Wl,--gc-sections -o "app_backup_controller.elf"  ./src/utilities/axi_gpio.o ./src/utilities/fifo_queue.o  ./src/backup_controller.o ./src/main_backup.o   -Wl,--start-group,-lxil,-lgcc,-lc,--end-group
../../bsp_backup_standalone/backup_controller/lib/libgloss.a(xil_printf.o): In function `padding.part.0':
(.text+0x2c): undefined reference to `outbyte'
../../bsp_backup_standalone/backup_controller/lib/libgloss.a(xil_printf.o): In function `outnum':
(.text+0x170): undefined reference to `outbyte'
../../bsp_backup_standalone/backup_controller/lib/libgloss.a(xil_printf.o): In function `xil_printf':
(.text+0x244): undefined reference to `outbyte'
../../bsp_backup_standalone/backup_controller/lib/libgloss.a(xil_printf.o): In function `xil_printf':
(.text+0x3e8): undefined reference to `outbyte'
../../bsp_backup_standalone/backup_controller/lib/libgloss.a(xil_printf.o): In function `xil_printf':
(.text+0x47c): undefined reference to `outbyte'
../../bsp_backup_standalone/backup_controller/lib/libgloss.a(xil_printf.o):(.text+0x4b0): more undefined references to `outbyte' follow
collect2: error: ld returned 1 exit status
make: *** [app_backup_controller.elf] Error 1
20:52:14 **** Auto Build of configuration Debug for project app_backup_controller ****
make all 
Building file: ../src/main_backup.c
Invoking: MicroBlaze gcc compiler
mb-gcc -Wall -O0 -g3 -c -fmessage-length=0 -MT"src/main_backup.o" -I../../bsp_backup_standalone/backup_controller/include -mlittle-endian -mxl-barrel-shift -mxl-pattern-compare -mno-xl-soft-div -mcpu=v9.4 -mno-xl-soft-mul -mhard-float -mxl-float-convert -mxl-float-sqrt -Wl,--no-relax -ffunction-sections -fdata-sections -MMD -MP -MF"src/main_backup.d" -MT"src/main_backup.d" -o "src/main_backup.o" "../src/main_backup.c"
Finished building: ../src/main_backup.c
 
Building target: app_backup_controller.elf
Invoking: MicroBlaze gcc linker
mb-gcc -Wl,-T -Wl,../src/lscript.ld -L../../bsp_backup_standalone/backup_controller/lib -mlittle-endian -mxl-barrel-shift -mxl-pattern-compare -mno-xl-soft-div -mcpu=v9.4 -mno-xl-soft-mul -mhard-float -mxl-float-convert -mxl-float-sqrt -Wl,--no-relax -Wl,--gc-sections -o "app_backup_controller.elf"  ./src/utilities/axi_gpio.o ./src/utilities/fifo_queue.o  ./src/backup_controller.o ./src/main_backup.o   -Wl,--start-group,-lxil,-lgcc,-lc,--end-group
Finished building target: app_backup_controller.elf
 
Invoking: MicroBlaze Print Size
mb-size app_backup_controller.elf  |tee "app_backup_controller.elf.size"
   text	   data	    bss	    dec	    hex	filename
   7656	    348	   2420	  10424	   28b8	app_backup_controller.elf
Finished building: app_backup_controller.elf.size
 
20:52:18 **** Incremental Build of configuration Debug for project app_backup_controller ****
make all 
make: Nothing to be done for `all'.
20:52:19 **** Incremental Build of configuration Debug for project bsp_ioi_standalone_xllfifo_interrupt_example_1 ****
make all 
make: Nothing to be done for `all'.
20:52:19 **** Incremental Build of configuration Debug for project bsp_ioi_standalone_xuartlite_selftest_example_1 ****
make all 
make: Nothing to be done for `all'.
20:52:19 **** Incremental Build of configuration Debug for project app_production_controller ****
make all 
make: Nothing to be done for `all'.
20:52:21 **** Auto Build of configuration Debug for project app_backup_controller ****
make all 
Building file: ../src/main_backup.c
Invoking: MicroBlaze gcc compiler
mb-gcc -Wall -O0 -g3 -c -fmessage-length=0 -MT"src/main_backup.o" -I../../bsp_backup_standalone/backup_controller/include -mlittle-endian -mxl-barrel-shift -mxl-pattern-compare -mno-xl-soft-div -mcpu=v9.4 -mno-xl-soft-mul -mhard-float -mxl-float-convert -mxl-float-sqrt -Wl,--no-relax -ffunction-sections -fdata-sections -MMD -MP -MF"src/main_backup.d" -MT"src/main_backup.d" -o "src/main_backup.o" "../src/main_backup.c"
Finished building: ../src/main_backup.c
 
Building target: app_backup_controller.elf
Invoking: MicroBlaze gcc linker
mb-gcc -Wl,-T -Wl,../src/lscript.ld -L../../bsp_backup_standalone/backup_controller/lib -mlittle-endian -mxl-barrel-shift -mxl-pattern-compare -mno-xl-soft-div -mcpu=v9.4 -mno-xl-soft-mul -mhard-float -mxl-float-convert -mxl-float-sqrt -Wl,--no-relax -Wl,--gc-sections -o "app_backup_controller.elf"  ./src/utilities/axi_gpio.o ./src/utilities/fifo_queue.o  ./src/backup_controller.o ./src/main_backup.o   -Wl,--start-group,-lxil,-lgcc,-lc,--end-group
../../bsp_backup_standalone/backup_controller/lib/libgloss.a(xil_printf.o): In function `padding.part.0':
(.text+0x2c): undefined reference to `outbyte'
../../bsp_backup_standalone/backup_controller/lib/libgloss.a(xil_printf.o): In function `outnum':
(.text+0x170): undefined reference to `outbyte'
../../bsp_backup_standalone/backup_controller/lib/libgloss.a(xil_printf.o): In function `xil_printf':
(.text+0x244): undefined reference to `outbyte'
../../bsp_backup_standalone/backup_controller/lib/libgloss.a(xil_printf.o): In function `xil_printf':
(.text+0x3e8): undefined reference to `outbyte'
../../bsp_backup_standalone/backup_controller/lib/libgloss.a(xil_printf.o): In function `xil_printf':
(.text+0x47c): undefined reference to `outbyte'
../../bsp_backup_standalone/backup_controller/lib/libgloss.a(xil_printf.o):(.text+0x4b0): more undefined references to `outbyte' follow
collect2: error: ld returned 1 exit status
make: *** [app_backup_controller.elf] Error 1
20:52:24 **** Auto Build of configuration Debug for project app_backup_controller ****
make all 
Building file: ../src/main_backup.c
Invoking: MicroBlaze gcc compiler
mb-gcc -Wall -O0 -g3 -c -fmessage-length=0 -MT"src/main_backup.o" -I../../bsp_backup_standalone/backup_controller/include -mlittle-endian -mxl-barrel-shift -mxl-pattern-compare -mno-xl-soft-div -mcpu=v9.4 -mno-xl-soft-mul -mhard-float -mxl-float-convert -mxl-float-sqrt -Wl,--no-relax -ffunction-sections -fdata-sections -MMD -MP -MF"src/main_backup.d" -MT"src/main_backup.d" -o "src/main_backup.o" "../src/main_backup.c"
Finished building: ../src/main_backup.c
 
Building target: app_backup_controller.elf
Invoking: MicroBlaze gcc linker
mb-gcc -Wl,-T -Wl,../src/lscript.ld -L../../bsp_backup_standalone/backup_controller/lib -mlittle-endian -mxl-barrel-shift -mxl-pattern-compare -mno-xl-soft-div -mcpu=v9.4 -mno-xl-soft-mul -mhard-float -mxl-float-convert -mxl-float-sqrt -Wl,--no-relax -Wl,--gc-sections -o "app_backup_controller.elf"  ./src/utilities/axi_gpio.o ./src/utilities/fifo_queue.o  ./src/backup_controller.o ./src/main_backup.o   -Wl,--start-group,-lxil,-lgcc,-lc,--end-group
Finished building target: app_backup_controller.elf
 
Invoking: MicroBlaze Print Size
mb-size app_backup_controller.elf  |tee "app_backup_controller.elf.size"
   text	   data	    bss	    dec	    hex	filename
   7656	    348	   2420	  10424	   28b8	app_backup_controller.elf
Finished building: app_backup_controller.elf.size
 
20:52:30 **** Auto Build of configuration Debug for project app_backup_controller ****
make all 
Building file: ../src/main_backup.c
Invoking: MicroBlaze gcc compiler
mb-gcc -Wall -O0 -g3 -c -fmessage-length=0 -MT"src/main_backup.o" -I../../bsp_backup_standalone/backup_controller/include -mlittle-endian -mxl-barrel-shift -mxl-pattern-compare -mno-xl-soft-div -mcpu=v9.4 -mno-xl-soft-mul -mhard-float -mxl-float-convert -mxl-float-sqrt -Wl,--no-relax -ffunction-sections -fdata-sections -MMD -MP -MF"src/main_backup.d" -MT"src/main_backup.d" -o "src/main_backup.o" "../src/main_backup.c"
Finished building: ../src/main_backup.c
 
Building target: app_backup_controller.elf
Invoking: MicroBlaze gcc linker
mb-gcc -Wl,-T -Wl,../src/lscript.ld -L../../bsp_backup_standalone/backup_controller/lib -mlittle-endian -mxl-barrel-shift -mxl-pattern-compare -mno-xl-soft-div -mcpu=v9.4 -mno-xl-soft-mul -mhard-float -mxl-float-convert -mxl-float-sqrt -Wl,--no-relax -Wl,--gc-sections -o "app_backup_controller.elf"  ./src/utilities/axi_gpio.o ./src/utilities/fifo_queue.o  ./src/backup_controller.o ./src/main_backup.o   -Wl,--start-group,-lxil,-lgcc,-lc,--end-group
../../bsp_backup_standalone/backup_controller/lib/libgloss.a(xil_printf.o): In function `padding.part.0':
(.text+0x2c): undefined reference to `outbyte'
../../bsp_backup_standalone/backup_controller/lib/libgloss.a(xil_printf.o): In function `outnum':
(.text+0x170): undefined reference to `outbyte'
../../bsp_backup_standalone/backup_controller/lib/libgloss.a(xil_printf.o): In function `xil_printf':
(.text+0x244): undefined reference to `outbyte'
../../bsp_backup_standalone/backup_controller/lib/libgloss.a(xil_printf.o): In function `xil_printf':
(.text+0x3e8): undefined reference to `outbyte'
../../bsp_backup_standalone/backup_controller/lib/libgloss.a(xil_printf.o): In function `xil_printf':
(.text+0x47c): undefined reference to `outbyte'
../../bsp_backup_standalone/backup_controller/lib/libgloss.a(xil_printf.o):(.text+0x4b0): more undefined references to `outbyte' follow
collect2: error: ld returned 1 exit status
make: *** [app_backup_controller.elf] Error 1
20:53:12 **** Auto Build of configuration Debug for project app_backup_controller ****
make all 
Building file: ../src/utilities/fifo_queue.c
Invoking: MicroBlaze gcc compiler
mb-gcc -Wall -O0 -g3 -c -fmessage-length=0 -MT"src/utilities/fifo_queue.o" -I../../bsp_backup_standalone/backup_controller/include -mlittle-endian -mxl-barrel-shift -mxl-pattern-compare -mno-xl-soft-div -mcpu=v9.4 -mno-xl-soft-mul -mhard-float -mxl-float-convert -mxl-float-sqrt -Wl,--no-relax -ffunction-sections -fdata-sections -MMD -MP -MF"src/utilities/fifo_queue.d" -MT"src/utilities/fifo_queue.d" -o "src/utilities/fifo_queue.o" "../src/utilities/fifo_queue.c"
../src/utilities/fifo_queue.c: In function 'init_fifo_queues':
../src/utilities/fifo_queue.c:20:6: warning: unused variable 'Error' [-Wunused-variable]
  int Error;
      ^
../src/utilities/fifo_queue.c:19:6: warning: unused variable 'i' [-Wunused-variable]
  int i;
      ^
Finished building: ../src/utilities/fifo_queue.c
 
Building target: app_backup_controller.elf
Invoking: MicroBlaze gcc linker
mb-gcc -Wl,-T -Wl,../src/lscript.ld -L../../bsp_backup_standalone/backup_controller/lib -mlittle-endian -mxl-barrel-shift -mxl-pattern-compare -mno-xl-soft-div -mcpu=v9.4 -mno-xl-soft-mul -mhard-float -mxl-float-convert -mxl-float-sqrt -Wl,--no-relax -Wl,--gc-sections -o "app_backup_controller.elf"  ./src/utilities/axi_gpio.o ./src/utilities/fifo_queue.o  ./src/backup_controller.o ./src/main_backup.o   -Wl,--start-group,-lxil,-lgcc,-lc,--end-group
Finished building target: app_backup_controller.elf
 
Invoking: MicroBlaze Print Size
mb-size app_backup_controller.elf  |tee "app_backup_controller.elf.size"
   text	   data	    bss	    dec	    hex	filename
   9352	    380	   2420	  12152	   2f78	app_backup_controller.elf
Finished building: app_backup_controller.elf.size
 
20:53:12 **** Incremental Build of configuration Debug for project app_backup_controller ****
make all 
make: Nothing to be done for `all'.
20:53:13 **** Incremental Build of configuration Debug for project bsp_ioi_standalone_xllfifo_interrupt_example_1 ****
make all 
make: Nothing to be done for `all'.
20:53:13 **** Incremental Build of configuration Debug for project bsp_ioi_standalone_xuartlite_selftest_example_1 ****
make all 
make: Nothing to be done for `all'.
20:53:13 **** Incremental Build of configuration Debug for project app_production_controller ****
make all 
make: Nothing to be done for `all'.
20:53:21 **** Auto Build of configuration Debug for project app_backup_controller ****
make all 
Building file: ../src/main_backup.c
Invoking: MicroBlaze gcc compiler
mb-gcc -Wall -O0 -g3 -c -fmessage-length=0 -MT"src/main_backup.o" -I../../bsp_backup_standalone/backup_controller/include -mlittle-endian -mxl-barrel-shift -mxl-pattern-compare -mno-xl-soft-div -mcpu=v9.4 -mno-xl-soft-mul -mhard-float -mxl-float-convert -mxl-float-sqrt -Wl,--no-relax -ffunction-sections -fdata-sections -MMD -MP -MF"src/main_backup.d" -MT"src/main_backup.d" -o "src/main_backup.o" "../src/main_backup.c"
Finished building: ../src/main_backup.c
 
Building target: app_backup_controller.elf
Invoking: MicroBlaze gcc linker
mb-gcc -Wl,-T -Wl,../src/lscript.ld -L../../bsp_backup_standalone/backup_controller/lib -mlittle-endian -mxl-barrel-shift -mxl-pattern-compare -mno-xl-soft-div -mcpu=v9.4 -mno-xl-soft-mul -mhard-float -mxl-float-convert -mxl-float-sqrt -Wl,--no-relax -Wl,--gc-sections -o "app_backup_controller.elf"  ./src/utilities/axi_gpio.o ./src/utilities/fifo_queue.o  ./src/backup_controller.o ./src/main_backup.o   -Wl,--start-group,-lxil,-lgcc,-lc,--end-group
Finished building target: app_backup_controller.elf
 
Invoking: MicroBlaze Print Size
mb-size app_backup_controller.elf  |tee "app_backup_controller.elf.size"
   text	   data	    bss	    dec	    hex	filename
   9352	    380	   2420	  12152	   2f78	app_backup_controller.elf
Finished building: app_backup_controller.elf.size
 
20:53:29 **** Incremental Build of configuration Debug for project app_backup_controller ****
make all 
make: Nothing to be done for `all'.
20:53:30 **** Incremental Build of configuration Debug for project bsp_ioi_standalone_xllfifo_interrupt_example_1 ****
make all 
make: Nothing to be done for `all'.
20:53:30 **** Incremental Build of configuration Debug for project bsp_ioi_standalone_xuartlite_selftest_example_1 ****
make all 
make: Nothing to be done for `all'.
20:53:30 **** Incremental Build of configuration Debug for project app_production_controller ****
make all 
make: Nothing to be done for `all'.
20:53:37 **** Incremental Build of configuration Debug for project app_backup_controller ****
make all 
make: Nothing to be done for `all'.
20:53:37 **** Incremental Build of configuration Debug for project bsp_ioi_standalone_xllfifo_interrupt_example_1 ****
make all 
make: Nothing to be done for `all'.
20:53:37 **** Incremental Build of configuration Debug for project bsp_ioi_standalone_xuartlite_selftest_example_1 ****
make all 
make: Nothing to be done for `all'.
20:53:38 **** Incremental Build of configuration Debug for project app_production_controller ****
make all 
make: Nothing to be done for `all'.
