15:38:52 **** Auto Build of configuration Debug for project app_production_controller ****
make all 
Building file: ../src/production_controller.c
Invoking: ARM gcc compiler
arm-xilinx-eabi-gcc -Wall -O0 -g3 -I../../bsp_production_freertos/ps7_cortexa9_1/include -I/home/controls/TAIGA/Rotary-Inverted-Pendulum/Rotary-Inverted-Pendulum.sdk/global_includes -c -fmessage-length=0 -MT"src/production_controller.o" -MMD -MP -MF"src/production_controller.d" -MT"src/production_controller.d" -o "src/production_controller.o" "../src/production_controller.c"
../src/production_controller.c: In function 'startProductionControl':
../src/production_controller.c:38:2: warning: implicit declaration of function 'xil_printf' [-Wimplicit-function-declaration]
  xil_printf("Production Controller Timer started\n");
  ^
Finished building: ../src/production_controller.c
 
Building target: app_production_controller.elf
Invoking: ARM gcc linker
arm-xilinx-eabi-gcc -Wl,-T -Wl,../src/lscript.ld -L../../bsp_production_freertos/ps7_cortexa9_1/lib -o "app_production_controller.elf"  ./src/utilities/axi_gpio.o ./src/utilities/fifo_queue.o  ./src/adversary.o ./src/main_production.o ./src/pendulum_control.o ./src/production_controller.o   -Wl,--start-group,-lxil,-lfreertos,-lgcc,-lc,--end-group -Wl,--start-group,-lxil,-llwip4,-lgcc,-lc,--end-group
Finished building target: app_production_controller.elf
 
Invoking: ARM Print Size
arm-xilinx-eabi-size app_production_controller.elf  |tee "app_production_controller.elf.size"
   text	   data	    bss	    dec	    hex	filename
  75200	   3152	  23340	 101692	  18d3c	app_production_controller.elf
Finished building: app_production_controller.elf.size
 

15:38:52 Build Finished (took 165ms)

