16:47:50 **** Build of project bsp_production_freertos ****
make -k all 
Running Make include in ps7_cortexa9_1/libsrc/coresightps_dcc_v1_0/src
make -C ps7_cortexa9_1/libsrc/coresightps_dcc_v1_0/src -s include  "SHELL=/bin/sh" "COMPILER=arm-xilinx-eabi-gcc" "ARCHIVER=arm-xilinx-eabi-ar" "COMPILER_FLAGS=  -O2 -c" "EXTRA_COMPILER_FLAGS=-g"
Running Make include in ps7_cortexa9_1/libsrc/cpu_cortexa9_v2_1/src
make -C ps7_cortexa9_1/libsrc/cpu_cortexa9_v2_1/src -s include  "SHELL=/bin/sh" "COMPILER=arm-xilinx-eabi-gcc" "ARCHIVER=arm-xilinx-eabi-ar" "COMPILER_FLAGS=  -O2 -c" "EXTRA_COMPILER_FLAGS=-g"
Running Make include in ps7_cortexa9_1/libsrc/devcfg_v3_2/src
make -C ps7_cortexa9_1/libsrc/devcfg_v3_2/src -s include  "SHELL=/bin/sh" "COMPILER=arm-xilinx-eabi-gcc" "ARCHIVER=arm-xilinx-eabi-ar" "COMPILER_FLAGS=  -O2 -c" "EXTRA_COMPILER_FLAGS=-g"
Running Make include in ps7_cortexa9_1/libsrc/dmaps_v2_1/src
make -C ps7_cortexa9_1/libsrc/dmaps_v2_1/src -s include  "SHELL=/bin/sh" "COMPILER=arm-xilinx-eabi-gcc" "ARCHIVER=arm-xilinx-eabi-ar" "COMPILER_FLAGS=  -O2 -c" "EXTRA_COMPILER_FLAGS=-g"
Running Make include in ps7_cortexa9_1/libsrc/emacps_v3_0/src
make -C ps7_cortexa9_1/libsrc/emacps_v3_0/src -s include  "SHELL=/bin/sh" "COMPILER=arm-xilinx-eabi-gcc" "ARCHIVER=arm-xilinx-eabi-ar" "COMPILER_FLAGS=  -O2 -c" "EXTRA_COMPILER_FLAGS=-g"
Running Make include in ps7_cortexa9_1/libsrc/freertos_zynq_v1_02_a/src
make -C ps7_cortexa9_1/libsrc/freertos_zynq_v1_02_a/src -s include  "SHELL=/bin/sh" "COMPILER=arm-xilinx-eabi-gcc" "ARCHIVER=arm-xilinx-eabi-ar" "COMPILER_FLAGS=  -O2 -c" "EXTRA_COMPILER_FLAGS=-g"
Running Make include in ps7_cortexa9_1/libsrc/gpio_v4_0/src
make -C ps7_cortexa9_1/libsrc/gpio_v4_0/src -s include  "SHELL=/bin/sh" "COMPILER=arm-xilinx-eabi-gcc" "ARCHIVER=arm-xilinx-eabi-ar" "COMPILER_FLAGS=  -O2 -c" "EXTRA_COMPILER_FLAGS=-g"
Running Make include in ps7_cortexa9_1/libsrc/iicps_v3_0/src
make -C ps7_cortexa9_1/libsrc/iicps_v3_0/src -s include  "SHELL=/bin/sh" "COMPILER=arm-xilinx-eabi-gcc" "ARCHIVER=arm-xilinx-eabi-ar" "COMPILER_FLAGS=  -O2 -c" "EXTRA_COMPILER_FLAGS=-g"
Running Make include in ps7_cortexa9_1/libsrc/llfifo_v4_0/src
make -C ps7_cortexa9_1/libsrc/llfifo_v4_0/src -s include  "SHELL=/bin/sh" "COMPILER=arm-xilinx-eabi-gcc" "ARCHIVER=arm-xilinx-eabi-ar" "COMPILER_FLAGS=  -O2 -c" "EXTRA_COMPILER_FLAGS=-g"
Running Make include in ps7_cortexa9_1/libsrc/lwip141_v1_0/src
make -C ps7_cortexa9_1/libsrc/lwip141_v1_0/src -s include  "SHELL=/bin/sh" "COMPILER=arm-xilinx-eabi-gcc" "ARCHIVER=arm-xilinx-eabi-ar" "COMPILER_FLAGS=  -O2 -c" "EXTRA_COMPILER_FLAGS=-g"
Running Make include in ps7_cortexa9_1/libsrc/qspips_v3_2/src
make -C ps7_cortexa9_1/libsrc/qspips_v3_2/src -s include  "SHELL=/bin/sh" "COMPILER=arm-xilinx-eabi-gcc" "ARCHIVER=arm-xilinx-eabi-ar" "COMPILER_FLAGS=  -O2 -c" "EXTRA_COMPILER_FLAGS=-g"
Running Make include in ps7_cortexa9_1/libsrc/scugic_v3_0/src
make -C ps7_cortexa9_1/libsrc/scugic_v3_0/src -s include  "SHELL=/bin/sh" "COMPILER=arm-xilinx-eabi-gcc" "ARCHIVER=arm-xilinx-eabi-ar" "COMPILER_FLAGS=  -O2 -c" "EXTRA_COMPILER_FLAGS=-g"
Running Make include in ps7_cortexa9_1/libsrc/scutimer_v2_1/src
make -C ps7_cortexa9_1/libsrc/scutimer_v2_1/src -s include  "SHELL=/bin/sh" "COMPILER=arm-xilinx-eabi-gcc" "ARCHIVER=arm-xilinx-eabi-ar" "COMPILER_FLAGS=  -O2 -c" "EXTRA_COMPILER_FLAGS=-g"
Running Make include in ps7_cortexa9_1/libsrc/scuwdt_v2_1/src
make -C ps7_cortexa9_1/libsrc/scuwdt_v2_1/src -s include  "SHELL=/bin/sh" "COMPILER=arm-xilinx-eabi-gcc" "ARCHIVER=arm-xilinx-eabi-ar" "COMPILER_FLAGS=  -O2 -c" "EXTRA_COMPILER_FLAGS=-g"
Running Make include in ps7_cortexa9_1/libsrc/sdps_v2_4/src
make -C ps7_cortexa9_1/libsrc/sdps_v2_4/src -s include  "SHELL=/bin/sh" "COMPILER=arm-xilinx-eabi-gcc" "ARCHIVER=arm-xilinx-eabi-ar" "COMPILER_FLAGS=  -O2 -c" "EXTRA_COMPILER_FLAGS=-g"
Running Make include in ps7_cortexa9_1/libsrc/standalone_v4_2/src
make -C ps7_cortexa9_1/libsrc/standalone_v4_2/src -s include  "SHELL=/bin/sh" "COMPILER=arm-xilinx-eabi-gcc" "ARCHIVER=arm-xilinx-eabi-ar" "COMPILER_FLAGS=  -O2 -c" "EXTRA_COMPILER_FLAGS=-g"
Running Make include in ps7_cortexa9_1/libsrc/uartps_v3_0/src
make -C ps7_cortexa9_1/libsrc/uartps_v3_0/src -s include  "SHELL=/bin/sh" "COMPILER=arm-xilinx-eabi-gcc" "ARCHIVER=arm-xilinx-eabi-ar" "COMPILER_FLAGS=  -O2 -c" "EXTRA_COMPILER_FLAGS=-g"
Running Make include in ps7_cortexa9_1/libsrc/usbps_v2_2/src
make -C ps7_cortexa9_1/libsrc/usbps_v2_2/src -s include  "SHELL=/bin/sh" "COMPILER=arm-xilinx-eabi-gcc" "ARCHIVER=arm-xilinx-eabi-ar" "COMPILER_FLAGS=  -O2 -c" "EXTRA_COMPILER_FLAGS=-g"
Running Make include in ps7_cortexa9_1/libsrc/xadcps_v2_1/src
make -C ps7_cortexa9_1/libsrc/xadcps_v2_1/src -s include  "SHELL=/bin/sh" "COMPILER=arm-xilinx-eabi-gcc" "ARCHIVER=arm-xilinx-eabi-ar" "COMPILER_FLAGS=  -O2 -c" "EXTRA_COMPILER_FLAGS=-g"
Running Make include in ps7_cortexa9_1/libsrc/xilmfs_v2_0/src
make -C ps7_cortexa9_1/libsrc/xilmfs_v2_0/src -s include  "SHELL=/bin/sh" "COMPILER=arm-xilinx-eabi-gcc" "ARCHIVER=arm-xilinx-eabi-ar" "COMPILER_FLAGS=  -O2 -c" "EXTRA_COMPILER_FLAGS=-g"
Running Make libs in ps7_cortexa9_1/libsrc/coresightps_dcc_v1_0/src
make -C ps7_cortexa9_1/libsrc/coresightps_dcc_v1_0/src -s libs  "SHELL=/bin/sh" "COMPILER=arm-xilinx-eabi-gcc" "ARCHIVER=arm-xilinx-eabi-ar" "COMPILER_FLAGS=  -O2 -c" "EXTRA_COMPILER_FLAGS=-g"
Compiling coresightps_dcc
arm-xilinx-eabi-ar: creating ../../../lib/libxil.a
Running Make libs in ps7_cortexa9_1/libsrc/cpu_cortexa9_v2_1/src
make -C ps7_cortexa9_1/libsrc/cpu_cortexa9_v2_1/src -s libs  "SHELL=/bin/sh" "COMPILER=arm-xilinx-eabi-gcc" "ARCHIVER=arm-xilinx-eabi-ar" "COMPILER_FLAGS=  -O2 -c" "EXTRA_COMPILER_FLAGS=-g"
Compiling cpu_cortexa9
Running Make libs in ps7_cortexa9_1/libsrc/devcfg_v3_2/src
make -C ps7_cortexa9_1/libsrc/devcfg_v3_2/src -s libs  "SHELL=/bin/sh" "COMPILER=arm-xilinx-eabi-gcc" "ARCHIVER=arm-xilinx-eabi-ar" "COMPILER_FLAGS=  -O2 -c" "EXTRA_COMPILER_FLAGS=-g"
Compiling devcfg
Running Make libs in ps7_cortexa9_1/libsrc/dmaps_v2_1/src
make -C ps7_cortexa9_1/libsrc/dmaps_v2_1/src -s libs  "SHELL=/bin/sh" "COMPILER=arm-xilinx-eabi-gcc" "ARCHIVER=arm-xilinx-eabi-ar" "COMPILER_FLAGS=  -O2 -c" "EXTRA_COMPILER_FLAGS=-g"
Compiling dmaps
Running Make libs in ps7_cortexa9_1/libsrc/emacps_v3_0/src
make -C ps7_cortexa9_1/libsrc/emacps_v3_0/src -s libs  "SHELL=/bin/sh" "COMPILER=arm-xilinx-eabi-gcc" "ARCHIVER=arm-xilinx-eabi-ar" "COMPILER_FLAGS=  -O2 -c" "EXTRA_COMPILER_FLAGS=-g"
Compiling emacps
Running Make libs in ps7_cortexa9_1/libsrc/freertos_zynq_v1_02_a/src
make -C ps7_cortexa9_1/libsrc/freertos_zynq_v1_02_a/src -s libs  "SHELL=/bin/sh" "COMPILER=arm-xilinx-eabi-gcc" "ARCHIVER=arm-xilinx-eabi-ar" "COMPILER_FLAGS=  -O2 -c" "EXTRA_COMPILER_FLAGS=-g"
Compiling FreeRTOS
arm-xilinx-eabi-ar: creating ../../../lib/libfreertos.a
Running Make libs in ps7_cortexa9_1/libsrc/gpio_v4_0/src
make -C ps7_cortexa9_1/libsrc/gpio_v4_0/src -s libs  "SHELL=/bin/sh" "COMPILER=arm-xilinx-eabi-gcc" "ARCHIVER=arm-xilinx-eabi-ar" "COMPILER_FLAGS=  -O2 -c" "EXTRA_COMPILER_FLAGS=-g"
Compiling gpio
Running Make libs in ps7_cortexa9_1/libsrc/iicps_v3_0/src
make -C ps7_cortexa9_1/libsrc/iicps_v3_0/src -s libs  "SHELL=/bin/sh" "COMPILER=arm-xilinx-eabi-gcc" "ARCHIVER=arm-xilinx-eabi-ar" "COMPILER_FLAGS=  -O2 -c" "EXTRA_COMPILER_FLAGS=-g"
Compiling iicps
Running Make libs in ps7_cortexa9_1/libsrc/llfifo_v4_0/src
make -C ps7_cortexa9_1/libsrc/llfifo_v4_0/src -s libs  "SHELL=/bin/sh" "COMPILER=arm-xilinx-eabi-gcc" "ARCHIVER=arm-xilinx-eabi-ar" "COMPILER_FLAGS=  -O2 -c" "EXTRA_COMPILER_FLAGS=-g"
Compiling llfifo
Running Make libs in ps7_cortexa9_1/libsrc/lwip141_v1_0/src
make -C ps7_cortexa9_1/libsrc/lwip141_v1_0/src -s libs  "SHELL=/bin/sh" "COMPILER=arm-xilinx-eabi-gcc" "ARCHIVER=arm-xilinx-eabi-ar" "COMPILER_FLAGS=  -O2 -c" "EXTRA_COMPILER_FLAGS=-g"
Compiling lwIP
Compiling lwIP adapter for Xilinx MAC
Creating archive liblwip4.a
clean target for lwip
Running Make libs in ps7_cortexa9_1/libsrc/qspips_v3_2/src
make -C ps7_cortexa9_1/libsrc/qspips_v3_2/src -s libs  "SHELL=/bin/sh" "COMPILER=arm-xilinx-eabi-gcc" "ARCHIVER=arm-xilinx-eabi-ar" "COMPILER_FLAGS=  -O2 -c" "EXTRA_COMPILER_FLAGS=-g"
Compiling qspips
Running Make libs in ps7_cortexa9_1/libsrc/scugic_v3_0/src
make -C ps7_cortexa9_1/libsrc/scugic_v3_0/src -s libs  "SHELL=/bin/sh" "COMPILER=arm-xilinx-eabi-gcc" "ARCHIVER=arm-xilinx-eabi-ar" "COMPILER_FLAGS=  -O2 -c" "EXTRA_COMPILER_FLAGS=-g"
Compiling scugic
Running Make libs in ps7_cortexa9_1/libsrc/scutimer_v2_1/src
make -C ps7_cortexa9_1/libsrc/scutimer_v2_1/src -s libs  "SHELL=/bin/sh" "COMPILER=arm-xilinx-eabi-gcc" "ARCHIVER=arm-xilinx-eabi-ar" "COMPILER_FLAGS=  -O2 -c" "EXTRA_COMPILER_FLAGS=-g"
Compiling scutimer
Running Make libs in ps7_cortexa9_1/libsrc/scuwdt_v2_1/src
make -C ps7_cortexa9_1/libsrc/scuwdt_v2_1/src -s libs  "SHELL=/bin/sh" "COMPILER=arm-xilinx-eabi-gcc" "ARCHIVER=arm-xilinx-eabi-ar" "COMPILER_FLAGS=  -O2 -c" "EXTRA_COMPILER_FLAGS=-g"
Compiling scuwdt
Running Make libs in ps7_cortexa9_1/libsrc/sdps_v2_4/src
make -C ps7_cortexa9_1/libsrc/sdps_v2_4/src -s libs  "SHELL=/bin/sh" "COMPILER=arm-xilinx-eabi-gcc" "ARCHIVER=arm-xilinx-eabi-ar" "COMPILER_FLAGS=  -O2 -c" "EXTRA_COMPILER_FLAGS=-g"
Compiling sdps
Running Make libs in ps7_cortexa9_1/libsrc/standalone_v4_2/src
make -C ps7_cortexa9_1/libsrc/standalone_v4_2/src -s libs  "SHELL=/bin/sh" "COMPILER=arm-xilinx-eabi-gcc" "ARCHIVER=arm-xilinx-eabi-ar" "COMPILER_FLAGS=  -O2 -c" "EXTRA_COMPILER_FLAGS=-g"
Compiling standalone
Running Make libs in ps7_cortexa9_1/libsrc/uartps_v3_0/src
make -C ps7_cortexa9_1/libsrc/uartps_v3_0/src -s libs  "SHELL=/bin/sh" "COMPILER=arm-xilinx-eabi-gcc" "ARCHIVER=arm-xilinx-eabi-ar" "COMPILER_FLAGS=  -O2 -c" "EXTRA_COMPILER_FLAGS=-g"
Compiling uartps
Running Make libs in ps7_cortexa9_1/libsrc/usbps_v2_2/src
make -C ps7_cortexa9_1/libsrc/usbps_v2_2/src -s libs  "SHELL=/bin/sh" "COMPILER=arm-xilinx-eabi-gcc" "ARCHIVER=arm-xilinx-eabi-ar" "COMPILER_FLAGS=  -O2 -c" "EXTRA_COMPILER_FLAGS=-g"
Compiling usbps
Running Make libs in ps7_cortexa9_1/libsrc/xadcps_v2_1/src
make -C ps7_cortexa9_1/libsrc/xadcps_v2_1/src -s libs  "SHELL=/bin/sh" "COMPILER=arm-xilinx-eabi-gcc" "ARCHIVER=arm-xilinx-eabi-ar" "COMPILER_FLAGS=  -O2 -c" "EXTRA_COMPILER_FLAGS=-g"
Compiling xadcps
Running Make libs in ps7_cortexa9_1/libsrc/xilmfs_v2_0/src
make -C ps7_cortexa9_1/libsrc/xilmfs_v2_0/src -s libs  "SHELL=/bin/sh" "COMPILER=arm-xilinx-eabi-gcc" "ARCHIVER=arm-xilinx-eabi-ar" "COMPILER_FLAGS=  -O2 -c" "EXTRA_COMPILER_FLAGS=-g"
Finished building libraries
16:48:52 **** Build of project bsp_ioi_standalone ****
make -k all 
Running Make include in IO_intermediary/libsrc/bram_v4_0/src
make -C IO_intermediary/libsrc/bram_v4_0/src -s include  "SHELL=/bin/sh" "COMPILER=mb-gcc" "ARCHIVER=mb-ar" "COMPILER_FLAGS= -O2 -c -mcpu=v9.5 -mhard-float -mlittle-endian -mno-xl-soft-div -mno-xl-soft-mul -mxl-barrel-shift -mxl-float-convert -mxl-float-sqrt -mxl-pattern-compare" "EXTRA_COMPILER_FLAGS=-g"
Running Make include in IO_intermediary/libsrc/cpu_v2_3/src
make -C IO_intermediary/libsrc/cpu_v2_3/src -s include  "SHELL=/bin/sh" "COMPILER=mb-gcc" "ARCHIVER=mb-ar" "COMPILER_FLAGS= -O2 -c -mcpu=v9.5 -mhard-float -mlittle-endian -mno-xl-soft-div -mno-xl-soft-mul -mxl-barrel-shift -mxl-float-convert -mxl-float-sqrt -mxl-pattern-compare" "EXTRA_COMPILER_FLAGS=-g"
Running Make include in IO_intermediary/libsrc/gpio_v4_0/src
make -C IO_intermediary/libsrc/gpio_v4_0/src -s include  "SHELL=/bin/sh" "COMPILER=mb-gcc" "ARCHIVER=mb-ar" "COMPILER_FLAGS= -O2 -c -mcpu=v9.5 -mhard-float -mlittle-endian -mno-xl-soft-div -mno-xl-soft-mul -mxl-barrel-shift -mxl-float-convert -mxl-float-sqrt -mxl-pattern-compare" "EXTRA_COMPILER_FLAGS=-g"
Running Make include in IO_intermediary/libsrc/intc_v3_3/src
make -C IO_intermediary/libsrc/intc_v3_3/src -s include  "SHELL=/bin/sh" "COMPILER=mb-gcc" "ARCHIVER=mb-ar" "COMPILER_FLAGS= -O2 -c -mcpu=v9.5 -mhard-float -mlittle-endian -mno-xl-soft-div -mno-xl-soft-mul -mxl-barrel-shift -mxl-float-convert -mxl-float-sqrt -mxl-pattern-compare" "EXTRA_COMPILER_FLAGS=-g"
Running Make include in IO_intermediary/libsrc/llfifo_v4_0/src
make -C IO_intermediary/libsrc/llfifo_v4_0/src -s include  "SHELL=/bin/sh" "COMPILER=mb-gcc" "ARCHIVER=mb-ar" "COMPILER_FLAGS= -O2 -c -mcpu=v9.5 -mhard-float -mlittle-endian -mno-xl-soft-div -mno-xl-soft-mul -mxl-barrel-shift -mxl-float-convert -mxl-float-sqrt -mxl-pattern-compare" "EXTRA_COMPILER_FLAGS=-g"
Running Make include in IO_intermediary/libsrc/spi_v4_1/src
make -C IO_intermediary/libsrc/spi_v4_1/src -s include  "SHELL=/bin/sh" "COMPILER=mb-gcc" "ARCHIVER=mb-ar" "COMPILER_FLAGS= -O2 -c -mcpu=v9.5 -mhard-float -mlittle-endian -mno-xl-soft-div -mno-xl-soft-mul -mxl-barrel-shift -mxl-float-convert -mxl-float-sqrt -mxl-pattern-compare" "EXTRA_COMPILER_FLAGS=-g"
Running Make include in IO_intermediary/libsrc/standalone_v5_0/src
make -C IO_intermediary/libsrc/standalone_v5_0/src -s include  "SHELL=/bin/sh" "COMPILER=mb-gcc" "ARCHIVER=mb-ar" "COMPILER_FLAGS= -O2 -c -mcpu=v9.5 -mhard-float -mlittle-endian -mno-xl-soft-div -mno-xl-soft-mul -mxl-barrel-shift -mxl-float-convert -mxl-float-sqrt -mxl-pattern-compare" "EXTRA_COMPILER_FLAGS=-g"
Running Make include in IO_intermediary/libsrc/uartlite_v3_0/src
make -C IO_intermediary/libsrc/uartlite_v3_0/src -s include  "SHELL=/bin/sh" "COMPILER=mb-gcc" "ARCHIVER=mb-ar" "COMPILER_FLAGS= -O2 -c -mcpu=v9.5 -mhard-float -mlittle-endian -mno-xl-soft-div -mno-xl-soft-mul -mxl-barrel-shift -mxl-float-convert -mxl-float-sqrt -mxl-pattern-compare" "EXTRA_COMPILER_FLAGS=-g"
Running Make include in IO_intermediary/libsrc/wdttb_v3_0/src
make -C IO_intermediary/libsrc/wdttb_v3_0/src -s include  "SHELL=/bin/sh" "COMPILER=mb-gcc" "ARCHIVER=mb-ar" "COMPILER_FLAGS= -O2 -c -mcpu=v9.5 -mhard-float -mlittle-endian -mno-xl-soft-div -mno-xl-soft-mul -mxl-barrel-shift -mxl-float-convert -mxl-float-sqrt -mxl-pattern-compare" "EXTRA_COMPILER_FLAGS=-g"
Running Make libs in IO_intermediary/libsrc/bram_v4_0/src
make -C IO_intermediary/libsrc/bram_v4_0/src -s libs  "SHELL=/bin/sh" "COMPILER=mb-gcc" "ARCHIVER=mb-ar" "COMPILER_FLAGS= -O2 -c -mcpu=v9.5 -mhard-float -mlittle-endian -mno-xl-soft-div -mno-xl-soft-mul -mxl-barrel-shift -mxl-float-convert -mxl-float-sqrt -mxl-pattern-compare" "EXTRA_COMPILER_FLAGS=-g"
Compiling bram
mb-ar: creating ../../../lib/libxil.a
Running Make libs in IO_intermediary/libsrc/cpu_v2_3/src
make -C IO_intermediary/libsrc/cpu_v2_3/src -s libs  "SHELL=/bin/sh" "COMPILER=mb-gcc" "ARCHIVER=mb-ar" "COMPILER_FLAGS= -O2 -c -mcpu=v9.5 -mhard-float -mlittle-endian -mno-xl-soft-div -mno-xl-soft-mul -mxl-barrel-shift -mxl-float-convert -mxl-float-sqrt -mxl-pattern-compare" "EXTRA_COMPILER_FLAGS=-g"
Compiling cpu
Running Make libs in IO_intermediary/libsrc/gpio_v4_0/src
make -C IO_intermediary/libsrc/gpio_v4_0/src -s libs  "SHELL=/bin/sh" "COMPILER=mb-gcc" "ARCHIVER=mb-ar" "COMPILER_FLAGS= -O2 -c -mcpu=v9.5 -mhard-float -mlittle-endian -mno-xl-soft-div -mno-xl-soft-mul -mxl-barrel-shift -mxl-float-convert -mxl-float-sqrt -mxl-pattern-compare" "EXTRA_COMPILER_FLAGS=-g"
Compiling gpio
Running Make libs in IO_intermediary/libsrc/intc_v3_3/src
make -C IO_intermediary/libsrc/intc_v3_3/src -s libs  "SHELL=/bin/sh" "COMPILER=mb-gcc" "ARCHIVER=mb-ar" "COMPILER_FLAGS= -O2 -c -mcpu=v9.5 -mhard-float -mlittle-endian -mno-xl-soft-div -mno-xl-soft-mul -mxl-barrel-shift -mxl-float-convert -mxl-float-sqrt -mxl-pattern-compare" "EXTRA_COMPILER_FLAGS=-g"
Compiling intc
Running Make libs in IO_intermediary/libsrc/llfifo_v4_0/src
make -C IO_intermediary/libsrc/llfifo_v4_0/src -s libs  "SHELL=/bin/sh" "COMPILER=mb-gcc" "ARCHIVER=mb-ar" "COMPILER_FLAGS= -O2 -c -mcpu=v9.5 -mhard-float -mlittle-endian -mno-xl-soft-div -mno-xl-soft-mul -mxl-barrel-shift -mxl-float-convert -mxl-float-sqrt -mxl-pattern-compare" "EXTRA_COMPILER_FLAGS=-g"
Compiling llfifo
Running Make libs in IO_intermediary/libsrc/spi_v4_1/src
make -C IO_intermediary/libsrc/spi_v4_1/src -s libs  "SHELL=/bin/sh" "COMPILER=mb-gcc" "ARCHIVER=mb-ar" "COMPILER_FLAGS= -O2 -c -mcpu=v9.5 -mhard-float -mlittle-endian -mno-xl-soft-div -mno-xl-soft-mul -mxl-barrel-shift -mxl-float-convert -mxl-float-sqrt -mxl-pattern-compare" "EXTRA_COMPILER_FLAGS=-g"
Compiling spi
Running Make libs in IO_intermediary/libsrc/standalone_v5_0/src
make -C IO_intermediary/libsrc/standalone_v5_0/src -s libs  "SHELL=/bin/sh" "COMPILER=mb-gcc" "ARCHIVER=mb-ar" "COMPILER_FLAGS= -O2 -c -mcpu=v9.5 -mhard-float -mlittle-endian -mno-xl-soft-div -mno-xl-soft-mul -mxl-barrel-shift -mxl-float-convert -mxl-float-sqrt -mxl-pattern-compare" "EXTRA_COMPILER_FLAGS=-g"
Compiling standalone
Running Make libs in IO_intermediary/libsrc/uartlite_v3_0/src
make -C IO_intermediary/libsrc/uartlite_v3_0/src -s libs  "SHELL=/bin/sh" "COMPILER=mb-gcc" "ARCHIVER=mb-ar" "COMPILER_FLAGS= -O2 -c -mcpu=v9.5 -mhard-float -mlittle-endian -mno-xl-soft-div -mno-xl-soft-mul -mxl-barrel-shift -mxl-float-convert -mxl-float-sqrt -mxl-pattern-compare" "EXTRA_COMPILER_FLAGS=-g"
Compiling uartlite
Running Make libs in IO_intermediary/libsrc/wdttb_v3_0/src
make -C IO_intermediary/libsrc/wdttb_v3_0/src -s libs  "SHELL=/bin/sh" "COMPILER=mb-gcc" "ARCHIVER=mb-ar" "COMPILER_FLAGS= -O2 -c -mcpu=v9.5 -mhard-float -mlittle-endian -mno-xl-soft-div -mno-xl-soft-mul -mxl-barrel-shift -mxl-float-convert -mxl-float-sqrt -mxl-pattern-compare" "EXTRA_COMPILER_FLAGS=-g"
Compiling wdttb
Finished building libraries
16:50:10 **** Build of project bsp_backup_standalone ****
make -k all 
Running Make include in backup_controller/libsrc/bram_v4_0/src
make -C backup_controller/libsrc/bram_v4_0/src -s include  "SHELL=/bin/sh" "COMPILER=mb-gcc" "ARCHIVER=mb-ar" "COMPILER_FLAGS= -O2 -c -mcpu=v9.5 -mhard-float -mlittle-endian -mno-xl-soft-div -mno-xl-soft-mul -mxl-barrel-shift -mxl-float-convert -mxl-float-sqrt -mxl-pattern-compare" "EXTRA_COMPILER_FLAGS=-g"
Running Make include in backup_controller/libsrc/cpu_v2_3/src
make -C backup_controller/libsrc/cpu_v2_3/src -s include  "SHELL=/bin/sh" "COMPILER=mb-gcc" "ARCHIVER=mb-ar" "COMPILER_FLAGS= -O2 -c -mcpu=v9.5 -mhard-float -mlittle-endian -mno-xl-soft-div -mno-xl-soft-mul -mxl-barrel-shift -mxl-float-convert -mxl-float-sqrt -mxl-pattern-compare" "EXTRA_COMPILER_FLAGS=-g"
Running Make include in backup_controller/libsrc/gpio_v4_0/src
make -C backup_controller/libsrc/gpio_v4_0/src -s include  "SHELL=/bin/sh" "COMPILER=mb-gcc" "ARCHIVER=mb-ar" "COMPILER_FLAGS= -O2 -c -mcpu=v9.5 -mhard-float -mlittle-endian -mno-xl-soft-div -mno-xl-soft-mul -mxl-barrel-shift -mxl-float-convert -mxl-float-sqrt -mxl-pattern-compare" "EXTRA_COMPILER_FLAGS=-g"
Running Make include in backup_controller/libsrc/intc_v3_3/src
make -C backup_controller/libsrc/intc_v3_3/src -s include  "SHELL=/bin/sh" "COMPILER=mb-gcc" "ARCHIVER=mb-ar" "COMPILER_FLAGS= -O2 -c -mcpu=v9.5 -mhard-float -mlittle-endian -mno-xl-soft-div -mno-xl-soft-mul -mxl-barrel-shift -mxl-float-convert -mxl-float-sqrt -mxl-pattern-compare" "EXTRA_COMPILER_FLAGS=-g"
Running Make include in backup_controller/libsrc/llfifo_v4_0/src
make -C backup_controller/libsrc/llfifo_v4_0/src -s include  "SHELL=/bin/sh" "COMPILER=mb-gcc" "ARCHIVER=mb-ar" "COMPILER_FLAGS= -O2 -c -mcpu=v9.5 -mhard-float -mlittle-endian -mno-xl-soft-div -mno-xl-soft-mul -mxl-barrel-shift -mxl-float-convert -mxl-float-sqrt -mxl-pattern-compare" "EXTRA_COMPILER_FLAGS=-g"
Running Make include in backup_controller/libsrc/standalone_v5_0/src
make -C backup_controller/libsrc/standalone_v5_0/src -s include  "SHELL=/bin/sh" "COMPILER=mb-gcc" "ARCHIVER=mb-ar" "COMPILER_FLAGS= -O2 -c -mcpu=v9.5 -mhard-float -mlittle-endian -mno-xl-soft-div -mno-xl-soft-mul -mxl-barrel-shift -mxl-float-convert -mxl-float-sqrt -mxl-pattern-compare" "EXTRA_COMPILER_FLAGS=-g"
Running Make include in backup_controller/libsrc/tmrctr_v3_0/src
make -C backup_controller/libsrc/tmrctr_v3_0/src -s include  "SHELL=/bin/sh" "COMPILER=mb-gcc" "ARCHIVER=mb-ar" "COMPILER_FLAGS= -O2 -c -mcpu=v9.5 -mhard-float -mlittle-endian -mno-xl-soft-div -mno-xl-soft-mul -mxl-barrel-shift -mxl-float-convert -mxl-float-sqrt -mxl-pattern-compare" "EXTRA_COMPILER_FLAGS=-g"
Running Make libs in backup_controller/libsrc/bram_v4_0/src
make -C backup_controller/libsrc/bram_v4_0/src -s libs  "SHELL=/bin/sh" "COMPILER=mb-gcc" "ARCHIVER=mb-ar" "COMPILER_FLAGS= -O2 -c -mcpu=v9.5 -mhard-float -mlittle-endian -mno-xl-soft-div -mno-xl-soft-mul -mxl-barrel-shift -mxl-float-convert -mxl-float-sqrt -mxl-pattern-compare" "EXTRA_COMPILER_FLAGS=-g"
Compiling bram
mb-ar: creating ../../../lib/libxil.a
Running Make libs in backup_controller/libsrc/cpu_v2_3/src
make -C backup_controller/libsrc/cpu_v2_3/src -s libs  "SHELL=/bin/sh" "COMPILER=mb-gcc" "ARCHIVER=mb-ar" "COMPILER_FLAGS= -O2 -c -mcpu=v9.5 -mhard-float -mlittle-endian -mno-xl-soft-div -mno-xl-soft-mul -mxl-barrel-shift -mxl-float-convert -mxl-float-sqrt -mxl-pattern-compare" "EXTRA_COMPILER_FLAGS=-g"
Compiling cpu
Running Make libs in backup_controller/libsrc/gpio_v4_0/src
make -C backup_controller/libsrc/gpio_v4_0/src -s libs  "SHELL=/bin/sh" "COMPILER=mb-gcc" "ARCHIVER=mb-ar" "COMPILER_FLAGS= -O2 -c -mcpu=v9.5 -mhard-float -mlittle-endian -mno-xl-soft-div -mno-xl-soft-mul -mxl-barrel-shift -mxl-float-convert -mxl-float-sqrt -mxl-pattern-compare" "EXTRA_COMPILER_FLAGS=-g"
Compiling gpio
Running Make libs in backup_controller/libsrc/intc_v3_3/src
make -C backup_controller/libsrc/intc_v3_3/src -s libs  "SHELL=/bin/sh" "COMPILER=mb-gcc" "ARCHIVER=mb-ar" "COMPILER_FLAGS= -O2 -c -mcpu=v9.5 -mhard-float -mlittle-endian -mno-xl-soft-div -mno-xl-soft-mul -mxl-barrel-shift -mxl-float-convert -mxl-float-sqrt -mxl-pattern-compare" "EXTRA_COMPILER_FLAGS=-g"
Compiling intc
Running Make libs in backup_controller/libsrc/llfifo_v4_0/src
make -C backup_controller/libsrc/llfifo_v4_0/src -s libs  "SHELL=/bin/sh" "COMPILER=mb-gcc" "ARCHIVER=mb-ar" "COMPILER_FLAGS= -O2 -c -mcpu=v9.5 -mhard-float -mlittle-endian -mno-xl-soft-div -mno-xl-soft-mul -mxl-barrel-shift -mxl-float-convert -mxl-float-sqrt -mxl-pattern-compare" "EXTRA_COMPILER_FLAGS=-g"
Compiling llfifo
Running Make libs in backup_controller/libsrc/standalone_v5_0/src
make -C backup_controller/libsrc/standalone_v5_0/src -s libs  "SHELL=/bin/sh" "COMPILER=mb-gcc" "ARCHIVER=mb-ar" "COMPILER_FLAGS= -O2 -c -mcpu=v9.5 -mhard-float -mlittle-endian -mno-xl-soft-div -mno-xl-soft-mul -mxl-barrel-shift -mxl-float-convert -mxl-float-sqrt -mxl-pattern-compare" "EXTRA_COMPILER_FLAGS=-g"
Compiling standalone
Running Make libs in backup_controller/libsrc/tmrctr_v3_0/src
make -C backup_controller/libsrc/tmrctr_v3_0/src -s libs  "SHELL=/bin/sh" "COMPILER=mb-gcc" "ARCHIVER=mb-ar" "COMPILER_FLAGS= -O2 -c -mcpu=v9.5 -mhard-float -mlittle-endian -mno-xl-soft-div -mno-xl-soft-mul -mxl-barrel-shift -mxl-float-convert -mxl-float-sqrt -mxl-pattern-compare" "EXTRA_COMPILER_FLAGS=-g"
Compiling tmrctr
Finished building libraries

**** Build of configuration Debug for project app_production_controller ****

Nothing to build for project app_production_controller

**** Build of configuration Debug for project app_backup_controller ****

Nothing to build for project app_backup_controller

**** Build of configuration Debug for project app_ioi ****

Nothing to build for project app_ioi

****  of configuration Debug for project app_backup_controller ****

Nothing to build for project app_backup_controller

****  of configuration Debug for project app_backup_controller ****

Nothing to build for project app_backup_controller

****  of configuration Debug for project app_backup_controller ****

Nothing to build for project app_backup_controller

****  of configuration Debug for project app_backup_controller ****

Nothing to build for project app_backup_controller

****  of configuration Debug for project app_ioi ****

Nothing to build for project app_ioi

****  of configuration Debug for project app_ioi ****

Nothing to build for project app_ioi

****  of configuration Debug for project app_production_controller ****

Nothing to build for project app_production_controller

****  of configuration Debug for project app_production_controller ****

Nothing to build for project app_production_controller
16:59:04 **** Auto Build of configuration Debug for project app_backup_controller ****
make all 
Building file: ../src/utilities/axi_gpio.c
Invoking: MicroBlaze gcc compiler
mb-gcc -Wall -O0 -g3 -I../../bsp_backup_standalone/backup_controller/include -I/home/controls/TAIGA/Rotary-Inverted-Pendulum/Rotary-Inverted-Pendulum.sdk/global_includes -c -fmessage-length=0 -MT"src/utilities/axi_gpio.o" -mlittle-endian -mxl-barrel-shift -mxl-pattern-compare -mno-xl-soft-div -mcpu=v9.5 -mno-xl-soft-mul -mhard-float -mxl-float-convert -mxl-float-sqrt -Wl,--no-relax -MMD -MP -MF"src/utilities/axi_gpio.d" -MT"src/utilities/axi_gpio.d" -o "src/utilities/axi_gpio.o" "../src/utilities/axi_gpio.c"
In file included from ../src/utilities/axi_gpio.c:8:0:
../src/utilities/axi_gpio.c: In function 'init_axi_gpio':
../src/utilities/axi_gpio.h:14:23: error: 'XPAR_AXI_GPIO_PRODUCTION_CONTROLLER_OUT_DEVICE_ID' undeclared (first use in this function)
 #define LED_DEVICE_ID XPAR_AXI_GPIO_PRODUCTION_CONTROLLER_OUT_DEVICE_ID
                       ^
../src/utilities/axi_gpio.c:14:35: note: in expansion of macro 'LED_DEVICE_ID'
  if (XGpio_Initialize(&XGpio_LED, LED_DEVICE_ID) != XST_SUCCESS)  {
                                   ^
../src/utilities/axi_gpio.h:14:23: note: each undeclared identifier is reported only once for each function it appears in
 #define LED_DEVICE_ID XPAR_AXI_GPIO_PRODUCTION_CONTROLLER_OUT_DEVICE_ID
                       ^
../src/utilities/axi_gpio.c:14:35: note: in expansion of macro 'LED_DEVICE_ID'
  if (XGpio_Initialize(&XGpio_LED, LED_DEVICE_ID) != XST_SUCCESS)  {
                                   ^
make: *** [src/utilities/axi_gpio.o] Error 1
16:59:36 **** Clean-only build of configuration Debug for project app_backup_controller ****
make clean 
rm -rf  ./src/utilities/axi_gpio.o ./src/utilities/fifo_queue.o  ./src/main_production.o ./src/pendulum_control.o ./src/production_controller.o  ./src/utilities/axi_gpio.d ./src/utilities/fifo_queue.d  ./src/main_production.d ./src/pendulum_control.d ./src/production_controller.d  app_backup_controller.elf.size  app_backup_controller.elf
 

****  of configuration Debug for project app_backup_controller ****

Nothing to build for project app_backup_controller
16:59:47 **** Auto Build of configuration Debug for project app_production_controller ****
make all 
Building file: ../src/utilities/axi_gpio.c
Invoking: ARM gcc compiler
arm-xilinx-eabi-gcc -Wall -O0 -g3 -I../../bsp_production_freertos/ps7_cortexa9_1/include -I/home/controls/TAIGA/Rotary-Inverted-Pendulum/Rotary-Inverted-Pendulum.sdk/global_includes -c -fmessage-length=0 -MT"src/utilities/axi_gpio.o" -MMD -MP -MF"src/utilities/axi_gpio.d" -MT"src/utilities/axi_gpio.d" -o "src/utilities/axi_gpio.o" "../src/utilities/axi_gpio.c"
Finished building: ../src/utilities/axi_gpio.c
 
Building file: ../src/utilities/fifo_queue.c
Invoking: ARM gcc compiler
arm-xilinx-eabi-gcc -Wall -O0 -g3 -I../../bsp_production_freertos/ps7_cortexa9_1/include -I/home/controls/TAIGA/Rotary-Inverted-Pendulum/Rotary-Inverted-Pendulum.sdk/global_includes -c -fmessage-length=0 -MT"src/utilities/fifo_queue.o" -MMD -MP -MF"src/utilities/fifo_queue.d" -MT"src/utilities/fifo_queue.d" -o "src/utilities/fifo_queue.o" "../src/utilities/fifo_queue.c"
In file included from ../src/utilities/fifo_queue.c:8:0:
../src/utilities/fifo_queue.h:12:39: fatal error: taiga_pendulum_parameters.h: No such file or directory
 #include "taiga_pendulum_parameters.h"
                                       ^
compilation terminated.
make: *** [src/utilities/fifo_queue.o] Error 1
16:59:58 **** Auto Build of configuration Debug for project app_production_controller ****
make all 
Building file: ../src/utilities/fifo_queue.c
Invoking: ARM gcc compiler
arm-xilinx-eabi-gcc -Wall -O0 -g3 -I../../bsp_production_freertos/ps7_cortexa9_1/include -I/home/controls/TAIGA/Rotary-Inverted-Pendulum/Rotary-Inverted-Pendulum.sdk/global_includes -c -fmessage-length=0 -MT"src/utilities/fifo_queue.o" -MMD -MP -MF"src/utilities/fifo_queue.d" -MT"src/utilities/fifo_queue.d" -o "src/utilities/fifo_queue.o" "../src/utilities/fifo_queue.c"
Finished building: ../src/utilities/fifo_queue.c
 
Building file: ../src/main_production.c
Invoking: ARM gcc compiler
arm-xilinx-eabi-gcc -Wall -O0 -g3 -I../../bsp_production_freertos/ps7_cortexa9_1/include -I/home/controls/TAIGA/Rotary-Inverted-Pendulum/Rotary-Inverted-Pendulum.sdk/global_includes -c -fmessage-length=0 -MT"src/main_production.o" -MMD -MP -MF"src/main_production.d" -MT"src/main_production.d" -o "src/main_production.o" "../src/main_production.c"
Finished building: ../src/main_production.c
 
Building file: ../src/pendulum_control.c
Invoking: ARM gcc compiler
arm-xilinx-eabi-gcc -Wall -O0 -g3 -I../../bsp_production_freertos/ps7_cortexa9_1/include -I/home/controls/TAIGA/Rotary-Inverted-Pendulum/Rotary-Inverted-Pendulum.sdk/global_includes -c -fmessage-length=0 -MT"src/pendulum_control.o" -MMD -MP -MF"src/pendulum_control.d" -MT"src/pendulum_control.d" -o "src/pendulum_control.o" "../src/pendulum_control.c"
../src/pendulum_control.c: In function 'getSetPoint':
../src/pendulum_control.c:21:2: warning: pointer targets in passing argument 1 of 'dequeue' differ in signedness [-Wpointer-sign]
  dequeue(buffer);
  ^
In file included from ../src/pendulum_control.h:11:0,
                 from ../src/pendulum_control.c:8:
../src/utilities/fifo_queue.h:22:5: note: expected 'int *' but argument is of type 'unsigned int *'
 int dequeue(int* buffer);
     ^
../src/pendulum_control.c: In function 'readEncoder':
../src/pendulum_control.c:35:2: warning: pointer targets in passing argument 1 of 'dequeue' differ in signedness [-Wpointer-sign]
  dequeue(buffer);
  ^
In file included from ../src/pendulum_control.h:11:0,
                 from ../src/pendulum_control.c:8:
../src/utilities/fifo_queue.h:22:5: note: expected 'int *' but argument is of type 'unsigned int *'
 int dequeue(int* buffer);
     ^
../src/pendulum_control.c: In function 'readADC':
../src/pendulum_control.c:56:2: warning: pointer targets in passing argument 1 of 'dequeue' differ in signedness [-Wpointer-sign]
  dequeue(buffer);
  ^
In file included from ../src/pendulum_control.h:11:0,
                 from ../src/pendulum_control.c:8:
../src/utilities/fifo_queue.h:22:5: note: expected 'int *' but argument is of type 'unsigned int *'
 int dequeue(int* buffer);
     ^
Finished building: ../src/pendulum_control.c
 
Building file: ../src/production_controller.c
Invoking: ARM gcc compiler
arm-xilinx-eabi-gcc -Wall -O0 -g3 -I../../bsp_production_freertos/ps7_cortexa9_1/include -I/home/controls/TAIGA/Rotary-Inverted-Pendulum/Rotary-Inverted-Pendulum.sdk/global_includes -c -fmessage-length=0 -MT"src/production_controller.o" -MMD -MP -MF"src/production_controller.d" -MT"src/production_controller.d" -o "src/production_controller.o" "../src/production_controller.c"
../src/production_controller.c: In function 'production_control_timer':
../src/production_controller.c:47:2: warning: implicit declaration of function 'xil_printf' [-Wimplicit-function-declaration]
  xil_printf("SP %d \r\n\r", plantParams.set_point);
  ^
Finished building: ../src/production_controller.c
 
Building target: app_production_controller.elf
Invoking: ARM gcc linker
arm-xilinx-eabi-gcc -Wl,-T -Wl,../src/lscript.ld -L../../bsp_production_freertos/ps7_cortexa9_1/lib -o "app_production_controller.elf"  ./src/utilities/axi_gpio.o ./src/utilities/fifo_queue.o  ./src/main_production.o ./src/pendulum_control.o ./src/production_controller.o   -Wl,--start-group,-lxil,-lfreertos,-lgcc,-lc,--end-group -Wl,--start-group,-lxil,-llwip4,-lgcc,-lc,--end-group
Finished building target: app_production_controller.elf
 
Invoking: ARM Print Size
arm-xilinx-eabi-size app_production_controller.elf  |tee "app_production_controller.elf.size"
   text	   data	    bss	    dec	    hex	filename
  74000	   3144	  23308	 100452	  18864	app_production_controller.elf
Finished building: app_production_controller.elf.size
 
17:00:37 **** Auto Build of configuration Debug for project app_backup_controller ****
make all 
Building file: ../src/utilities/axi_gpio.c
Invoking: MicroBlaze gcc compiler
mb-gcc -Wall -O0 -g3 -I../../bsp_backup_standalone/backup_controller/include -I/home/controls/TAIGA/Rotary-Inverted-Pendulum/Rotary-Inverted-Pendulum.sdk/global_includes -c -fmessage-length=0 -MT"src/utilities/axi_gpio.o" -mlittle-endian -mxl-barrel-shift -mxl-pattern-compare -mno-xl-soft-div -mcpu=v9.5 -mno-xl-soft-mul -mhard-float -mxl-float-convert -mxl-float-sqrt -Wl,--no-relax -MMD -MP -MF"src/utilities/axi_gpio.d" -MT"src/utilities/axi_gpio.d" -o "src/utilities/axi_gpio.o" "../src/utilities/axi_gpio.c"
Finished building: ../src/utilities/axi_gpio.c
 
Building file: ../src/utilities/fifo_queue.c
Invoking: MicroBlaze gcc compiler
mb-gcc -Wall -O0 -g3 -I../../bsp_backup_standalone/backup_controller/include -I/home/controls/TAIGA/Rotary-Inverted-Pendulum/Rotary-Inverted-Pendulum.sdk/global_includes -c -fmessage-length=0 -MT"src/utilities/fifo_queue.o" -mlittle-endian -mxl-barrel-shift -mxl-pattern-compare -mno-xl-soft-div -mcpu=v9.5 -mno-xl-soft-mul -mhard-float -mxl-float-convert -mxl-float-sqrt -Wl,--no-relax -MMD -MP -MF"src/utilities/fifo_queue.d" -MT"src/utilities/fifo_queue.d" -o "src/utilities/fifo_queue.o" "../src/utilities/fifo_queue.c"
In file included from ../src/utilities/fifo_queue.c:7:0:
../src/utilities/fifo_queue.h:12:39: fatal error: taiga_pendulum_parameters.h: No such file or directory
 #include "taiga_pendulum_parameters.h"
                                       ^
compilation terminated.
make: *** [src/utilities/fifo_queue.o] Error 1
17:00:45 **** Auto Build of configuration Debug for project app_backup_controller ****
make all 
Building file: ../src/utilities/fifo_queue.c
Invoking: MicroBlaze gcc compiler
mb-gcc -Wall -O0 -g3 -I../../bsp_backup_standalone/backup_controller/include -I/home/controls/TAIGA/Rotary-Inverted-Pendulum/Rotary-Inverted-Pendulum.sdk/global_includes -c -fmessage-length=0 -MT"src/utilities/fifo_queue.o" -mlittle-endian -mxl-barrel-shift -mxl-pattern-compare -mno-xl-soft-div -mcpu=v9.5 -mno-xl-soft-mul -mhard-float -mxl-float-convert -mxl-float-sqrt -Wl,--no-relax -MMD -MP -MF"src/utilities/fifo_queue.d" -MT"src/utilities/fifo_queue.d" -o "src/utilities/fifo_queue.o" "../src/utilities/fifo_queue.c"
Finished building: ../src/utilities/fifo_queue.c
 
Building file: ../src/backup_controller.c
Invoking: MicroBlaze gcc compiler
mb-gcc -Wall -O0 -g3 -I../../bsp_backup_standalone/backup_controller/include -I/home/controls/TAIGA/Rotary-Inverted-Pendulum/Rotary-Inverted-Pendulum.sdk/global_includes -c -fmessage-length=0 -MT"src/backup_controller.o" -mlittle-endian -mxl-barrel-shift -mxl-pattern-compare -mno-xl-soft-div -mcpu=v9.5 -mno-xl-soft-mul -mhard-float -mxl-float-convert -mxl-float-sqrt -Wl,--no-relax -MMD -MP -MF"src/backup_controller.d" -MT"src/backup_controller.d" -o "src/backup_controller.o" "../src/backup_controller.c"
In file included from ../src/backup_controller.c:8:0:
../src/backup_controller.c: In function 'TmrCtrSetupIntrSystem':
../src/backup_controller.h:18:26: error: 'XPAR_BACKUP_CONTROLLER_AXI_INTC_DEVICE_ID' undeclared (first use in this function)
 #define INTC_DEVICE_ID   XPAR_BACKUP_CONTROLLER_AXI_INTC_DEVICE_ID
                          ^
../src/backup_controller.c:104:45: note: in expansion of macro 'INTC_DEVICE_ID'
  Status = XIntc_Initialize(IntcInstancePtr, INTC_DEVICE_ID);
                                             ^
../src/backup_controller.h:18:26: note: each undeclared identifier is reported only once for each function it appears in
 #define INTC_DEVICE_ID   XPAR_BACKUP_CONTROLLER_AXI_INTC_DEVICE_ID
                          ^
../src/backup_controller.c:104:45: note: in expansion of macro 'INTC_DEVICE_ID'
  Status = XIntc_Initialize(IntcInstancePtr, INTC_DEVICE_ID);
                                             ^
make: *** [src/backup_controller.o] Error 1
17:00:48 **** Incremental Build of configuration Debug for project app_backup_controller ****
make all 
Building file: ../src/backup_controller.c
Invoking: MicroBlaze gcc compiler
mb-gcc -Wall -O0 -g3 -I../../bsp_backup_standalone/backup_controller/include -I/home/controls/TAIGA/Rotary-Inverted-Pendulum/Rotary-Inverted-Pendulum.sdk/global_includes -c -fmessage-length=0 -MT"src/backup_controller.o" -mlittle-endian -mxl-barrel-shift -mxl-pattern-compare -mno-xl-soft-div -mcpu=v9.5 -mno-xl-soft-mul -mhard-float -mxl-float-convert -mxl-float-sqrt -Wl,--no-relax -MMD -MP -MF"src/backup_controller.d" -MT"src/backup_controller.d" -o "src/backup_controller.o" "../src/backup_controller.c"
In file included from ../src/backup_controller.c:8:0:
../src/backup_controller.c: In function 'TmrCtrSetupIntrSystem':
../src/backup_controller.h:18:26: error: 'XPAR_BACKUP_CONTROLLER_AXI_INTC_DEVICE_ID' undeclared (first use in this function)
 #define INTC_DEVICE_ID   XPAR_BACKUP_CONTROLLER_AXI_INTC_DEVICE_ID
                          ^
../src/backup_controller.c:104:45: note: in expansion of macro 'INTC_DEVICE_ID'
  Status = XIntc_Initialize(IntcInstancePtr, INTC_DEVICE_ID);
                                             ^
../src/backup_controller.h:18:26: note: each undeclared identifier is reported only once for each function it appears in
 #define INTC_DEVICE_ID   XPAR_BACKUP_CONTROLLER_AXI_INTC_DEVICE_ID
                          ^
../src/backup_controller.c:104:45: note: in expansion of macro 'INTC_DEVICE_ID'
  Status = XIntc_Initialize(IntcInstancePtr, INTC_DEVICE_ID);
                                             ^
make: *** [src/backup_controller.o] Error 1

**** Build of configuration Debug for project app_ioi ****

Nothing to build for project app_ioi
17:00:48 **** Incremental Build of configuration Debug for project app_production_controller ****
make all 
make: Nothing to be done for `all'.
17:01:01 **** Auto Build of configuration Debug for project app_backup_controller ****
make all 
Building file: ../src/backup_controller.c
Invoking: MicroBlaze gcc compiler
mb-gcc -Wall -O0 -g3 -I../../bsp_backup_standalone/backup_controller/include -I/home/controls/TAIGA/Rotary-Inverted-Pendulum/Rotary-Inverted-Pendulum.sdk/global_includes -c -fmessage-length=0 -MT"src/backup_controller.o" -mlittle-endian -mxl-barrel-shift -mxl-pattern-compare -mno-xl-soft-div -mcpu=v9.5 -mno-xl-soft-mul -mhard-float -mxl-float-convert -mxl-float-sqrt -Wl,--no-relax -MMD -MP -MF"src/backup_controller.d" -MT"src/backup_controller.d" -o "src/backup_controller.o" "../src/backup_controller.c"
Finished building: ../src/backup_controller.c
 
Building file: ../src/main_backup.c
Invoking: MicroBlaze gcc compiler
mb-gcc -Wall -O0 -g3 -I../../bsp_backup_standalone/backup_controller/include -I/home/controls/TAIGA/Rotary-Inverted-Pendulum/Rotary-Inverted-Pendulum.sdk/global_includes -c -fmessage-length=0 -MT"src/main_backup.o" -mlittle-endian -mxl-barrel-shift -mxl-pattern-compare -mno-xl-soft-div -mcpu=v9.5 -mno-xl-soft-mul -mhard-float -mxl-float-convert -mxl-float-sqrt -Wl,--no-relax -MMD -MP -MF"src/main_backup.d" -MT"src/main_backup.d" -o "src/main_backup.o" "../src/main_backup.c"
Finished building: ../src/main_backup.c
 
Building file: ../src/pendulum_control.c
Invoking: MicroBlaze gcc compiler
mb-gcc -Wall -O0 -g3 -I../../bsp_backup_standalone/backup_controller/include -I/home/controls/TAIGA/Rotary-Inverted-Pendulum/Rotary-Inverted-Pendulum.sdk/global_includes -c -fmessage-length=0 -MT"src/pendulum_control.o" -mlittle-endian -mxl-barrel-shift -mxl-pattern-compare -mno-xl-soft-div -mcpu=v9.5 -mno-xl-soft-mul -mhard-float -mxl-float-convert -mxl-float-sqrt -Wl,--no-relax -MMD -MP -MF"src/pendulum_control.d" -MT"src/pendulum_control.d" -o "src/pendulum_control.o" "../src/pendulum_control.c"
../src/pendulum_control.c: In function 'getSetPoint':
../src/pendulum_control.c:21:10: warning: pointer targets in passing argument 1 of 'dequeue' differ in signedness [-Wpointer-sign]
  dequeue(buffer);
          ^
In file included from ../src/pendulum_control.h:11:0,
                 from ../src/pendulum_control.c:8:
../src/utilities/fifo_queue.h:22:5: note: expected 'int *' but argument is of type 'unsigned int *'
 int dequeue(int* buffer);
     ^
../src/pendulum_control.c: In function 'readEncoder':
../src/pendulum_control.c:35:10: warning: pointer targets in passing argument 1 of 'dequeue' differ in signedness [-Wpointer-sign]
  dequeue(buffer);
          ^
In file included from ../src/pendulum_control.h:11:0,
                 from ../src/pendulum_control.c:8:
../src/utilities/fifo_queue.h:22:5: note: expected 'int *' but argument is of type 'unsigned int *'
 int dequeue(int* buffer);
     ^
../src/pendulum_control.c: In function 'readADC':
../src/pendulum_control.c:56:10: warning: pointer targets in passing argument 1 of 'dequeue' differ in signedness [-Wpointer-sign]
  dequeue(buffer);
          ^
In file included from ../src/pendulum_control.h:11:0,
                 from ../src/pendulum_control.c:8:
../src/utilities/fifo_queue.h:22:5: note: expected 'int *' but argument is of type 'unsigned int *'
 int dequeue(int* buffer);
     ^
../src/pendulum_control.c: In function 'getStateInformation':
../src/pendulum_control.c:108:23: warning: pointer targets in passing argument 1 of 'dequeue' differ in signedness [-Wpointer-sign]
  int length = dequeue(buffer);
                       ^
In file included from ../src/pendulum_control.h:11:0,
                 from ../src/pendulum_control.c:8:
../src/utilities/fifo_queue.h:22:5: note: expected 'int *' but argument is of type 'unsigned int *'
 int dequeue(int* buffer);
     ^
Finished building: ../src/pendulum_control.c
 
Building target: app_backup_controller.elf
Invoking: MicroBlaze gcc linker
mb-gcc -Wl,-T -Wl,../src/lscript.ld -L../../bsp_backup_standalone/backup_controller/lib -mlittle-endian -mxl-barrel-shift -mxl-pattern-compare -mno-xl-soft-div -mcpu=v9.5 -mno-xl-soft-mul -mhard-float -mxl-float-convert -mxl-float-sqrt -Wl,--no-relax -o "app_backup_controller.elf"  ./src/utilities/axi_gpio.o ./src/utilities/fifo_queue.o  ./src/backup_controller.o ./src/main_backup.o ./src/pendulum_control.o   -Wl,--start-group,-lxil,-lgcc,-lc,--end-group
/opt/Xilinx/SDK/2015.1/gnu/microblaze/lin/bin/../lib/gcc/microblaze-xilinx-elf/4.9.2/../../../../microblaze-xilinx-elf/bin/ld: app_backup_controller.elf section `.text' will not fit in region `backup_controller_local_memory_ilmb_bram_if_cntlr_backup_controller_local_memory_dlmb_bram_if_cntlr'
/opt/Xilinx/SDK/2015.1/gnu/microblaze/lin/bin/../lib/gcc/microblaze-xilinx-elf/4.9.2/../../../../microblaze-xilinx-elf/bin/ld: region `backup_controller_local_memory_ilmb_bram_if_cntlr_backup_controller_local_memory_dlmb_bram_if_cntlr' overflowed by 10160 bytes
collect2: error: ld returned 1 exit status
make: *** [app_backup_controller.elf] Error 1
17:01:02 **** Incremental Build of configuration Debug for project app_backup_controller ****
make all 
Building target: app_backup_controller.elf
Invoking: MicroBlaze gcc linker
mb-gcc -Wl,-T -Wl,../src/lscript.ld -L../../bsp_backup_standalone/backup_controller/lib -mlittle-endian -mxl-barrel-shift -mxl-pattern-compare -mno-xl-soft-div -mcpu=v9.5 -mno-xl-soft-mul -mhard-float -mxl-float-convert -mxl-float-sqrt -Wl,--no-relax -o "app_backup_controller.elf"  ./src/utilities/axi_gpio.o ./src/utilities/fifo_queue.o  ./src/backup_controller.o ./src/main_backup.o ./src/pendulum_control.o   -Wl,--start-group,-lxil,-lgcc,-lc,--end-group
/opt/Xilinx/SDK/2015.1/gnu/microblaze/lin/bin/../lib/gcc/microblaze-xilinx-elf/4.9.2/../../../../microblaze-xilinx-elf/bin/ld: app_backup_controller.elf section `.text' will not fit in region `backup_controller_local_memory_ilmb_bram_if_cntlr_backup_controller_local_memory_dlmb_bram_if_cntlr'
/opt/Xilinx/SDK/2015.1/gnu/microblaze/lin/bin/../lib/gcc/microblaze-xilinx-elf/4.9.2/../../../../microblaze-xilinx-elf/bin/ld: region `backup_controller_local_memory_ilmb_bram_if_cntlr_backup_controller_local_memory_dlmb_bram_if_cntlr' overflowed by 10160 bytes
collect2: error: ld returned 1 exit status
make: *** [app_backup_controller.elf] Error 1

**** Build of configuration Debug for project app_ioi ****

Nothing to build for project app_ioi
17:01:02 **** Incremental Build of configuration Debug for project app_production_controller ****
make all 
make: Nothing to be done for `all'.
17:01:13 **** Auto Build of configuration Debug for project app_backup_controller ****
make all 
Building file: ../src/backup_controller.c
Invoking: MicroBlaze gcc compiler
mb-gcc -Wall -O0 -g3 -I../../bsp_backup_standalone/backup_controller/include -I/home/controls/TAIGA/Rotary-Inverted-Pendulum/Rotary-Inverted-Pendulum.sdk/global_includes -c -fmessage-length=0 -MT"src/backup_controller.o" -mlittle-endian -mxl-barrel-shift -mxl-pattern-compare -mno-xl-soft-div -mcpu=v9.5 -mno-xl-soft-mul -mhard-float -mxl-float-convert -mxl-float-sqrt -Wl,--no-relax -MMD -MP -MF"src/backup_controller.d" -MT"src/backup_controller.d" -o "src/backup_controller.o" "../src/backup_controller.c"
Finished building: ../src/backup_controller.c
 
Building file: ../src/main_backup.c
Invoking: MicroBlaze gcc compiler
mb-gcc -Wall -O0 -g3 -I../../bsp_backup_standalone/backup_controller/include -I/home/controls/TAIGA/Rotary-Inverted-Pendulum/Rotary-Inverted-Pendulum.sdk/global_includes -c -fmessage-length=0 -MT"src/main_backup.o" -mlittle-endian -mxl-barrel-shift -mxl-pattern-compare -mno-xl-soft-div -mcpu=v9.5 -mno-xl-soft-mul -mhard-float -mxl-float-convert -mxl-float-sqrt -Wl,--no-relax -MMD -MP -MF"src/main_backup.d" -MT"src/main_backup.d" -o "src/main_backup.o" "../src/main_backup.c"
Finished building: ../src/main_backup.c
 
Building target: app_backup_controller.elf
Invoking: MicroBlaze gcc linker
mb-gcc -Wl,-T -Wl,../src/lscript.ld -L../../bsp_backup_standalone/backup_controller/lib -mlittle-endian -mxl-barrel-shift -mxl-pattern-compare -mno-xl-soft-div -mcpu=v9.5 -mno-xl-soft-mul -mhard-float -mxl-float-convert -mxl-float-sqrt -Wl,--no-relax -o "app_backup_controller.elf"  ./src/utilities/axi_gpio.o ./src/utilities/fifo_queue.o  ./src/backup_controller.o ./src/main_backup.o ./src/pendulum_control.o   -Wl,--start-group,-lxil,-lgcc,-lc,--end-group
/opt/Xilinx/SDK/2015.1/gnu/microblaze/lin/bin/../lib/gcc/microblaze-xilinx-elf/4.9.2/../../../../microblaze-xilinx-elf/bin/ld: app_backup_controller.elf section `.text' will not fit in region `backup_controller_local_memory_ilmb_bram_if_cntlr_backup_controller_local_memory_dlmb_bram_if_cntlr'
/opt/Xilinx/SDK/2015.1/gnu/microblaze/lin/bin/../lib/gcc/microblaze-xilinx-elf/4.9.2/../../../../microblaze-xilinx-elf/bin/ld: region `backup_controller_local_memory_ilmb_bram_if_cntlr_backup_controller_local_memory_dlmb_bram_if_cntlr' overflowed by 10160 bytes
collect2: error: ld returned 1 exit status
make: *** [app_backup_controller.elf] Error 1
17:01:47 **** Incremental Build of configuration Debug for project app_backup_controller ****
make all 
Building target: app_backup_controller.elf
Invoking: MicroBlaze gcc linker
mb-gcc -Wl,-T -Wl,../src/lscript.ld -L../../bsp_backup_standalone/backup_controller/lib -mlittle-endian -mxl-barrel-shift -mxl-pattern-compare -mno-xl-soft-div -mcpu=v9.5 -mno-xl-soft-mul -mhard-float -mxl-float-convert -mxl-float-sqrt -Wl,--no-relax -o "app_backup_controller.elf"  ./src/utilities/axi_gpio.o ./src/utilities/fifo_queue.o  ./src/backup_controller.o ./src/main_backup.o ./src/pendulum_control.o   -Wl,--start-group,-lxil,-lgcc,-lc,--end-group
/opt/Xilinx/SDK/2015.1/gnu/microblaze/lin/bin/../lib/gcc/microblaze-xilinx-elf/4.9.2/../../../../microblaze-xilinx-elf/bin/ld: app_backup_controller.elf section `.text' will not fit in region `backup_controller_local_memory_ilmb_bram_if_cntlr_backup_controller_local_memory_dlmb_bram_if_cntlr'
/opt/Xilinx/SDK/2015.1/gnu/microblaze/lin/bin/../lib/gcc/microblaze-xilinx-elf/4.9.2/../../../../microblaze-xilinx-elf/bin/ld: region `backup_controller_local_memory_ilmb_bram_if_cntlr_backup_controller_local_memory_dlmb_bram_if_cntlr' overflowed by 10160 bytes
collect2: error: ld returned 1 exit status
make: *** [app_backup_controller.elf] Error 1

**** Build of configuration Debug for project app_ioi ****

Nothing to build for project app_ioi
17:01:47 **** Incremental Build of configuration Debug for project app_production_controller ****
make all 
make: Nothing to be done for `all'.
17:03:32 **** Auto Build of configuration Debug for project app_backup_controller ****
make all 
Building target: app_backup_controller.elf
Invoking: MicroBlaze gcc linker
mb-gcc -Wl,-T -Wl,../src/lscript.ld -L../../bsp_backup_standalone/backup_controller/lib -mlittle-endian -mxl-barrel-shift -mxl-pattern-compare -mno-xl-soft-div -mcpu=v9.5 -mno-xl-soft-mul -mhard-float -mxl-float-convert -mxl-float-sqrt -Wl,--no-relax -o "app_backup_controller.elf"  ./src/utilities/axi_gpio.o ./src/utilities/fifo_queue.o  ./src/backup_controller.o ./src/main_backup.o ./src/pendulum_control.o   -Wl,--start-group,-lxil,-lgcc,-lc,--end-group
/opt/Xilinx/SDK/2015.1/gnu/microblaze/lin/bin/../lib/gcc/microblaze-xilinx-elf/4.9.2/../../../../microblaze-xilinx-elf/bin/ld: app_backup_controller.elf section `.text' will not fit in region `backup_controller_local_memory_ilmb_bram_if_cntlr_backup_controller_local_memory_dlmb_bram_if_cntlr'
/opt/Xilinx/SDK/2015.1/gnu/microblaze/lin/bin/../lib/gcc/microblaze-xilinx-elf/4.9.2/../../../../microblaze-xilinx-elf/bin/ld: region `backup_controller_local_memory_ilmb_bram_if_cntlr_backup_controller_local_memory_dlmb_bram_if_cntlr' overflowed by 10081 bytes
collect2: error: ld returned 1 exit status
make: *** [app_backup_controller.elf] Error 1
17:03:34 **** Incremental Build of configuration Debug for project app_backup_controller ****
make all 
Building target: app_backup_controller.elf
Invoking: MicroBlaze gcc linker
mb-gcc -Wl,-T -Wl,../src/lscript.ld -L../../bsp_backup_standalone/backup_controller/lib -mlittle-endian -mxl-barrel-shift -mxl-pattern-compare -mno-xl-soft-div -mcpu=v9.5 -mno-xl-soft-mul -mhard-float -mxl-float-convert -mxl-float-sqrt -Wl,--no-relax -o "app_backup_controller.elf"  ./src/utilities/axi_gpio.o ./src/utilities/fifo_queue.o  ./src/backup_controller.o ./src/main_backup.o ./src/pendulum_control.o   -Wl,--start-group,-lxil,-lgcc,-lc,--end-group
/opt/Xilinx/SDK/2015.1/gnu/microblaze/lin/bin/../lib/gcc/microblaze-xilinx-elf/4.9.2/../../../../microblaze-xilinx-elf/bin/ld: app_backup_controller.elf section `.text' will not fit in region `backup_controller_local_memory_ilmb_bram_if_cntlr_backup_controller_local_memory_dlmb_bram_if_cntlr'
/opt/Xilinx/SDK/2015.1/gnu/microblaze/lin/bin/../lib/gcc/microblaze-xilinx-elf/4.9.2/../../../../microblaze-xilinx-elf/bin/ld: region `backup_controller_local_memory_ilmb_bram_if_cntlr_backup_controller_local_memory_dlmb_bram_if_cntlr' overflowed by 10081 bytes
collect2: error: ld returned 1 exit status
make: *** [app_backup_controller.elf] Error 1

**** Build of configuration Debug for project app_ioi ****

Nothing to build for project app_ioi
17:03:34 **** Incremental Build of configuration Debug for project app_production_controller ****
make all 
make: Nothing to be done for `all'.
17:03:40 **** Clean-only build of configuration Debug for project app_backup_controller ****
make clean 
rm -rf  ./src/utilities/axi_gpio.o ./src/utilities/fifo_queue.o  ./src/backup_controller.o ./src/main_backup.o ./src/pendulum_control.o  ./src/utilities/axi_gpio.d ./src/utilities/fifo_queue.d  ./src/backup_controller.d ./src/main_backup.d ./src/pendulum_control.d  app_backup_controller.elf.size  app_backup_controller.elf
 
17:03:40 **** Clean-only build of configuration Debug for project app_production_controller ****
make clean 
rm -rf  ./src/utilities/axi_gpio.o ./src/utilities/fifo_queue.o  ./src/main_production.o ./src/pendulum_control.o ./src/production_controller.o  ./src/utilities/axi_gpio.d ./src/utilities/fifo_queue.d  ./src/main_production.d ./src/pendulum_control.d ./src/production_controller.d  app_production_controller.elf.size  app_production_controller.elf
 
17:03:40 **** Clean-only build of project bsp_backup_standalone ****
17:03:40 **** Clean-only build of project bsp_production_freertos ****
17:03:40 **** Clean-only build of project bsp_ioi_standalone ****
make -k clean 
make -k clean 
make -k clean 
rm -f ps7_cortexa9_1/lib/libxil.a
rm -f backup_controller/lib/libxil.a
rm -f IO_intermediary/lib/libxil.a
17:03:41 **** Build of project bsp_backup_standalone ****
make -k all 
Running Make include in backup_controller/libsrc/bram_v4_0/src
make -C backup_controller/libsrc/bram_v4_0/src -s include  "SHELL=/bin/sh" "COMPILER=mb-gcc" "ARCHIVER=mb-ar" "COMPILER_FLAGS= -O2 -c -mcpu=v9.5 -mhard-float -mlittle-endian -mno-xl-soft-div -mno-xl-soft-mul -mxl-barrel-shift -mxl-float-convert -mxl-float-sqrt -mxl-pattern-compare" "EXTRA_COMPILER_FLAGS=-g"
Running Make include in backup_controller/libsrc/cpu_v2_3/src
make -C backup_controller/libsrc/cpu_v2_3/src -s include  "SHELL=/bin/sh" "COMPILER=mb-gcc" "ARCHIVER=mb-ar" "COMPILER_FLAGS= -O2 -c -mcpu=v9.5 -mhard-float -mlittle-endian -mno-xl-soft-div -mno-xl-soft-mul -mxl-barrel-shift -mxl-float-convert -mxl-float-sqrt -mxl-pattern-compare" "EXTRA_COMPILER_FLAGS=-g"
Running Make include in backup_controller/libsrc/gpio_v4_0/src
make -C backup_controller/libsrc/gpio_v4_0/src -s include  "SHELL=/bin/sh" "COMPILER=mb-gcc" "ARCHIVER=mb-ar" "COMPILER_FLAGS= -O2 -c -mcpu=v9.5 -mhard-float -mlittle-endian -mno-xl-soft-div -mno-xl-soft-mul -mxl-barrel-shift -mxl-float-convert -mxl-float-sqrt -mxl-pattern-compare" "EXTRA_COMPILER_FLAGS=-g"
Running Make include in backup_controller/libsrc/intc_v3_3/src
make -C backup_controller/libsrc/intc_v3_3/src -s include  "SHELL=/bin/sh" "COMPILER=mb-gcc" "ARCHIVER=mb-ar" "COMPILER_FLAGS= -O2 -c -mcpu=v9.5 -mhard-float -mlittle-endian -mno-xl-soft-div -mno-xl-soft-mul -mxl-barrel-shift -mxl-float-convert -mxl-float-sqrt -mxl-pattern-compare" "EXTRA_COMPILER_FLAGS=-g"
Running Make include in backup_controller/libsrc/llfifo_v4_0/src
make -C backup_controller/libsrc/llfifo_v4_0/src -s include  "SHELL=/bin/sh" "COMPILER=mb-gcc" "ARCHIVER=mb-ar" "COMPILER_FLAGS= -O2 -c -mcpu=v9.5 -mhard-float -mlittle-endian -mno-xl-soft-div -mno-xl-soft-mul -mxl-barrel-shift -mxl-float-convert -mxl-float-sqrt -mxl-pattern-compare" "EXTRA_COMPILER_FLAGS=-g"
Running Make include in backup_controller/libsrc/standalone_v5_0/src
make -C backup_controller/libsrc/standalone_v5_0/src -s include  "SHELL=/bin/sh" "COMPILER=mb-gcc" "ARCHIVER=mb-ar" "COMPILER_FLAGS= -O2 -c -mcpu=v9.5 -mhard-float -mlittle-endian -mno-xl-soft-div -mno-xl-soft-mul -mxl-barrel-shift -mxl-float-convert -mxl-float-sqrt -mxl-pattern-compare" "EXTRA_COMPILER_FLAGS=-g"
Running Make include in backup_controller/libsrc/tmrctr_v3_0/src
make -C backup_controller/libsrc/tmrctr_v3_0/src -s include  "SHELL=/bin/sh" "COMPILER=mb-gcc" "ARCHIVER=mb-ar" "COMPILER_FLAGS= -O2 -c -mcpu=v9.5 -mhard-float -mlittle-endian -mno-xl-soft-div -mno-xl-soft-mul -mxl-barrel-shift -mxl-float-convert -mxl-float-sqrt -mxl-pattern-compare" "EXTRA_COMPILER_FLAGS=-g"
Running Make libs in backup_controller/libsrc/bram_v4_0/src
make -C backup_controller/libsrc/bram_v4_0/src -s libs  "SHELL=/bin/sh" "COMPILER=mb-gcc" "ARCHIVER=mb-ar" "COMPILER_FLAGS= -O2 -c -mcpu=v9.5 -mhard-float -mlittle-endian -mno-xl-soft-div -mno-xl-soft-mul -mxl-barrel-shift -mxl-float-convert -mxl-float-sqrt -mxl-pattern-compare" "EXTRA_COMPILER_FLAGS=-g"
Compiling bram
mb-ar: creating ../../../lib/libxil.a
Running Make libs in backup_controller/libsrc/cpu_v2_3/src
make -C backup_controller/libsrc/cpu_v2_3/src -s libs  "SHELL=/bin/sh" "COMPILER=mb-gcc" "ARCHIVER=mb-ar" "COMPILER_FLAGS= -O2 -c -mcpu=v9.5 -mhard-float -mlittle-endian -mno-xl-soft-div -mno-xl-soft-mul -mxl-barrel-shift -mxl-float-convert -mxl-float-sqrt -mxl-pattern-compare" "EXTRA_COMPILER_FLAGS=-g"
Compiling cpu
Running Make libs in backup_controller/libsrc/gpio_v4_0/src
make -C backup_controller/libsrc/gpio_v4_0/src -s libs  "SHELL=/bin/sh" "COMPILER=mb-gcc" "ARCHIVER=mb-ar" "COMPILER_FLAGS= -O2 -c -mcpu=v9.5 -mhard-float -mlittle-endian -mno-xl-soft-div -mno-xl-soft-mul -mxl-barrel-shift -mxl-float-convert -mxl-float-sqrt -mxl-pattern-compare" "EXTRA_COMPILER_FLAGS=-g"
Compiling gpio
Running Make libs in backup_controller/libsrc/intc_v3_3/src
make -C backup_controller/libsrc/intc_v3_3/src -s libs  "SHELL=/bin/sh" "COMPILER=mb-gcc" "ARCHIVER=mb-ar" "COMPILER_FLAGS= -O2 -c -mcpu=v9.5 -mhard-float -mlittle-endian -mno-xl-soft-div -mno-xl-soft-mul -mxl-barrel-shift -mxl-float-convert -mxl-float-sqrt -mxl-pattern-compare" "EXTRA_COMPILER_FLAGS=-g"
Compiling intc
Running Make libs in backup_controller/libsrc/llfifo_v4_0/src
make -C backup_controller/libsrc/llfifo_v4_0/src -s libs  "SHELL=/bin/sh" "COMPILER=mb-gcc" "ARCHIVER=mb-ar" "COMPILER_FLAGS= -O2 -c -mcpu=v9.5 -mhard-float -mlittle-endian -mno-xl-soft-div -mno-xl-soft-mul -mxl-barrel-shift -mxl-float-convert -mxl-float-sqrt -mxl-pattern-compare" "EXTRA_COMPILER_FLAGS=-g"
Compiling llfifo
Running Make libs in backup_controller/libsrc/standalone_v5_0/src
make -C backup_controller/libsrc/standalone_v5_0/src -s libs  "SHELL=/bin/sh" "COMPILER=mb-gcc" "ARCHIVER=mb-ar" "COMPILER_FLAGS= -O2 -c -mcpu=v9.5 -mhard-float -mlittle-endian -mno-xl-soft-div -mno-xl-soft-mul -mxl-barrel-shift -mxl-float-convert -mxl-float-sqrt -mxl-pattern-compare" "EXTRA_COMPILER_FLAGS=-g"
Compiling standalone
Running Make libs in backup_controller/libsrc/tmrctr_v3_0/src
make -C backup_controller/libsrc/tmrctr_v3_0/src -s libs  "SHELL=/bin/sh" "COMPILER=mb-gcc" "ARCHIVER=mb-ar" "COMPILER_FLAGS= -O2 -c -mcpu=v9.5 -mhard-float -mlittle-endian -mno-xl-soft-div -mno-xl-soft-mul -mxl-barrel-shift -mxl-float-convert -mxl-float-sqrt -mxl-pattern-compare" "EXTRA_COMPILER_FLAGS=-g"
Compiling tmrctr
Finished building libraries
17:03:43 **** Build of configuration Debug for project app_backup_controller ****
make all 
Building file: ../src/utilities/axi_gpio.c
Invoking: MicroBlaze gcc compiler
mb-gcc -Wall -O0 -g3 -I../../bsp_backup_standalone/backup_controller/include -I/home/controls/TAIGA/Rotary-Inverted-Pendulum/Rotary-Inverted-Pendulum.sdk/global_includes -c -fmessage-length=0 -MT"src/utilities/axi_gpio.o" -mlittle-endian -mxl-barrel-shift -mxl-pattern-compare -mno-xl-soft-div -mcpu=v9.5 -mno-xl-soft-mul -mhard-float -mxl-float-convert -mxl-float-sqrt -Wl,--no-relax -MMD -MP -MF"src/utilities/axi_gpio.d" -MT"src/utilities/axi_gpio.d" -o "src/utilities/axi_gpio.o" "../src/utilities/axi_gpio.c"
Finished building: ../src/utilities/axi_gpio.c
 
Building file: ../src/utilities/fifo_queue.c
Invoking: MicroBlaze gcc compiler
mb-gcc -Wall -O0 -g3 -I../../bsp_backup_standalone/backup_controller/include -I/home/controls/TAIGA/Rotary-Inverted-Pendulum/Rotary-Inverted-Pendulum.sdk/global_includes -c -fmessage-length=0 -MT"src/utilities/fifo_queue.o" -mlittle-endian -mxl-barrel-shift -mxl-pattern-compare -mno-xl-soft-div -mcpu=v9.5 -mno-xl-soft-mul -mhard-float -mxl-float-convert -mxl-float-sqrt -Wl,--no-relax -MMD -MP -MF"src/utilities/fifo_queue.d" -MT"src/utilities/fifo_queue.d" -o "src/utilities/fifo_queue.o" "../src/utilities/fifo_queue.c"
Finished building: ../src/utilities/fifo_queue.c
 
Building file: ../src/backup_controller.c
Invoking: MicroBlaze gcc compiler
mb-gcc -Wall -O0 -g3 -I../../bsp_backup_standalone/backup_controller/include -I/home/controls/TAIGA/Rotary-Inverted-Pendulum/Rotary-Inverted-Pendulum.sdk/global_includes -c -fmessage-length=0 -MT"src/backup_controller.o" -mlittle-endian -mxl-barrel-shift -mxl-pattern-compare -mno-xl-soft-div -mcpu=v9.5 -mno-xl-soft-mul -mhard-float -mxl-float-convert -mxl-float-sqrt -Wl,--no-relax -MMD -MP -MF"src/backup_controller.d" -MT"src/backup_controller.d" -o "src/backup_controller.o" "../src/backup_controller.c"
Finished building: ../src/backup_controller.c
 
Building file: ../src/main_backup.c
Invoking: MicroBlaze gcc compiler
mb-gcc -Wall -O0 -g3 -I../../bsp_backup_standalone/backup_controller/include -I/home/controls/TAIGA/Rotary-Inverted-Pendulum/Rotary-Inverted-Pendulum.sdk/global_includes -c -fmessage-length=0 -MT"src/main_backup.o" -mlittle-endian -mxl-barrel-shift -mxl-pattern-compare -mno-xl-soft-div -mcpu=v9.5 -mno-xl-soft-mul -mhard-float -mxl-float-convert -mxl-float-sqrt -Wl,--no-relax -MMD -MP -MF"src/main_backup.d" -MT"src/main_backup.d" -o "src/main_backup.o" "../src/main_backup.c"
Finished building: ../src/main_backup.c
 
Building file: ../src/pendulum_control.c
Invoking: MicroBlaze gcc compiler
mb-gcc -Wall -O0 -g3 -I../../bsp_backup_standalone/backup_controller/include -I/home/controls/TAIGA/Rotary-Inverted-Pendulum/Rotary-Inverted-Pendulum.sdk/global_includes -c -fmessage-length=0 -MT"src/pendulum_control.o" -mlittle-endian -mxl-barrel-shift -mxl-pattern-compare -mno-xl-soft-div -mcpu=v9.5 -mno-xl-soft-mul -mhard-float -mxl-float-convert -mxl-float-sqrt -Wl,--no-relax -MMD -MP -MF"src/pendulum_control.d" -MT"src/pendulum_control.d" -o "src/pendulum_control.o" "../src/pendulum_control.c"
../src/pendulum_control.c: In function 'getSetPoint':
../src/pendulum_control.c:21:10: warning: pointer targets in passing argument 1 of 'dequeue' differ in signedness [-Wpointer-sign]
  dequeue(buffer);
          ^
In file included from ../src/pendulum_control.h:11:0,
                 from ../src/pendulum_control.c:8:
../src/utilities/fifo_queue.h:22:5: note: expected 'int *' but argument is of type 'unsigned int *'
 int dequeue(int* buffer);
     ^
../src/pendulum_control.c: In function 'readEncoder':
../src/pendulum_control.c:35:10: warning: pointer targets in passing argument 1 of 'dequeue' differ in signedness [-Wpointer-sign]
  dequeue(buffer);
          ^
In file included from ../src/pendulum_control.h:11:0,
                 from ../src/pendulum_control.c:8:
../src/utilities/fifo_queue.h:22:5: note: expected 'int *' but argument is of type 'unsigned int *'
 int dequeue(int* buffer);
     ^
../src/pendulum_control.c: In function 'readADC':
../src/pendulum_control.c:56:10: warning: pointer targets in passing argument 1 of 'dequeue' differ in signedness [-Wpointer-sign]
  dequeue(buffer);
          ^
In file included from ../src/pendulum_control.h:11:0,
                 from ../src/pendulum_control.c:8:
../src/utilities/fifo_queue.h:22:5: note: expected 'int *' but argument is of type 'unsigned int *'
 int dequeue(int* buffer);
     ^
../src/pendulum_control.c: In function 'getStateInformation':
../src/pendulum_control.c:108:23: warning: pointer targets in passing argument 1 of 'dequeue' differ in signedness [-Wpointer-sign]
  int length = dequeue(buffer);
                       ^
In file included from ../src/pendulum_control.h:11:0,
                 from ../src/pendulum_control.c:8:
../src/utilities/fifo_queue.h:22:5: note: expected 'int *' but argument is of type 'unsigned int *'
 int dequeue(int* buffer);
     ^
Finished building: ../src/pendulum_control.c
 
Building target: app_backup_controller.elf
Invoking: MicroBlaze gcc linker
mb-gcc -Wl,-T -Wl,../src/lscript.ld -L../../bsp_backup_standalone/backup_controller/lib -mlittle-endian -mxl-barrel-shift -mxl-pattern-compare -mno-xl-soft-div -mcpu=v9.5 -mno-xl-soft-mul -mhard-float -mxl-float-convert -mxl-float-sqrt -Wl,--no-relax -o "app_backup_controller.elf"  ./src/utilities/axi_gpio.o ./src/utilities/fifo_queue.o  ./src/backup_controller.o ./src/main_backup.o ./src/pendulum_control.o   -Wl,--start-group,-lxil,-lgcc,-lc,--end-group
/opt/Xilinx/SDK/2015.1/gnu/microblaze/lin/bin/../lib/gcc/microblaze-xilinx-elf/4.9.2/../../../../microblaze-xilinx-elf/bin/ld: app_backup_controller.elf section `.text' will not fit in region `backup_controller_local_memory_ilmb_bram_if_cntlr_backup_controller_local_memory_dlmb_bram_if_cntlr'
/opt/Xilinx/SDK/2015.1/gnu/microblaze/lin/bin/../lib/gcc/microblaze-xilinx-elf/4.9.2/../../../../microblaze-xilinx-elf/bin/ld: region `backup_controller_local_memory_ilmb_bram_if_cntlr_backup_controller_local_memory_dlmb_bram_if_cntlr' overflowed by 10081 bytes
collect2: error: ld returned 1 exit status
make: *** [app_backup_controller.elf] Error 1
17:03:43 **** Build of project bsp_ioi_standalone ****
make -k all 
Running Make include in IO_intermediary/libsrc/bram_v4_0/src
make -C IO_intermediary/libsrc/bram_v4_0/src -s include  "SHELL=/bin/sh" "COMPILER=mb-gcc" "ARCHIVER=mb-ar" "COMPILER_FLAGS= -O2 -c -mcpu=v9.5 -mhard-float -mlittle-endian -mno-xl-soft-div -mno-xl-soft-mul -mxl-barrel-shift -mxl-float-convert -mxl-float-sqrt -mxl-pattern-compare" "EXTRA_COMPILER_FLAGS=-g"
Running Make include in IO_intermediary/libsrc/cpu_v2_3/src
make -C IO_intermediary/libsrc/cpu_v2_3/src -s include  "SHELL=/bin/sh" "COMPILER=mb-gcc" "ARCHIVER=mb-ar" "COMPILER_FLAGS= -O2 -c -mcpu=v9.5 -mhard-float -mlittle-endian -mno-xl-soft-div -mno-xl-soft-mul -mxl-barrel-shift -mxl-float-convert -mxl-float-sqrt -mxl-pattern-compare" "EXTRA_COMPILER_FLAGS=-g"
Running Make include in IO_intermediary/libsrc/gpio_v4_0/src
make -C IO_intermediary/libsrc/gpio_v4_0/src -s include  "SHELL=/bin/sh" "COMPILER=mb-gcc" "ARCHIVER=mb-ar" "COMPILER_FLAGS= -O2 -c -mcpu=v9.5 -mhard-float -mlittle-endian -mno-xl-soft-div -mno-xl-soft-mul -mxl-barrel-shift -mxl-float-convert -mxl-float-sqrt -mxl-pattern-compare" "EXTRA_COMPILER_FLAGS=-g"
Running Make include in IO_intermediary/libsrc/intc_v3_3/src
make -C IO_intermediary/libsrc/intc_v3_3/src -s include  "SHELL=/bin/sh" "COMPILER=mb-gcc" "ARCHIVER=mb-ar" "COMPILER_FLAGS= -O2 -c -mcpu=v9.5 -mhard-float -mlittle-endian -mno-xl-soft-div -mno-xl-soft-mul -mxl-barrel-shift -mxl-float-convert -mxl-float-sqrt -mxl-pattern-compare" "EXTRA_COMPILER_FLAGS=-g"
Running Make include in IO_intermediary/libsrc/llfifo_v4_0/src
make -C IO_intermediary/libsrc/llfifo_v4_0/src -s include  "SHELL=/bin/sh" "COMPILER=mb-gcc" "ARCHIVER=mb-ar" "COMPILER_FLAGS= -O2 -c -mcpu=v9.5 -mhard-float -mlittle-endian -mno-xl-soft-div -mno-xl-soft-mul -mxl-barrel-shift -mxl-float-convert -mxl-float-sqrt -mxl-pattern-compare" "EXTRA_COMPILER_FLAGS=-g"
Running Make include in IO_intermediary/libsrc/spi_v4_1/src
make -C IO_intermediary/libsrc/spi_v4_1/src -s include  "SHELL=/bin/sh" "COMPILER=mb-gcc" "ARCHIVER=mb-ar" "COMPILER_FLAGS= -O2 -c -mcpu=v9.5 -mhard-float -mlittle-endian -mno-xl-soft-div -mno-xl-soft-mul -mxl-barrel-shift -mxl-float-convert -mxl-float-sqrt -mxl-pattern-compare" "EXTRA_COMPILER_FLAGS=-g"
Running Make include in IO_intermediary/libsrc/standalone_v5_0/src
make -C IO_intermediary/libsrc/standalone_v5_0/src -s include  "SHELL=/bin/sh" "COMPILER=mb-gcc" "ARCHIVER=mb-ar" "COMPILER_FLAGS= -O2 -c -mcpu=v9.5 -mhard-float -mlittle-endian -mno-xl-soft-div -mno-xl-soft-mul -mxl-barrel-shift -mxl-float-convert -mxl-float-sqrt -mxl-pattern-compare" "EXTRA_COMPILER_FLAGS=-g"
Running Make include in IO_intermediary/libsrc/uartlite_v3_0/src
make -C IO_intermediary/libsrc/uartlite_v3_0/src -s include  "SHELL=/bin/sh" "COMPILER=mb-gcc" "ARCHIVER=mb-ar" "COMPILER_FLAGS= -O2 -c -mcpu=v9.5 -mhard-float -mlittle-endian -mno-xl-soft-div -mno-xl-soft-mul -mxl-barrel-shift -mxl-float-convert -mxl-float-sqrt -mxl-pattern-compare" "EXTRA_COMPILER_FLAGS=-g"
Running Make include in IO_intermediary/libsrc/wdttb_v3_0/src
make -C IO_intermediary/libsrc/wdttb_v3_0/src -s include  "SHELL=/bin/sh" "COMPILER=mb-gcc" "ARCHIVER=mb-ar" "COMPILER_FLAGS= -O2 -c -mcpu=v9.5 -mhard-float -mlittle-endian -mno-xl-soft-div -mno-xl-soft-mul -mxl-barrel-shift -mxl-float-convert -mxl-float-sqrt -mxl-pattern-compare" "EXTRA_COMPILER_FLAGS=-g"
Running Make libs in IO_intermediary/libsrc/bram_v4_0/src
make -C IO_intermediary/libsrc/bram_v4_0/src -s libs  "SHELL=/bin/sh" "COMPILER=mb-gcc" "ARCHIVER=mb-ar" "COMPILER_FLAGS= -O2 -c -mcpu=v9.5 -mhard-float -mlittle-endian -mno-xl-soft-div -mno-xl-soft-mul -mxl-barrel-shift -mxl-float-convert -mxl-float-sqrt -mxl-pattern-compare" "EXTRA_COMPILER_FLAGS=-g"
Compiling bram
mb-ar: creating ../../../lib/libxil.a
Running Make libs in IO_intermediary/libsrc/cpu_v2_3/src
make -C IO_intermediary/libsrc/cpu_v2_3/src -s libs  "SHELL=/bin/sh" "COMPILER=mb-gcc" "ARCHIVER=mb-ar" "COMPILER_FLAGS= -O2 -c -mcpu=v9.5 -mhard-float -mlittle-endian -mno-xl-soft-div -mno-xl-soft-mul -mxl-barrel-shift -mxl-float-convert -mxl-float-sqrt -mxl-pattern-compare" "EXTRA_COMPILER_FLAGS=-g"
Compiling cpu
Running Make libs in IO_intermediary/libsrc/gpio_v4_0/src
make -C IO_intermediary/libsrc/gpio_v4_0/src -s libs  "SHELL=/bin/sh" "COMPILER=mb-gcc" "ARCHIVER=mb-ar" "COMPILER_FLAGS= -O2 -c -mcpu=v9.5 -mhard-float -mlittle-endian -mno-xl-soft-div -mno-xl-soft-mul -mxl-barrel-shift -mxl-float-convert -mxl-float-sqrt -mxl-pattern-compare" "EXTRA_COMPILER_FLAGS=-g"
Compiling gpio
Running Make libs in IO_intermediary/libsrc/intc_v3_3/src
make -C IO_intermediary/libsrc/intc_v3_3/src -s libs  "SHELL=/bin/sh" "COMPILER=mb-gcc" "ARCHIVER=mb-ar" "COMPILER_FLAGS= -O2 -c -mcpu=v9.5 -mhard-float -mlittle-endian -mno-xl-soft-div -mno-xl-soft-mul -mxl-barrel-shift -mxl-float-convert -mxl-float-sqrt -mxl-pattern-compare" "EXTRA_COMPILER_FLAGS=-g"
Compiling intc
Running Make libs in IO_intermediary/libsrc/llfifo_v4_0/src
make -C IO_intermediary/libsrc/llfifo_v4_0/src -s libs  "SHELL=/bin/sh" "COMPILER=mb-gcc" "ARCHIVER=mb-ar" "COMPILER_FLAGS= -O2 -c -mcpu=v9.5 -mhard-float -mlittle-endian -mno-xl-soft-div -mno-xl-soft-mul -mxl-barrel-shift -mxl-float-convert -mxl-float-sqrt -mxl-pattern-compare" "EXTRA_COMPILER_FLAGS=-g"
Compiling llfifo
Running Make libs in IO_intermediary/libsrc/spi_v4_1/src
make -C IO_intermediary/libsrc/spi_v4_1/src -s libs  "SHELL=/bin/sh" "COMPILER=mb-gcc" "ARCHIVER=mb-ar" "COMPILER_FLAGS= -O2 -c -mcpu=v9.5 -mhard-float -mlittle-endian -mno-xl-soft-div -mno-xl-soft-mul -mxl-barrel-shift -mxl-float-convert -mxl-float-sqrt -mxl-pattern-compare" "EXTRA_COMPILER_FLAGS=-g"
Compiling spi
Running Make libs in IO_intermediary/libsrc/standalone_v5_0/src
make -C IO_intermediary/libsrc/standalone_v5_0/src -s libs  "SHELL=/bin/sh" "COMPILER=mb-gcc" "ARCHIVER=mb-ar" "COMPILER_FLAGS= -O2 -c -mcpu=v9.5 -mhard-float -mlittle-endian -mno-xl-soft-div -mno-xl-soft-mul -mxl-barrel-shift -mxl-float-convert -mxl-float-sqrt -mxl-pattern-compare" "EXTRA_COMPILER_FLAGS=-g"
Compiling standalone
Running Make libs in IO_intermediary/libsrc/uartlite_v3_0/src
make -C IO_intermediary/libsrc/uartlite_v3_0/src -s libs  "SHELL=/bin/sh" "COMPILER=mb-gcc" "ARCHIVER=mb-ar" "COMPILER_FLAGS= -O2 -c -mcpu=v9.5 -mhard-float -mlittle-endian -mno-xl-soft-div -mno-xl-soft-mul -mxl-barrel-shift -mxl-float-convert -mxl-float-sqrt -mxl-pattern-compare" "EXTRA_COMPILER_FLAGS=-g"
Compiling uartlite
Running Make libs in IO_intermediary/libsrc/wdttb_v3_0/src
make -C IO_intermediary/libsrc/wdttb_v3_0/src -s libs  "SHELL=/bin/sh" "COMPILER=mb-gcc" "ARCHIVER=mb-ar" "COMPILER_FLAGS= -O2 -c -mcpu=v9.5 -mhard-float -mlittle-endian -mno-xl-soft-div -mno-xl-soft-mul -mxl-barrel-shift -mxl-float-convert -mxl-float-sqrt -mxl-pattern-compare" "EXTRA_COMPILER_FLAGS=-g"
Compiling wdttb
Finished building libraries

**** Build of configuration Debug for project app_ioi ****

Nothing to build for project app_ioi
17:03:46 **** Build of project bsp_production_freertos ****
make -k all 
Running Make include in ps7_cortexa9_1/libsrc/coresightps_dcc_v1_0/src
make -C ps7_cortexa9_1/libsrc/coresightps_dcc_v1_0/src -s include  "SHELL=/bin/sh" "COMPILER=arm-xilinx-eabi-gcc" "ARCHIVER=arm-xilinx-eabi-ar" "COMPILER_FLAGS=  -O2 -c" "EXTRA_COMPILER_FLAGS=-g"
Running Make include in ps7_cortexa9_1/libsrc/cpu_cortexa9_v2_1/src
make -C ps7_cortexa9_1/libsrc/cpu_cortexa9_v2_1/src -s include  "SHELL=/bin/sh" "COMPILER=arm-xilinx-eabi-gcc" "ARCHIVER=arm-xilinx-eabi-ar" "COMPILER_FLAGS=  -O2 -c" "EXTRA_COMPILER_FLAGS=-g"
Running Make include in ps7_cortexa9_1/libsrc/devcfg_v3_2/src
make -C ps7_cortexa9_1/libsrc/devcfg_v3_2/src -s include  "SHELL=/bin/sh" "COMPILER=arm-xilinx-eabi-gcc" "ARCHIVER=arm-xilinx-eabi-ar" "COMPILER_FLAGS=  -O2 -c" "EXTRA_COMPILER_FLAGS=-g"
Running Make include in ps7_cortexa9_1/libsrc/dmaps_v2_1/src
make -C ps7_cortexa9_1/libsrc/dmaps_v2_1/src -s include  "SHELL=/bin/sh" "COMPILER=arm-xilinx-eabi-gcc" "ARCHIVER=arm-xilinx-eabi-ar" "COMPILER_FLAGS=  -O2 -c" "EXTRA_COMPILER_FLAGS=-g"
Running Make include in ps7_cortexa9_1/libsrc/emacps_v3_0/src
make -C ps7_cortexa9_1/libsrc/emacps_v3_0/src -s include  "SHELL=/bin/sh" "COMPILER=arm-xilinx-eabi-gcc" "ARCHIVER=arm-xilinx-eabi-ar" "COMPILER_FLAGS=  -O2 -c" "EXTRA_COMPILER_FLAGS=-g"
Running Make include in ps7_cortexa9_1/libsrc/freertos_zynq_v1_02_a/src
make -C ps7_cortexa9_1/libsrc/freertos_zynq_v1_02_a/src -s include  "SHELL=/bin/sh" "COMPILER=arm-xilinx-eabi-gcc" "ARCHIVER=arm-xilinx-eabi-ar" "COMPILER_FLAGS=  -O2 -c" "EXTRA_COMPILER_FLAGS=-g"
Running Make include in ps7_cortexa9_1/libsrc/gpio_v4_0/src
make -C ps7_cortexa9_1/libsrc/gpio_v4_0/src -s include  "SHELL=/bin/sh" "COMPILER=arm-xilinx-eabi-gcc" "ARCHIVER=arm-xilinx-eabi-ar" "COMPILER_FLAGS=  -O2 -c" "EXTRA_COMPILER_FLAGS=-g"
Running Make include in ps7_cortexa9_1/libsrc/iicps_v3_0/src
make -C ps7_cortexa9_1/libsrc/iicps_v3_0/src -s include  "SHELL=/bin/sh" "COMPILER=arm-xilinx-eabi-gcc" "ARCHIVER=arm-xilinx-eabi-ar" "COMPILER_FLAGS=  -O2 -c" "EXTRA_COMPILER_FLAGS=-g"
Running Make include in ps7_cortexa9_1/libsrc/llfifo_v4_0/src
make -C ps7_cortexa9_1/libsrc/llfifo_v4_0/src -s include  "SHELL=/bin/sh" "COMPILER=arm-xilinx-eabi-gcc" "ARCHIVER=arm-xilinx-eabi-ar" "COMPILER_FLAGS=  -O2 -c" "EXTRA_COMPILER_FLAGS=-g"
Running Make include in ps7_cortexa9_1/libsrc/lwip141_v1_0/src
make -C ps7_cortexa9_1/libsrc/lwip141_v1_0/src -s include  "SHELL=/bin/sh" "COMPILER=arm-xilinx-eabi-gcc" "ARCHIVER=arm-xilinx-eabi-ar" "COMPILER_FLAGS=  -O2 -c" "EXTRA_COMPILER_FLAGS=-g"
Running Make include in ps7_cortexa9_1/libsrc/qspips_v3_2/src
make -C ps7_cortexa9_1/libsrc/qspips_v3_2/src -s include  "SHELL=/bin/sh" "COMPILER=arm-xilinx-eabi-gcc" "ARCHIVER=arm-xilinx-eabi-ar" "COMPILER_FLAGS=  -O2 -c" "EXTRA_COMPILER_FLAGS=-g"
Running Make include in ps7_cortexa9_1/libsrc/scugic_v3_0/src
make -C ps7_cortexa9_1/libsrc/scugic_v3_0/src -s include  "SHELL=/bin/sh" "COMPILER=arm-xilinx-eabi-gcc" "ARCHIVER=arm-xilinx-eabi-ar" "COMPILER_FLAGS=  -O2 -c" "EXTRA_COMPILER_FLAGS=-g"
Running Make include in ps7_cortexa9_1/libsrc/scutimer_v2_1/src
make -C ps7_cortexa9_1/libsrc/scutimer_v2_1/src -s include  "SHELL=/bin/sh" "COMPILER=arm-xilinx-eabi-gcc" "ARCHIVER=arm-xilinx-eabi-ar" "COMPILER_FLAGS=  -O2 -c" "EXTRA_COMPILER_FLAGS=-g"
Running Make include in ps7_cortexa9_1/libsrc/scuwdt_v2_1/src
make -C ps7_cortexa9_1/libsrc/scuwdt_v2_1/src -s include  "SHELL=/bin/sh" "COMPILER=arm-xilinx-eabi-gcc" "ARCHIVER=arm-xilinx-eabi-ar" "COMPILER_FLAGS=  -O2 -c" "EXTRA_COMPILER_FLAGS=-g"
Running Make include in ps7_cortexa9_1/libsrc/sdps_v2_4/src
make -C ps7_cortexa9_1/libsrc/sdps_v2_4/src -s include  "SHELL=/bin/sh" "COMPILER=arm-xilinx-eabi-gcc" "ARCHIVER=arm-xilinx-eabi-ar" "COMPILER_FLAGS=  -O2 -c" "EXTRA_COMPILER_FLAGS=-g"
Running Make include in ps7_cortexa9_1/libsrc/standalone_v4_2/src
make -C ps7_cortexa9_1/libsrc/standalone_v4_2/src -s include  "SHELL=/bin/sh" "COMPILER=arm-xilinx-eabi-gcc" "ARCHIVER=arm-xilinx-eabi-ar" "COMPILER_FLAGS=  -O2 -c" "EXTRA_COMPILER_FLAGS=-g"
Running Make include in ps7_cortexa9_1/libsrc/uartps_v3_0/src
make -C ps7_cortexa9_1/libsrc/uartps_v3_0/src -s include  "SHELL=/bin/sh" "COMPILER=arm-xilinx-eabi-gcc" "ARCHIVER=arm-xilinx-eabi-ar" "COMPILER_FLAGS=  -O2 -c" "EXTRA_COMPILER_FLAGS=-g"
Running Make include in ps7_cortexa9_1/libsrc/usbps_v2_2/src
make -C ps7_cortexa9_1/libsrc/usbps_v2_2/src -s include  "SHELL=/bin/sh" "COMPILER=arm-xilinx-eabi-gcc" "ARCHIVER=arm-xilinx-eabi-ar" "COMPILER_FLAGS=  -O2 -c" "EXTRA_COMPILER_FLAGS=-g"
Running Make include in ps7_cortexa9_1/libsrc/xadcps_v2_1/src
make -C ps7_cortexa9_1/libsrc/xadcps_v2_1/src -s include  "SHELL=/bin/sh" "COMPILER=arm-xilinx-eabi-gcc" "ARCHIVER=arm-xilinx-eabi-ar" "COMPILER_FLAGS=  -O2 -c" "EXTRA_COMPILER_FLAGS=-g"
Running Make include in ps7_cortexa9_1/libsrc/xilmfs_v2_0/src
make -C ps7_cortexa9_1/libsrc/xilmfs_v2_0/src -s include  "SHELL=/bin/sh" "COMPILER=arm-xilinx-eabi-gcc" "ARCHIVER=arm-xilinx-eabi-ar" "COMPILER_FLAGS=  -O2 -c" "EXTRA_COMPILER_FLAGS=-g"
Running Make libs in ps7_cortexa9_1/libsrc/coresightps_dcc_v1_0/src
make -C ps7_cortexa9_1/libsrc/coresightps_dcc_v1_0/src -s libs  "SHELL=/bin/sh" "COMPILER=arm-xilinx-eabi-gcc" "ARCHIVER=arm-xilinx-eabi-ar" "COMPILER_FLAGS=  -O2 -c" "EXTRA_COMPILER_FLAGS=-g"
Compiling coresightps_dcc
arm-xilinx-eabi-ar: creating ../../../lib/libxil.a
Running Make libs in ps7_cortexa9_1/libsrc/cpu_cortexa9_v2_1/src
make -C ps7_cortexa9_1/libsrc/cpu_cortexa9_v2_1/src -s libs  "SHELL=/bin/sh" "COMPILER=arm-xilinx-eabi-gcc" "ARCHIVER=arm-xilinx-eabi-ar" "COMPILER_FLAGS=  -O2 -c" "EXTRA_COMPILER_FLAGS=-g"
Compiling cpu_cortexa9
Running Make libs in ps7_cortexa9_1/libsrc/devcfg_v3_2/src
make -C ps7_cortexa9_1/libsrc/devcfg_v3_2/src -s libs  "SHELL=/bin/sh" "COMPILER=arm-xilinx-eabi-gcc" "ARCHIVER=arm-xilinx-eabi-ar" "COMPILER_FLAGS=  -O2 -c" "EXTRA_COMPILER_FLAGS=-g"
Compiling devcfg
Running Make libs in ps7_cortexa9_1/libsrc/dmaps_v2_1/src
make -C ps7_cortexa9_1/libsrc/dmaps_v2_1/src -s libs  "SHELL=/bin/sh" "COMPILER=arm-xilinx-eabi-gcc" "ARCHIVER=arm-xilinx-eabi-ar" "COMPILER_FLAGS=  -O2 -c" "EXTRA_COMPILER_FLAGS=-g"
Compiling dmaps
Running Make libs in ps7_cortexa9_1/libsrc/emacps_v3_0/src
make -C ps7_cortexa9_1/libsrc/emacps_v3_0/src -s libs  "SHELL=/bin/sh" "COMPILER=arm-xilinx-eabi-gcc" "ARCHIVER=arm-xilinx-eabi-ar" "COMPILER_FLAGS=  -O2 -c" "EXTRA_COMPILER_FLAGS=-g"
Compiling emacps
Running Make libs in ps7_cortexa9_1/libsrc/freertos_zynq_v1_02_a/src
make -C ps7_cortexa9_1/libsrc/freertos_zynq_v1_02_a/src -s libs  "SHELL=/bin/sh" "COMPILER=arm-xilinx-eabi-gcc" "ARCHIVER=arm-xilinx-eabi-ar" "COMPILER_FLAGS=  -O2 -c" "EXTRA_COMPILER_FLAGS=-g"
Compiling FreeRTOS
Running Make libs in ps7_cortexa9_1/libsrc/gpio_v4_0/src
make -C ps7_cortexa9_1/libsrc/gpio_v4_0/src -s libs  "SHELL=/bin/sh" "COMPILER=arm-xilinx-eabi-gcc" "ARCHIVER=arm-xilinx-eabi-ar" "COMPILER_FLAGS=  -O2 -c" "EXTRA_COMPILER_FLAGS=-g"
Compiling gpio
Running Make libs in ps7_cortexa9_1/libsrc/iicps_v3_0/src
make -C ps7_cortexa9_1/libsrc/iicps_v3_0/src -s libs  "SHELL=/bin/sh" "COMPILER=arm-xilinx-eabi-gcc" "ARCHIVER=arm-xilinx-eabi-ar" "COMPILER_FLAGS=  -O2 -c" "EXTRA_COMPILER_FLAGS=-g"
Compiling iicps
Running Make libs in ps7_cortexa9_1/libsrc/llfifo_v4_0/src
make -C ps7_cortexa9_1/libsrc/llfifo_v4_0/src -s libs  "SHELL=/bin/sh" "COMPILER=arm-xilinx-eabi-gcc" "ARCHIVER=arm-xilinx-eabi-ar" "COMPILER_FLAGS=  -O2 -c" "EXTRA_COMPILER_FLAGS=-g"
Compiling llfifo
Running Make libs in ps7_cortexa9_1/libsrc/lwip141_v1_0/src
make -C ps7_cortexa9_1/libsrc/lwip141_v1_0/src -s libs  "SHELL=/bin/sh" "COMPILER=arm-xilinx-eabi-gcc" "ARCHIVER=arm-xilinx-eabi-ar" "COMPILER_FLAGS=  -O2 -c" "EXTRA_COMPILER_FLAGS=-g"
Compiling lwIP
Compiling lwIP adapter for Xilinx MAC
Creating archive liblwip4.a
clean target for lwip
Running Make libs in ps7_cortexa9_1/libsrc/qspips_v3_2/src
make -C ps7_cortexa9_1/libsrc/qspips_v3_2/src -s libs  "SHELL=/bin/sh" "COMPILER=arm-xilinx-eabi-gcc" "ARCHIVER=arm-xilinx-eabi-ar" "COMPILER_FLAGS=  -O2 -c" "EXTRA_COMPILER_FLAGS=-g"
Compiling qspips
Running Make libs in ps7_cortexa9_1/libsrc/scugic_v3_0/src
make -C ps7_cortexa9_1/libsrc/scugic_v3_0/src -s libs  "SHELL=/bin/sh" "COMPILER=arm-xilinx-eabi-gcc" "ARCHIVER=arm-xilinx-eabi-ar" "COMPILER_FLAGS=  -O2 -c" "EXTRA_COMPILER_FLAGS=-g"
Compiling scugic
Running Make libs in ps7_cortexa9_1/libsrc/scutimer_v2_1/src
[...]
make -C ps7_cortexa9_1/libsrc/qspips_v3_2/src -s include  "SHELL=/bin/sh" "COMPILER=arm-xilinx-eabi-gcc" "ARCHIVER=arm-xilinx-eabi-ar" "COMPILER_FLAGS=  -O2 -c" "EXTRA_COMPILER_FLAGS=-g"
Running Make include in ps7_cortexa9_1/libsrc/scugic_v3_0/src
make -C ps7_cortexa9_1/libsrc/scugic_v3_0/src -s include  "SHELL=/bin/sh" "COMPILER=arm-xilinx-eabi-gcc" "ARCHIVER=arm-xilinx-eabi-ar" "COMPILER_FLAGS=  -O2 -c" "EXTRA_COMPILER_FLAGS=-g"
Running Make include in ps7_cortexa9_1/libsrc/scutimer_v2_1/src
make -C ps7_cortexa9_1/libsrc/scutimer_v2_1/src -s include  "SHELL=/bin/sh" "COMPILER=arm-xilinx-eabi-gcc" "ARCHIVER=arm-xilinx-eabi-ar" "COMPILER_FLAGS=  -O2 -c" "EXTRA_COMPILER_FLAGS=-g"
Running Make include in ps7_cortexa9_1/libsrc/scuwdt_v2_1/src
make -C ps7_cortexa9_1/libsrc/scuwdt_v2_1/src -s include  "SHELL=/bin/sh" "COMPILER=arm-xilinx-eabi-gcc" "ARCHIVER=arm-xilinx-eabi-ar" "COMPILER_FLAGS=  -O2 -c" "EXTRA_COMPILER_FLAGS=-g"
Running Make include in ps7_cortexa9_1/libsrc/sdps_v2_4/src
make -C ps7_cortexa9_1/libsrc/sdps_v2_4/src -s include  "SHELL=/bin/sh" "COMPILER=arm-xilinx-eabi-gcc" "ARCHIVER=arm-xilinx-eabi-ar" "COMPILER_FLAGS=  -O2 -c" "EXTRA_COMPILER_FLAGS=-g"
Running Make include in ps7_cortexa9_1/libsrc/standalone_v4_2/src
make -C ps7_cortexa9_1/libsrc/standalone_v4_2/src -s include  "SHELL=/bin/sh" "COMPILER=arm-xilinx-eabi-gcc" "ARCHIVER=arm-xilinx-eabi-ar" "COMPILER_FLAGS=  -O2 -c" "EXTRA_COMPILER_FLAGS=-g"
Running Make include in ps7_cortexa9_1/libsrc/uartps_v3_0/src
make -C ps7_cortexa9_1/libsrc/uartps_v3_0/src -s include  "SHELL=/bin/sh" "COMPILER=arm-xilinx-eabi-gcc" "ARCHIVER=arm-xilinx-eabi-ar" "COMPILER_FLAGS=  -O2 -c" "EXTRA_COMPILER_FLAGS=-g"
Running Make include in ps7_cortexa9_1/libsrc/usbps_v2_2/src
make -C ps7_cortexa9_1/libsrc/usbps_v2_2/src -s include  "SHELL=/bin/sh" "COMPILER=arm-xilinx-eabi-gcc" "ARCHIVER=arm-xilinx-eabi-ar" "COMPILER_FLAGS=  -O2 -c" "EXTRA_COMPILER_FLAGS=-g"
Running Make include in ps7_cortexa9_1/libsrc/xadcps_v2_1/src
make -C ps7_cortexa9_1/libsrc/xadcps_v2_1/src -s include  "SHELL=/bin/sh" "COMPILER=arm-xilinx-eabi-gcc" "ARCHIVER=arm-xilinx-eabi-ar" "COMPILER_FLAGS=  -O2 -c" "EXTRA_COMPILER_FLAGS=-g"
Running Make include in ps7_cortexa9_1/libsrc/xilmfs_v2_0/src
make -C ps7_cortexa9_1/libsrc/xilmfs_v2_0/src -s include  "SHELL=/bin/sh" "COMPILER=arm-xilinx-eabi-gcc" "ARCHIVER=arm-xilinx-eabi-ar" "COMPILER_FLAGS=  -O2 -c" "EXTRA_COMPILER_FLAGS=-g"
Running Make libs in ps7_cortexa9_1/libsrc/coresightps_dcc_v1_0/src
make -C ps7_cortexa9_1/libsrc/coresightps_dcc_v1_0/src -s libs  "SHELL=/bin/sh" "COMPILER=arm-xilinx-eabi-gcc" "ARCHIVER=arm-xilinx-eabi-ar" "COMPILER_FLAGS=  -O2 -c" "EXTRA_COMPILER_FLAGS=-g"
Compiling coresightps_dcc
arm-xilinx-eabi-ar: creating ../../../lib/libxil.a
Running Make libs in ps7_cortexa9_1/libsrc/cpu_cortexa9_v2_1/src
make -C ps7_cortexa9_1/libsrc/cpu_cortexa9_v2_1/src -s libs  "SHELL=/bin/sh" "COMPILER=arm-xilinx-eabi-gcc" "ARCHIVER=arm-xilinx-eabi-ar" "COMPILER_FLAGS=  -O2 -c" "EXTRA_COMPILER_FLAGS=-g"
Compiling cpu_cortexa9
Running Make libs in ps7_cortexa9_1/libsrc/devcfg_v3_2/src
make -C ps7_cortexa9_1/libsrc/devcfg_v3_2/src -s libs  "SHELL=/bin/sh" "COMPILER=arm-xilinx-eabi-gcc" "ARCHIVER=arm-xilinx-eabi-ar" "COMPILER_FLAGS=  -O2 -c" "EXTRA_COMPILER_FLAGS=-g"
Compiling devcfg
Running Make libs in ps7_cortexa9_1/libsrc/dmaps_v2_1/src
make -C ps7_cortexa9_1/libsrc/dmaps_v2_1/src -s libs  "SHELL=/bin/sh" "COMPILER=arm-xilinx-eabi-gcc" "ARCHIVER=arm-xilinx-eabi-ar" "COMPILER_FLAGS=  -O2 -c" "EXTRA_COMPILER_FLAGS=-g"
Compiling dmaps
Running Make libs in ps7_cortexa9_1/libsrc/emacps_v3_0/src
make -C ps7_cortexa9_1/libsrc/emacps_v3_0/src -s libs  "SHELL=/bin/sh" "COMPILER=arm-xilinx-eabi-gcc" "ARCHIVER=arm-xilinx-eabi-ar" "COMPILER_FLAGS=  -O2 -c" "EXTRA_COMPILER_FLAGS=-g"
Compiling emacps
Running Make libs in ps7_cortexa9_1/libsrc/freertos_zynq_v1_02_a/src
make -C ps7_cortexa9_1/libsrc/freertos_zynq_v1_02_a/src -s libs  "SHELL=/bin/sh" "COMPILER=arm-xilinx-eabi-gcc" "ARCHIVER=arm-xilinx-eabi-ar" "COMPILER_FLAGS=  -O2 -c" "EXTRA_COMPILER_FLAGS=-g"
Compiling FreeRTOS
Running Make libs in ps7_cortexa9_1/libsrc/gpio_v4_0/src
make -C ps7_cortexa9_1/libsrc/gpio_v4_0/src -s libs  "SHELL=/bin/sh" "COMPILER=arm-xilinx-eabi-gcc" "ARCHIVER=arm-xilinx-eabi-ar" "COMPILER_FLAGS=  -O2 -c" "EXTRA_COMPILER_FLAGS=-g"
Compiling gpio
Running Make libs in ps7_cortexa9_1/libsrc/iicps_v3_0/src
make -C ps7_cortexa9_1/libsrc/iicps_v3_0/src -s libs  "SHELL=/bin/sh" "COMPILER=arm-xilinx-eabi-gcc" "ARCHIVER=arm-xilinx-eabi-ar" "COMPILER_FLAGS=  -O2 -c" "EXTRA_COMPILER_FLAGS=-g"
Compiling iicps
Running Make libs in ps7_cortexa9_1/libsrc/llfifo_v4_0/src
make -C ps7_cortexa9_1/libsrc/llfifo_v4_0/src -s libs  "SHELL=/bin/sh" "COMPILER=arm-xilinx-eabi-gcc" "ARCHIVER=arm-xilinx-eabi-ar" "COMPILER_FLAGS=  -O2 -c" "EXTRA_COMPILER_FLAGS=-g"
Compiling llfifo
Running Make libs in ps7_cortexa9_1/libsrc/lwip141_v1_0/src
make -C ps7_cortexa9_1/libsrc/lwip141_v1_0/src -s libs  "SHELL=/bin/sh" "COMPILER=arm-xilinx-eabi-gcc" "ARCHIVER=arm-xilinx-eabi-ar" "COMPILER_FLAGS=  -O2 -c" "EXTRA_COMPILER_FLAGS=-g"
Compiling lwIP
Compiling lwIP adapter for Xilinx MAC
Creating archive liblwip4.a
clean target for lwip
Running Make libs in ps7_cortexa9_1/libsrc/qspips_v3_2/src
make -C ps7_cortexa9_1/libsrc/qspips_v3_2/src -s libs  "SHELL=/bin/sh" "COMPILER=arm-xilinx-eabi-gcc" "ARCHIVER=arm-xilinx-eabi-ar" "COMPILER_FLAGS=  -O2 -c" "EXTRA_COMPILER_FLAGS=-g"
Compiling qspips
Running Make libs in ps7_cortexa9_1/libsrc/scugic_v3_0/src
make -C ps7_cortexa9_1/libsrc/scugic_v3_0/src -s libs  "SHELL=/bin/sh" "COMPILER=arm-xilinx-eabi-gcc" "ARCHIVER=arm-xilinx-eabi-ar" "COMPILER_FLAGS=  -O2 -c" "EXTRA_COMPILER_FLAGS=-g"
Compiling scugic
Running Make libs in ps7_cortexa9_1/libsrc/scutimer_v2_1/src
make -C ps7_cortexa9_1/libsrc/scutimer_v2_1/src -s libs  "SHELL=/bin/sh" "COMPILER=arm-xilinx-eabi-gcc" "ARCHIVER=arm-xilinx-eabi-ar" "COMPILER_FLAGS=  -O2 -c" "EXTRA_COMPILER_FLAGS=-g"
Compiling scutimer
Running Make libs in ps7_cortexa9_1/libsrc/scuwdt_v2_1/src
make -C ps7_cortexa9_1/libsrc/scuwdt_v2_1/src -s libs  "SHELL=/bin/sh" "COMPILER=arm-xilinx-eabi-gcc" "ARCHIVER=arm-xilinx-eabi-ar" "COMPILER_FLAGS=  -O2 -c" "EXTRA_COMPILER_FLAGS=-g"
Compiling scuwdt
Running Make libs in ps7_cortexa9_1/libsrc/sdps_v2_4/src
make -C ps7_cortexa9_1/libsrc/sdps_v2_4/src -s libs  "SHELL=/bin/sh" "COMPILER=arm-xilinx-eabi-gcc" "ARCHIVER=arm-xilinx-eabi-ar" "COMPILER_FLAGS=  -O2 -c" "EXTRA_COMPILER_FLAGS=-g"
Compiling sdps
Running Make libs in ps7_cortexa9_1/libsrc/standalone_v4_2/src
make -C ps7_cortexa9_1/libsrc/standalone_v4_2/src -s libs  "SHELL=/bin/sh" "COMPILER=arm-xilinx-eabi-gcc" "ARCHIVER=arm-xilinx-eabi-ar" "COMPILER_FLAGS=  -O2 -c" "EXTRA_COMPILER_FLAGS=-g"
Compiling standalone
Running Make libs in ps7_cortexa9_1/libsrc/uartps_v3_0/src
make -C ps7_cortexa9_1/libsrc/uartps_v3_0/src -s libs  "SHELL=/bin/sh" "COMPILER=arm-xilinx-eabi-gcc" "ARCHIVER=arm-xilinx-eabi-ar" "COMPILER_FLAGS=  -O2 -c" "EXTRA_COMPILER_FLAGS=-g"
Compiling uartps
Running Make libs in ps7_cortexa9_1/libsrc/usbps_v2_2/src
make -C ps7_cortexa9_1/libsrc/usbps_v2_2/src -s libs  "SHELL=/bin/sh" "COMPILER=arm-xilinx-eabi-gcc" "ARCHIVER=arm-xilinx-eabi-ar" "COMPILER_FLAGS=  -O2 -c" "EXTRA_COMPILER_FLAGS=-g"
Compiling usbps
Running Make libs in ps7_cortexa9_1/libsrc/xadcps_v2_1/src
make -C ps7_cortexa9_1/libsrc/xadcps_v2_1/src -s libs  "SHELL=/bin/sh" "COMPILER=arm-xilinx-eabi-gcc" "ARCHIVER=arm-xilinx-eabi-ar" "COMPILER_FLAGS=  -O2 -c" "EXTRA_COMPILER_FLAGS=-g"
Compiling xadcps
Running Make libs in ps7_cortexa9_1/libsrc/xilmfs_v2_0/src
make -C ps7_cortexa9_1/libsrc/xilmfs_v2_0/src -s libs  "SHELL=/bin/sh" "COMPILER=arm-xilinx-eabi-gcc" "ARCHIVER=arm-xilinx-eabi-ar" "COMPILER_FLAGS=  -O2 -c" "EXTRA_COMPILER_FLAGS=-g"
Finished building libraries
22:03:40 **** Build of configuration Debug for project app_production_controller ****
make all 
Building file: ../src/utilities/axi_gpio.c
Invoking: ARM gcc compiler
arm-xilinx-eabi-gcc -Wall -O0 -g3 -I../../bsp_production_freertos/ps7_cortexa9_1/include -I/home/controls/TAIGA/Rotary-Inverted-Pendulum/Rotary-Inverted-Pendulum.sdk/global_includes -c -fmessage-length=0 -MT"src/utilities/axi_gpio.o" -MMD -MP -MF"src/utilities/axi_gpio.d" -MT"src/utilities/axi_gpio.d" -o "src/utilities/axi_gpio.o" "../src/utilities/axi_gpio.c"
Finished building: ../src/utilities/axi_gpio.c
 
Building file: ../src/utilities/fifo_queue.c
Invoking: ARM gcc compiler
arm-xilinx-eabi-gcc -Wall -O0 -g3 -I../../bsp_production_freertos/ps7_cortexa9_1/include -I/home/controls/TAIGA/Rotary-Inverted-Pendulum/Rotary-Inverted-Pendulum.sdk/global_includes -c -fmessage-length=0 -MT"src/utilities/fifo_queue.o" -MMD -MP -MF"src/utilities/fifo_queue.d" -MT"src/utilities/fifo_queue.d" -o "src/utilities/fifo_queue.o" "../src/utilities/fifo_queue.c"
Finished building: ../src/utilities/fifo_queue.c
 
Building file: ../src/main_production.c
Invoking: ARM gcc compiler
arm-xilinx-eabi-gcc -Wall -O0 -g3 -I../../bsp_production_freertos/ps7_cortexa9_1/include -I/home/controls/TAIGA/Rotary-Inverted-Pendulum/Rotary-Inverted-Pendulum.sdk/global_includes -c -fmessage-length=0 -MT"src/main_production.o" -MMD -MP -MF"src/main_production.d" -MT"src/main_production.d" -o "src/main_production.o" "../src/main_production.c"
Finished building: ../src/main_production.c
 
Building file: ../src/pendulum_control.c
Invoking: ARM gcc compiler
arm-xilinx-eabi-gcc -Wall -O0 -g3 -I../../bsp_production_freertos/ps7_cortexa9_1/include -I/home/controls/TAIGA/Rotary-Inverted-Pendulum/Rotary-Inverted-Pendulum.sdk/global_includes -c -fmessage-length=0 -MT"src/pendulum_control.o" -MMD -MP -MF"src/pendulum_control.d" -MT"src/pendulum_control.d" -o "src/pendulum_control.o" "../src/pendulum_control.c"
../src/pendulum_control.c: In function 'getSetPoint':
../src/pendulum_control.c:21:2: warning: pointer targets in passing argument 1 of 'dequeue' differ in signedness [-Wpointer-sign]
  dequeue(buffer);
  ^
In file included from ../src/pendulum_control.h:11:0,
                 from ../src/pendulum_control.c:8:
../src/utilities/fifo_queue.h:22:5: note: expected 'int *' but argument is of type 'unsigned int *'
 int dequeue(int* buffer);
     ^
../src/pendulum_control.c: In function 'readEncoder':
../src/pendulum_control.c:35:2: warning: pointer targets in passing argument 1 of 'dequeue' differ in signedness [-Wpointer-sign]
  dequeue(buffer);
  ^
In file included from ../src/pendulum_control.h:11:0,
                 from ../src/pendulum_control.c:8:
../src/utilities/fifo_queue.h:22:5: note: expected 'int *' but argument is of type 'unsigned int *'
 int dequeue(int* buffer);
     ^
../src/pendulum_control.c: In function 'readADC':
../src/pendulum_control.c:56:2: warning: pointer targets in passing argument 1 of 'dequeue' differ in signedness [-Wpointer-sign]
  dequeue(buffer);
  ^
In file included from ../src/pendulum_control.h:11:0,
                 from ../src/pendulum_control.c:8:
../src/utilities/fifo_queue.h:22:5: note: expected 'int *' but argument is of type 'unsigned int *'
 int dequeue(int* buffer);
     ^
Finished building: ../src/pendulum_control.c
 
Building file: ../src/production_controller.c
Invoking: ARM gcc compiler
arm-xilinx-eabi-gcc -Wall -O0 -g3 -I../../bsp_production_freertos/ps7_cortexa9_1/include -I/home/controls/TAIGA/Rotary-Inverted-Pendulum/Rotary-Inverted-Pendulum.sdk/global_includes -c -fmessage-length=0 -MT"src/production_controller.o" -MMD -MP -MF"src/production_controller.d" -MT"src/production_controller.d" -o "src/production_controller.o" "../src/production_controller.c"
../src/production_controller.c: In function 'startProductionControl':
../src/production_controller.c:38:2: warning: implicit declaration of function 'xil_printf' [-Wimplicit-function-declaration]
  xil_printf("Production Controller Timer started\n");
  ^
Finished building: ../src/production_controller.c
 
Building target: app_production_controller.elf
Invoking: ARM gcc linker
arm-xilinx-eabi-gcc -Wl,-T -Wl,../src/lscript.ld -L../../bsp_production_freertos/ps7_cortexa9_1/lib -o "app_production_controller.elf"  ./src/utilities/axi_gpio.o ./src/utilities/fifo_queue.o  ./src/main_production.o ./src/pendulum_control.o ./src/production_controller.o   -Wl,--start-group,-lxil,-lfreertos,-lgcc,-lc,--end-group -Wl,--start-group,-lxil,-llwip4,-lgcc,-lc,--end-group
Finished building target: app_production_controller.elf
 
Invoking: ARM Print Size
arm-xilinx-eabi-size app_production_controller.elf  |tee "app_production_controller.elf.size"
   text	   data	    bss	    dec	    hex	filename
  74416	   3152	  23324	 100892	  18a1c	app_production_controller.elf
Finished building: app_production_controller.elf.size
 
22:06:06 **** Auto Build of configuration Debug for project app_ioi ****
make all 
Building file: ../src/main_ioi.c
Invoking: MicroBlaze gcc compiler
mb-gcc -Wall -O0 -g3 -I../../bsp_ioi_standalone/IO_intermediary/include -I/home/controls/TAIGA/Rotary-Inverted-Pendulum/Rotary-Inverted-Pendulum.sdk/global_includes -c -fmessage-length=0 -MT"src/main_ioi.o" -mlittle-endian -mxl-barrel-shift -mxl-pattern-compare -mno-xl-soft-div -mcpu=v9.5 -mno-xl-soft-mul -mhard-float -mxl-float-convert -mxl-float-sqrt -Wl,--no-relax -MMD -MP -MF"src/main_ioi.d" -MT"src/main_ioi.d" -o "src/main_ioi.o" "../src/main_ioi.c"
../src/main_ioi.c: In function 'main':
../src/main_ioi.c:99:3: warning: implicit declaration of function 'supervisor_update_set_point' [-Wimplicit-function-declaration]
   supervisor_update_set_point();
   ^
Finished building: ../src/main_ioi.c
 
Building target: app_ioi.elf
Invoking: MicroBlaze gcc linker
mb-gcc -Wl,-T -Wl,../src/lscript.ld -L../../bsp_ioi_standalone/IO_intermediary/lib -mlittle-endian -mxl-barrel-shift -mxl-pattern-compare -mno-xl-soft-div -mcpu=v9.5 -mno-xl-soft-mul -mhard-float -mxl-float-convert -mxl-float-sqrt -Wl,--no-relax -o "app_ioi.elf"  ./src/utilities/axi_gpio.o ./src/utilities/axi_spi.o ./src/utilities/axi_uart.o ./src/utilities/fifo_queue_wdt.o ./src/utilities/interrupt_controller.o  ./src/ioi_handler.o ./src/main_ioi.o ./src/pendulum_control.o ./src/supervisory_communication.o ./src/trigger_mechanisms.o   -Wl,--start-group,-lxil,-lgcc,-lc,--end-group
Finished building target: app_ioi.elf
 
Invoking: MicroBlaze Print Size
mb-size app_ioi.elf  |tee "app_ioi.elf.size"
   text	   data	    bss	    dec	    hex	filename
  45164	    472	   2764	  48400	   bd10	app_ioi.elf
Finished building: app_ioi.elf.size
 
22:06:06 **** Incremental Build of configuration Debug for project app_backup_controller ****
make all 
make: Nothing to be done for `all'.
22:06:07 **** Incremental Build of configuration Debug for project app_ioi ****
make all 
make: Nothing to be done for `all'.
22:06:07 **** Incremental Build of configuration Debug for project app_production_controller ****
make all 
make: Nothing to be done for `all'.
22:10:02 **** Incremental Build of configuration Debug for project app_backup_controller ****
make all 
make: Nothing to be done for `all'.
22:10:02 **** Incremental Build of configuration Debug for project app_ioi ****
make all 
make: Nothing to be done for `all'.
22:10:03 **** Incremental Build of configuration Debug for project app_production_controller ****
make all 
make: Nothing to be done for `all'.
22:10:11 **** Incremental Build of configuration Debug for project app_backup_controller ****
make all 
make: Nothing to be done for `all'.
22:10:11 **** Incremental Build of configuration Debug for project app_ioi ****
make all 
make: Nothing to be done for `all'.
22:10:11 **** Incremental Build of configuration Debug for project app_production_controller ****
make all 
make: Nothing to be done for `all'.
22:10:38 **** Incremental Build of configuration Debug for project app_backup_controller ****
make all 
make: Nothing to be done for `all'.
22:10:38 **** Incremental Build of configuration Debug for project app_ioi ****
make all 
make: Nothing to be done for `all'.
22:10:39 **** Incremental Build of configuration Debug for project app_production_controller ****
make all 
make: Nothing to be done for `all'.
00:33:43 **** Auto Build of configuration Debug for project app_backup_controller ****
make all 
Building file: ../src/backup_controller.c
Invoking: MicroBlaze gcc compiler
mb-gcc -Wall -O0 -g3 -I../../bsp_backup_standalone/backup_controller/include -I/home/controls/TAIGA/Rotary-Inverted-Pendulum/Rotary-Inverted-Pendulum.sdk/global_includes -c -fmessage-length=0 -MT"src/backup_controller.o" -mlittle-endian -mxl-barrel-shift -mxl-pattern-compare -mno-xl-soft-div -mcpu=v9.5 -mno-xl-soft-mul -mhard-float -mxl-float-convert -mxl-float-sqrt -Wl,--no-relax -MMD -MP -MF"src/backup_controller.d" -MT"src/backup_controller.d" -o "src/backup_controller.o" "../src/backup_controller.c"
Finished building: ../src/backup_controller.c
 
Building file: ../src/main_backup.c
Invoking: MicroBlaze gcc compiler
mb-gcc -Wall -O0 -g3 -I../../bsp_backup_standalone/backup_controller/include -I/home/controls/TAIGA/Rotary-Inverted-Pendulum/Rotary-Inverted-Pendulum.sdk/global_includes -c -fmessage-length=0 -MT"src/main_backup.o" -mlittle-endian -mxl-barrel-shift -mxl-pattern-compare -mno-xl-soft-div -mcpu=v9.5 -mno-xl-soft-mul -mhard-float -mxl-float-convert -mxl-float-sqrt -Wl,--no-relax -MMD -MP -MF"src/main_backup.d" -MT"src/main_backup.d" -o "src/main_backup.o" "../src/main_backup.c"
Finished building: ../src/main_backup.c
 
Building target: app_backup_controller.elf
Invoking: MicroBlaze gcc linker
mb-gcc -Wl,-T -Wl,../src/lscript.ld -L../../bsp_backup_standalone/backup_controller/lib -mlittle-endian -mxl-barrel-shift -mxl-pattern-compare -mno-xl-soft-div -mcpu=v9.5 -mno-xl-soft-mul -mhard-float -mxl-float-convert -mxl-float-sqrt -Wl,--no-relax -o "app_backup_controller.elf"  ./src/utilities/axi_gpio.o ./src/utilities/fifo_queue.o  ./src/backup_controller.o ./src/main_backup.o ./src/pendulum_control.o   -Wl,--start-group,-lxil,-lgcc,-lc,--end-group
Finished building target: app_backup_controller.elf
 
Invoking: MicroBlaze Print Size
mb-size app_backup_controller.elf  |tee "app_backup_controller.elf.size"
   text	   data	    bss	    dec	    hex	filename
  23898	    372	   2578	  26848	   68e0	app_backup_controller.elf
Finished building: app_backup_controller.elf.size
 
00:33:50 **** Incremental Build of configuration Debug for project app_backup_controller ****
make all 
make: Nothing to be done for `all'.
00:33:50 **** Incremental Build of configuration Debug for project app_ioi ****
make all 
make: Nothing to be done for `all'.
00:33:51 **** Incremental Build of configuration Debug for project app_production_controller ****
make all 
make: Nothing to be done for `all'.
00:34:52 **** Incremental Build of configuration Debug for project app_backup_controller ****
make all 
make: Nothing to be done for `all'.
00:34:52 **** Incremental Build of configuration Debug for project app_ioi ****
make all 
make: Nothing to be done for `all'.
00:34:53 **** Incremental Build of configuration Debug for project app_production_controller ****
make all 
make: Nothing to be done for `all'.
00:35:05 **** Incremental Build of configuration Debug for project app_backup_controller ****
make all 
make: Nothing to be done for `all'.
00:35:06 **** Incremental Build of configuration Debug for project app_ioi ****
make all 
make: Nothing to be done for `all'.
00:35:06 **** Incremental Build of configuration Debug for project app_production_controller ****
make all 
make: Nothing to be done for `all'.
00:35:11 **** Incremental Build of configuration Debug for project app_backup_controller ****
make all 
make: Nothing to be done for `all'.
00:35:11 **** Incremental Build of configuration Debug for project app_ioi ****
make all 
make: Nothing to be done for `all'.
00:35:12 **** Incremental Build of configuration Debug for project app_production_controller ****
make all 
make: Nothing to be done for `all'.
